<?xml version="1.0" encoding="ISO-8859-1" ?>
<link_info>
   <banner>MSP430 Linker PC v18.1.4.LTS</banner>
   <copyright>Copyright (c) 2003-2018 Texas Instruments Incorporated</copyright>
   <link_time>0x5c18eb3a</link_time>
   <link_errors>0x0</link_errors>
   <output_file>Signal_Reader.out</output_file>
   <entry_point>
      <name>_c_int00_noargs</name>
      <address>0x8208</address>
   </entry_point>
   <input_file_list>
      <input_file id="fl-2">
         <path>.\</path>
         <kind>object</kind>
         <file>HAL_FLASH.obj</file>
         <name>HAL_FLASH.obj</name>
      </input_file>
      <input_file id="fl-3">
         <path>.\</path>
         <kind>object</kind>
         <file>HAL_PMAP.obj</file>
         <name>HAL_PMAP.obj</name>
      </input_file>
      <input_file id="fl-4">
         <path>.\</path>
         <kind>object</kind>
         <file>HAL_PMM.obj</file>
         <name>HAL_PMM.obj</name>
      </input_file>
      <input_file id="fl-5">
         <path>.\</path>
         <kind>object</kind>
         <file>HAL_TLV.obj</file>
         <name>HAL_TLV.obj</name>
      </input_file>
      <input_file id="fl-6">
         <path>.\</path>
         <kind>object</kind>
         <file>HAL_UCS.obj</file>
         <name>HAL_UCS.obj</name>
      </input_file>
      <input_file id="fl-7">
         <path>.\</path>
         <kind>object</kind>
         <file>main.obj</file>
         <name>main.obj</name>
      </input_file>
      <input_file id="fl-8">
         <path>.\LCD_TFT_Driver\</path>
         <kind>object</kind>
         <file>ADC.obj</file>
         <name>ADC.obj</name>
      </input_file>
      <input_file id="fl-9">
         <path>.\LCD_TFT_Driver\</path>
         <kind>object</kind>
         <file>BQ27410_FuelGauge.obj</file>
         <name>BQ27410_FuelGauge.obj</name>
      </input_file>
      <input_file id="fl-a">
         <path>.\LCD_TFT_Driver\</path>
         <kind>object</kind>
         <file>Buzzer.obj</file>
         <name>Buzzer.obj</name>
      </input_file>
      <input_file id="fl-b">
         <path>.\LCD_TFT_Driver\</path>
         <kind>object</kind>
         <file>CC1101.obj</file>
         <name>CC1101.obj</name>
      </input_file>
      <input_file id="fl-c">
         <path>.\LCD_TFT_Driver\</path>
         <kind>object</kind>
         <file>CD405x_Multiplexer.obj</file>
         <name>CD405x_Multiplexer.obj</name>
      </input_file>
      <input_file id="fl-d">
         <path>.\LCD_TFT_Driver\</path>
         <kind>object</kind>
         <file>CTS_HAL.obj</file>
         <name>CTS_HAL.obj</name>
      </input_file>
      <input_file id="fl-e">
         <path>.\LCD_TFT_Driver\</path>
         <kind>object</kind>
         <file>CTS_Layer.obj</file>
         <name>CTS_Layer.obj</name>
      </input_file>
      <input_file id="fl-f">
         <path>.\LCD_TFT_Driver\</path>
         <kind>object</kind>
         <file>DC_Motor.obj</file>
         <name>DC_Motor.obj</name>
      </input_file>
      <input_file id="fl-10">
         <path>.\LCD_TFT_Driver\</path>
         <kind>object</kind>
         <file>Generic.obj</file>
         <name>Generic.obj</name>
      </input_file>
      <input_file id="fl-11">
         <path>.\LCD_TFT_Driver\</path>
         <kind>object</kind>
         <file>HAL_SDCard.obj</file>
         <name>HAL_SDCard.obj</name>
      </input_file>
      <input_file id="fl-12">
         <path>.\LCD_TFT_Driver\</path>
         <kind>object</kind>
         <file>HR202_Humidity.obj</file>
         <name>HR202_Humidity.obj</name>
      </input_file>
      <input_file id="fl-13">
         <path>.\LCD_TFT_Driver\</path>
         <kind>object</kind>
         <file>I2C.obj</file>
         <name>I2C.obj</name>
      </input_file>
      <input_file id="fl-14">
         <path>.\LCD_TFT_Driver\</path>
         <kind>object</kind>
         <file>INA21x.obj</file>
         <name>INA21x.obj</name>
      </input_file>
      <input_file id="fl-15">
         <path>.\LCD_TFT_Driver\</path>
         <kind>object</kind>
         <file>Interrupt.obj</file>
         <name>Interrupt.obj</name>
      </input_file>
      <input_file id="fl-16">
         <path>.\LCD_TFT_Driver\</path>
         <kind>object</kind>
         <file>Key.obj</file>
         <name>Key.obj</name>
      </input_file>
      <input_file id="fl-17">
         <path>.\LCD_TFT_Driver\</path>
         <kind>object</kind>
         <file>LCD_Segment.obj</file>
         <name>LCD_Segment.obj</name>
      </input_file>
      <input_file id="fl-18">
         <path>.\LCD_TFT_Driver\</path>
         <kind>object</kind>
         <file>LCD_TFT_ILI9325.obj</file>
         <name>LCD_TFT_ILI9325.obj</name>
      </input_file>
      <input_file id="fl-19">
         <path>.\LCD_TFT_Driver\</path>
         <kind>object</kind>
         <file>LED_Segment.obj</file>
         <name>LED_Segment.obj</name>
      </input_file>
      <input_file id="fl-1a">
         <path>.\LCD_TFT_Driver\</path>
         <kind>object</kind>
         <file>Main1.obj</file>
         <name>Main1.obj</name>
      </input_file>
      <input_file id="fl-1b">
         <path>.\LCD_TFT_Driver\</path>
         <kind>object</kind>
         <file>MatrixKey.obj</file>
         <name>MatrixKey.obj</name>
      </input_file>
      <input_file id="fl-1c">
         <path>.\LCD_TFT_Driver\</path>
         <kind>object</kind>
         <file>MyProject.obj</file>
         <name>MyProject.obj</name>
      </input_file>
      <input_file id="fl-1d">
         <path>.\LCD_TFT_Driver\</path>
         <kind>object</kind>
         <file>MyProject_Deal_State.obj</file>
         <name>MyProject_Deal_State.obj</name>
      </input_file>
      <input_file id="fl-1e">
         <path>.\LCD_TFT_Driver\</path>
         <kind>object</kind>
         <file>MyProject_Initial_State.obj</file>
         <name>MyProject_Initial_State.obj</name>
      </input_file>
      <input_file id="fl-1f">
         <path>.\LCD_TFT_Driver\</path>
         <kind>object</kind>
         <file>MyProject_Set_LCD_TFT.obj</file>
         <name>MyProject_Set_LCD_TFT.obj</name>
      </input_file>
      <input_file id="fl-20">
         <path>.\LCD_TFT_Driver\</path>
         <kind>object</kind>
         <file>NTC_Temperature.obj</file>
         <name>NTC_Temperature.obj</name>
      </input_file>
      <input_file id="fl-21">
         <path>.\LCD_TFT_Driver\</path>
         <kind>object</kind>
         <file>RTC.obj</file>
         <name>RTC.obj</name>
      </input_file>
      <input_file id="fl-22">
         <path>.\LCD_TFT_Driver\</path>
         <kind>object</kind>
         <file>SDaccess.obj</file>
         <name>SDaccess.obj</name>
      </input_file>
      <input_file id="fl-23">
         <path>.\LCD_TFT_Driver\</path>
         <kind>object</kind>
         <file>SPI.obj</file>
         <name>SPI.obj</name>
      </input_file>
      <input_file id="fl-24">
         <path>.\LCD_TFT_Driver\</path>
         <kind>object</kind>
         <file>Speaker.obj</file>
         <name>Speaker.obj</name>
      </input_file>
      <input_file id="fl-25">
         <path>.\LCD_TFT_Driver\</path>
         <kind>object</kind>
         <file>Step_Motor.obj</file>
         <name>Step_Motor.obj</name>
      </input_file>
      <input_file id="fl-26">
         <path>.\LCD_TFT_Driver\</path>
         <kind>object</kind>
         <file>System.obj</file>
         <name>System.obj</name>
      </input_file>
      <input_file id="fl-27">
         <path>.\LCD_TFT_Driver\</path>
         <kind>object</kind>
         <file>TM1638.obj</file>
         <name>TM1638.obj</name>
      </input_file>
      <input_file id="fl-28">
         <path>.\LCD_TFT_Driver\</path>
         <kind>object</kind>
         <file>TMP006_Temperature.obj</file>
         <name>TMP006_Temperature.obj</name>
      </input_file>
      <input_file id="fl-29">
         <path>.\LCD_TFT_Driver\</path>
         <kind>object</kind>
         <file>TMP100_Temperature.obj</file>
         <name>TMP100_Temperature.obj</name>
      </input_file>
      <input_file id="fl-2a">
         <path>.\LCD_TFT_Driver\</path>
         <kind>object</kind>
         <file>Timer.obj</file>
         <name>Timer.obj</name>
      </input_file>
      <input_file id="fl-2b">
         <path>.\LCD_TFT_Driver\</path>
         <kind>object</kind>
         <file>Touch_Pad.obj</file>
         <name>Touch_Pad.obj</name>
      </input_file>
      <input_file id="fl-2c">
         <path>.\LCD_TFT_Driver\</path>
         <kind>object</kind>
         <file>UART.obj</file>
         <name>UART.obj</name>
      </input_file>
      <input_file id="fl-2d">
         <path>.\LCD_TFT_Driver\</path>
         <kind>object</kind>
         <file>UART_IrDA.obj</file>
         <name>UART_IrDA.obj</name>
      </input_file>
      <input_file id="fl-2e">
         <path>.\LCD_TFT_Driver\</path>
         <kind>object</kind>
         <file>UART_RS232.obj</file>
         <name>UART_RS232.obj</name>
      </input_file>
      <input_file id="fl-2f">
         <path>.\LCD_TFT_Driver\</path>
         <kind>object</kind>
         <file>UART_RS485.obj</file>
         <name>UART_RS485.obj</name>
      </input_file>
      <input_file id="fl-30">
         <path>.\LCD_TFT_Driver\</path>
         <kind>object</kind>
         <file>ff.obj</file>
         <name>ff.obj</name>
      </input_file>
      <input_file id="fl-31">
         <path>.\LCD_TFT_Driver\</path>
         <kind>object</kind>
         <file>mmc.obj</file>
         <name>mmc.obj</name>
      </input_file>
      <input_file id="fl-32">
         <path>.\LCD_TFT_Driver\</path>
         <kind>object</kind>
         <file>structure.obj</file>
         <name>structure.obj</name>
      </input_file>
      <input_file id="fl-38">
         <kind>object</kind>
         <file>&lt;internal&gt;</file>
         <name>&lt;internal&gt;</name>
      </input_file>
      <input_file id="fl-53">
         <path>C:\ti\ccsv8\tools\compiler\ti-cgt-msp430_18.1.4.LTS\lib\</path>
         <kind>archive</kind>
         <file>rts430x_lc_rd_eabi.lib</file>
         <name>s_sin.c.obj</name>
      </input_file>
      <input_file id="fl-54">
         <path>C:\ti\ccsv8\tools\compiler\ti-cgt-msp430_18.1.4.LTS\lib\</path>
         <kind>archive</kind>
         <file>rts430x_lc_rd_eabi.lib</file>
         <name>div16s.asm.obj</name>
      </input_file>
      <input_file id="fl-55">
         <path>C:\ti\ccsv8\tools\compiler\ti-cgt-msp430_18.1.4.LTS\lib\</path>
         <kind>archive</kind>
         <file>rts430x_lc_rd_eabi.lib</file>
         <name>div16u.asm.obj</name>
      </input_file>
      <input_file id="fl-56">
         <path>C:\ti\ccsv8\tools\compiler\ti-cgt-msp430_18.1.4.LTS\lib\</path>
         <kind>archive</kind>
         <file>rts430x_lc_rd_eabi.lib</file>
         <name>div32s.asm.obj</name>
      </input_file>
      <input_file id="fl-57">
         <path>C:\ti\ccsv8\tools\compiler\ti-cgt-msp430_18.1.4.LTS\lib\</path>
         <kind>archive</kind>
         <file>rts430x_lc_rd_eabi.lib</file>
         <name>div32u.asm.obj</name>
      </input_file>
      <input_file id="fl-58">
         <path>C:\ti\ccsv8\tools\compiler\ti-cgt-msp430_18.1.4.LTS\lib\</path>
         <kind>archive</kind>
         <file>rts430x_lc_rd_eabi.lib</file>
         <name>fs_add.asm.obj</name>
      </input_file>
      <input_file id="fl-59">
         <path>C:\ti\ccsv8\tools\compiler\ti-cgt-msp430_18.1.4.LTS\lib\</path>
         <kind>archive</kind>
         <file>rts430x_lc_rd_eabi.lib</file>
         <name>fs_mpy.asm.obj</name>
      </input_file>
      <input_file id="fl-5a">
         <path>C:\ti\ccsv8\tools\compiler\ti-cgt-msp430_18.1.4.LTS\lib\</path>
         <kind>archive</kind>
         <file>rts430x_lc_rd_eabi.lib</file>
         <name>fs_neg.asm.obj</name>
      </input_file>
      <input_file id="fl-5b">
         <path>C:\ti\ccsv8\tools\compiler\ti-cgt-msp430_18.1.4.LTS\lib\</path>
         <kind>archive</kind>
         <file>rts430x_lc_rd_eabi.lib</file>
         <name>fs_toi.asm.obj</name>
      </input_file>
      <input_file id="fl-5c">
         <path>C:\ti\ccsv8\tools\compiler\ti-cgt-msp430_18.1.4.LTS\lib\</path>
         <kind>archive</kind>
         <file>rts430x_lc_rd_eabi.lib</file>
         <name>int38.asm.obj</name>
      </input_file>
      <input_file id="fl-5d">
         <path>C:\ti\ccsv8\tools\compiler\ti-cgt-msp430_18.1.4.LTS\lib\</path>
         <kind>archive</kind>
         <file>rts430x_lc_rd_eabi.lib</file>
         <name>int39.asm.obj</name>
      </input_file>
      <input_file id="fl-5e">
         <path>C:\ti\ccsv8\tools\compiler\ti-cgt-msp430_18.1.4.LTS\lib\</path>
         <kind>archive</kind>
         <file>rts430x_lc_rd_eabi.lib</file>
         <name>int41.asm.obj</name>
      </input_file>
      <input_file id="fl-5f">
         <path>C:\ti\ccsv8\tools\compiler\ti-cgt-msp430_18.1.4.LTS\lib\</path>
         <kind>archive</kind>
         <file>rts430x_lc_rd_eabi.lib</file>
         <name>int42.asm.obj</name>
      </input_file>
      <input_file id="fl-60">
         <path>C:\ti\ccsv8\tools\compiler\ti-cgt-msp430_18.1.4.LTS\lib\</path>
         <kind>archive</kind>
         <file>rts430x_lc_rd_eabi.lib</file>
         <name>int43.asm.obj</name>
      </input_file>
      <input_file id="fl-61">
         <path>C:\ti\ccsv8\tools\compiler\ti-cgt-msp430_18.1.4.LTS\lib\</path>
         <kind>archive</kind>
         <file>rts430x_lc_rd_eabi.lib</file>
         <name>int44.asm.obj</name>
      </input_file>
      <input_file id="fl-62">
         <path>C:\ti\ccsv8\tools\compiler\ti-cgt-msp430_18.1.4.LTS\lib\</path>
         <kind>archive</kind>
         <file>rts430x_lc_rd_eabi.lib</file>
         <name>int45.asm.obj</name>
      </input_file>
      <input_file id="fl-63">
         <path>C:\ti\ccsv8\tools\compiler\ti-cgt-msp430_18.1.4.LTS\lib\</path>
         <kind>archive</kind>
         <file>rts430x_lc_rd_eabi.lib</file>
         <name>int47.asm.obj</name>
      </input_file>
      <input_file id="fl-64">
         <path>C:\ti\ccsv8\tools\compiler\ti-cgt-msp430_18.1.4.LTS\lib\</path>
         <kind>archive</kind>
         <file>rts430x_lc_rd_eabi.lib</file>
         <name>int50.asm.obj</name>
      </input_file>
      <input_file id="fl-65">
         <path>C:\ti\ccsv8\tools\compiler\ti-cgt-msp430_18.1.4.LTS\lib\</path>
         <kind>archive</kind>
         <file>rts430x_lc_rd_eabi.lib</file>
         <name>int51.asm.obj</name>
      </input_file>
      <input_file id="fl-66">
         <path>C:\ti\ccsv8\tools\compiler\ti-cgt-msp430_18.1.4.LTS\lib\</path>
         <kind>archive</kind>
         <file>rts430x_lc_rd_eabi.lib</file>
         <name>int53.asm.obj</name>
      </input_file>
      <input_file id="fl-67">
         <path>C:\ti\ccsv8\tools\compiler\ti-cgt-msp430_18.1.4.LTS\lib\</path>
         <kind>archive</kind>
         <file>rts430x_lc_rd_eabi.lib</file>
         <name>int55.asm.obj</name>
      </input_file>
      <input_file id="fl-68">
         <path>C:\ti\ccsv8\tools\compiler\ti-cgt-msp430_18.1.4.LTS\lib\</path>
         <kind>archive</kind>
         <file>rts430x_lc_rd_eabi.lib</file>
         <name>int56.asm.obj</name>
      </input_file>
      <input_file id="fl-69">
         <path>C:\ti\ccsv8\tools\compiler\ti-cgt-msp430_18.1.4.LTS\lib\</path>
         <kind>archive</kind>
         <file>rts430x_lc_rd_eabi.lib</file>
         <name>int57.asm.obj</name>
      </input_file>
      <input_file id="fl-6a">
         <path>C:\ti\ccsv8\tools\compiler\ti-cgt-msp430_18.1.4.LTS\lib\</path>
         <kind>archive</kind>
         <file>rts430x_lc_rd_eabi.lib</file>
         <name>int58.asm.obj</name>
      </input_file>
      <input_file id="fl-6b">
         <path>C:\ti\ccsv8\tools\compiler\ti-cgt-msp430_18.1.4.LTS\lib\</path>
         <kind>archive</kind>
         <file>rts430x_lc_rd_eabi.lib</file>
         <name>int59.asm.obj</name>
      </input_file>
      <input_file id="fl-6c">
         <path>C:\ti\ccsv8\tools\compiler\ti-cgt-msp430_18.1.4.LTS\lib\</path>
         <kind>archive</kind>
         <file>rts430x_lc_rd_eabi.lib</file>
         <name>int60.asm.obj</name>
      </input_file>
      <input_file id="fl-6d">
         <path>C:\ti\ccsv8\tools\compiler\ti-cgt-msp430_18.1.4.LTS\lib\</path>
         <kind>archive</kind>
         <file>rts430x_lc_rd_eabi.lib</file>
         <name>int61.asm.obj</name>
      </input_file>
      <input_file id="fl-6e">
         <path>C:\ti\ccsv8\tools\compiler\ti-cgt-msp430_18.1.4.LTS\lib\</path>
         <kind>archive</kind>
         <file>rts430x_lc_rd_eabi.lib</file>
         <name>int62.asm.obj</name>
      </input_file>
      <input_file id="fl-6f">
         <path>C:\ti\ccsv8\tools\compiler\ti-cgt-msp430_18.1.4.LTS\lib\</path>
         <kind>archive</kind>
         <file>rts430x_lc_rd_eabi.lib</file>
         <name>isr_trap.asm.obj</name>
      </input_file>
      <input_file id="fl-70">
         <path>C:\ti\ccsv8\tools\compiler\ti-cgt-msp430_18.1.4.LTS\lib\</path>
         <kind>archive</kind>
         <file>rts430x_lc_rd_eabi.lib</file>
         <name>lsl32.asm.obj</name>
      </input_file>
      <input_file id="fl-71">
         <path>C:\ti\ccsv8\tools\compiler\ti-cgt-msp430_18.1.4.LTS\lib\</path>
         <kind>archive</kind>
         <file>rts430x_lc_rd_eabi.lib</file>
         <name>lsr32.asm.obj</name>
      </input_file>
      <input_file id="fl-72">
         <path>C:\ti\ccsv8\tools\compiler\ti-cgt-msp430_18.1.4.LTS\lib\</path>
         <kind>archive</kind>
         <file>rts430x_lc_rd_eabi.lib</file>
         <name>mult16.asm.obj</name>
      </input_file>
      <input_file id="fl-73">
         <path>C:\ti\ccsv8\tools\compiler\ti-cgt-msp430_18.1.4.LTS\lib\</path>
         <kind>archive</kind>
         <file>rts430x_lc_rd_eabi.lib</file>
         <name>mult16_f5hw.asm.obj</name>
      </input_file>
      <input_file id="fl-74">
         <path>C:\ti\ccsv8\tools\compiler\ti-cgt-msp430_18.1.4.LTS\lib\</path>
         <kind>archive</kind>
         <file>rts430x_lc_rd_eabi.lib</file>
         <name>mult1632_f5hw.asm.obj</name>
      </input_file>
      <input_file id="fl-75">
         <path>C:\ti\ccsv8\tools\compiler\ti-cgt-msp430_18.1.4.LTS\lib\</path>
         <kind>archive</kind>
         <file>rts430x_lc_rd_eabi.lib</file>
         <name>mult32.asm.obj</name>
      </input_file>
      <input_file id="fl-76">
         <path>C:\ti\ccsv8\tools\compiler\ti-cgt-msp430_18.1.4.LTS\lib\</path>
         <kind>archive</kind>
         <file>rts430x_lc_rd_eabi.lib</file>
         <name>mult32_f5hw.asm.obj</name>
      </input_file>
      <input_file id="fl-77">
         <path>C:\ti\ccsv8\tools\compiler\ti-cgt-msp430_18.1.4.LTS\lib\</path>
         <kind>archive</kind>
         <file>rts430x_lc_rd_eabi.lib</file>
         <name>mult3264_f5hw.asm.obj</name>
      </input_file>
      <input_file id="fl-78">
         <path>C:\ti\ccsv8\tools\compiler\ti-cgt-msp430_18.1.4.LTS\lib\</path>
         <kind>archive</kind>
         <file>rts430x_lc_rd_eabi.lib</file>
         <name>mult64_f5hw.asm.obj</name>
      </input_file>
      <input_file id="fl-79">
         <path>C:\ti\ccsv8\tools\compiler\ti-cgt-msp430_18.1.4.LTS\lib\</path>
         <kind>archive</kind>
         <file>rts430x_lc_rd_eabi.lib</file>
         <name>boot.c.obj</name>
      </input_file>
      <input_file id="fl-7a">
         <path>C:\ti\ccsv8\tools\compiler\ti-cgt-msp430_18.1.4.LTS\lib\</path>
         <kind>archive</kind>
         <file>rts430x_lc_rd_eabi.lib</file>
         <name>autoinit.c.obj</name>
      </input_file>
      <input_file id="fl-7b">
         <path>C:\ti\ccsv8\tools\compiler\ti-cgt-msp430_18.1.4.LTS\lib\</path>
         <kind>archive</kind>
         <file>rts430x_lc_rd_eabi.lib</file>
         <name>copy_zero_init.c.obj</name>
      </input_file>
      <input_file id="fl-7c">
         <path>C:\ti\ccsv8\tools\compiler\ti-cgt-msp430_18.1.4.LTS\lib\</path>
         <kind>archive</kind>
         <file>rts430x_lc_rd_eabi.lib</file>
         <name>cpy_tbl.c.obj</name>
      </input_file>
      <input_file id="fl-7d">
         <path>C:\ti\ccsv8\tools\compiler\ti-cgt-msp430_18.1.4.LTS\lib\</path>
         <kind>archive</kind>
         <file>rts430x_lc_rd_eabi.lib</file>
         <name>mpu_init.c.obj</name>
      </input_file>
      <input_file id="fl-7e">
         <path>C:\ti\ccsv8\tools\compiler\ti-cgt-msp430_18.1.4.LTS\lib\</path>
         <kind>archive</kind>
         <file>rts430x_lc_rd_eabi.lib</file>
         <name>lsr64.c.obj</name>
      </input_file>
      <input_file id="fl-7f">
         <path>C:\ti\ccsv8\tools\compiler\ti-cgt-msp430_18.1.4.LTS\lib\</path>
         <kind>archive</kind>
         <file>rts430x_lc_rd_eabi.lib</file>
         <name>pre_init.c.obj</name>
      </input_file>
      <input_file id="fl-80">
         <path>C:\ti\ccsv8\tools\compiler\ti-cgt-msp430_18.1.4.LTS\lib\</path>
         <kind>archive</kind>
         <file>rts430x_lc_rd_eabi.lib</file>
         <name>startup.c.obj</name>
      </input_file>
      <input_file id="fl-81">
         <path>C:\ti\ccsv8\tools\compiler\ti-cgt-msp430_18.1.4.LTS\lib\</path>
         <kind>archive</kind>
         <file>rts430x_lc_rd_eabi.lib</file>
         <name>copy_decompress_none.c.obj</name>
      </input_file>
      <input_file id="fl-82">
         <path>C:\ti\ccsv8\tools\compiler\ti-cgt-msp430_18.1.4.LTS\lib\</path>
         <kind>archive</kind>
         <file>rts430x_lc_rd_eabi.lib</file>
         <name>copy_decompress_lzss.c.obj</name>
      </input_file>
      <input_file id="fl-83">
         <path>C:\ti\ccsv8\tools\compiler\ti-cgt-msp430_18.1.4.LTS\lib\</path>
         <kind>archive</kind>
         <file>rts430x_lc_rd_eabi.lib</file>
         <name>addd.c.obj</name>
      </input_file>
      <input_file id="fl-84">
         <path>C:\ti\ccsv8\tools\compiler\ti-cgt-msp430_18.1.4.LTS\lib\</path>
         <kind>archive</kind>
         <file>rts430x_lc_rd_eabi.lib</file>
         <name>cmpd.c.obj</name>
      </input_file>
      <input_file id="fl-85">
         <path>C:\ti\ccsv8\tools\compiler\ti-cgt-msp430_18.1.4.LTS\lib\</path>
         <kind>archive</kind>
         <file>rts430x_lc_rd_eabi.lib</file>
         <name>divd.c.obj</name>
      </input_file>
      <input_file id="fl-86">
         <path>C:\ti\ccsv8\tools\compiler\ti-cgt-msp430_18.1.4.LTS\lib\</path>
         <kind>archive</kind>
         <file>rts430x_lc_rd_eabi.lib</file>
         <name>fixdi.c.obj</name>
      </input_file>
      <input_file id="fl-87">
         <path>C:\ti\ccsv8\tools\compiler\ti-cgt-msp430_18.1.4.LTS\lib\</path>
         <kind>archive</kind>
         <file>rts430x_lc_rd_eabi.lib</file>
         <name>fixdli.c.obj</name>
      </input_file>
      <input_file id="fl-88">
         <path>C:\ti\ccsv8\tools\compiler\ti-cgt-msp430_18.1.4.LTS\lib\</path>
         <kind>archive</kind>
         <file>rts430x_lc_rd_eabi.lib</file>
         <name>fixdu.c.obj</name>
      </input_file>
      <input_file id="fl-89">
         <path>C:\ti\ccsv8\tools\compiler\ti-cgt-msp430_18.1.4.LTS\lib\</path>
         <kind>archive</kind>
         <file>rts430x_lc_rd_eabi.lib</file>
         <name>fixdul.c.obj</name>
      </input_file>
      <input_file id="fl-8a">
         <path>C:\ti\ccsv8\tools\compiler\ti-cgt-msp430_18.1.4.LTS\lib\</path>
         <kind>archive</kind>
         <file>rts430x_lc_rd_eabi.lib</file>
         <name>fltlid.c.obj</name>
      </input_file>
      <input_file id="fl-8b">
         <path>C:\ti\ccsv8\tools\compiler\ti-cgt-msp430_18.1.4.LTS\lib\</path>
         <kind>archive</kind>
         <file>rts430x_lc_rd_eabi.lib</file>
         <name>fltud.c.obj</name>
      </input_file>
      <input_file id="fl-8c">
         <path>C:\ti\ccsv8\tools\compiler\ti-cgt-msp430_18.1.4.LTS\lib\</path>
         <kind>archive</kind>
         <file>rts430x_lc_rd_eabi.lib</file>
         <name>fltuld.c.obj</name>
      </input_file>
      <input_file id="fl-8d">
         <path>C:\ti\ccsv8\tools\compiler\ti-cgt-msp430_18.1.4.LTS\lib\</path>
         <kind>archive</kind>
         <file>rts430x_lc_rd_eabi.lib</file>
         <name>frcaddd.c.obj</name>
      </input_file>
      <input_file id="fl-8e">
         <path>C:\ti\ccsv8\tools\compiler\ti-cgt-msp430_18.1.4.LTS\lib\</path>
         <kind>archive</kind>
         <file>rts430x_lc_rd_eabi.lib</file>
         <name>frcdivd.c.obj</name>
      </input_file>
      <input_file id="fl-8f">
         <path>C:\ti\ccsv8\tools\compiler\ti-cgt-msp430_18.1.4.LTS\lib\</path>
         <kind>archive</kind>
         <file>rts430x_lc_rd_eabi.lib</file>
         <name>mpyd.c.obj</name>
      </input_file>
      <input_file id="fl-90">
         <path>C:\ti\ccsv8\tools\compiler\ti-cgt-msp430_18.1.4.LTS\lib\</path>
         <kind>archive</kind>
         <file>rts430x_lc_rd_eabi.lib</file>
         <name>negd.c.obj</name>
      </input_file>
      <input_file id="fl-91">
         <path>C:\ti\ccsv8\tools\compiler\ti-cgt-msp430_18.1.4.LTS\lib\</path>
         <kind>archive</kind>
         <file>rts430x_lc_rd_eabi.lib</file>
         <name>renormd.c.obj</name>
      </input_file>
      <input_file id="fl-92">
         <path>C:\ti\ccsv8\tools\compiler\ti-cgt-msp430_18.1.4.LTS\lib\</path>
         <kind>archive</kind>
         <file>rts430x_lc_rd_eabi.lib</file>
         <name>subd.c.obj</name>
      </input_file>
      <input_file id="fl-93">
         <path>C:\ti\ccsv8\tools\compiler\ti-cgt-msp430_18.1.4.LTS\lib\</path>
         <kind>archive</kind>
         <file>rts430x_lc_rd_eabi.lib</file>
         <name>exit.c.obj</name>
      </input_file>
      <input_file id="fl-94">
         <path>C:\ti\ccsv8\tools\compiler\ti-cgt-msp430_18.1.4.LTS\lib\</path>
         <kind>archive</kind>
         <file>rts430x_lc_rd_eabi.lib</file>
         <name>_lock.c.obj</name>
      </input_file>
      <input_file id="fl-95">
         <path>C:\ti\ccsv8\tools\compiler\ti-cgt-msp430_18.1.4.LTS\lib\</path>
         <kind>archive</kind>
         <file>rts430x_lc_rd_eabi.lib</file>
         <name>args_main.c.obj</name>
      </input_file>
      <input_file id="fl-96">
         <path>C:\ti\ccsv8\tools\compiler\ti-cgt-msp430_18.1.4.LTS\lib\</path>
         <kind>archive</kind>
         <file>rts430x_lc_rd_eabi.lib</file>
         <name>memcpy.c.obj</name>
      </input_file>
      <input_file id="fl-97">
         <path>C:\ti\ccsv8\tools\compiler\ti-cgt-msp430_18.1.4.LTS\lib\</path>
         <kind>archive</kind>
         <file>rts430x_lc_rd_eabi.lib</file>
         <name>memset.c.obj</name>
      </input_file>
      <input_file id="fl-98">
         <path>C:\ti\ccsv8\tools\compiler\ti-cgt-msp430_18.1.4.LTS\lib\</path>
         <kind>archive</kind>
         <file>rts430x_lc_rd_eabi.lib</file>
         <name>k_rem_pio2.c.obj</name>
      </input_file>
      <input_file id="fl-99">
         <path>C:\ti\ccsv8\tools\compiler\ti-cgt-msp430_18.1.4.LTS\lib\</path>
         <kind>archive</kind>
         <file>rts430x_lc_rd_eabi.lib</file>
         <name>k_cos.c.obj</name>
      </input_file>
      <input_file id="fl-9a">
         <path>C:\ti\ccsv8\tools\compiler\ti-cgt-msp430_18.1.4.LTS\lib\</path>
         <kind>archive</kind>
         <file>rts430x_lc_rd_eabi.lib</file>
         <name>k_sin.c.obj</name>
      </input_file>
      <input_file id="fl-9b">
         <path>C:\ti\ccsv8\tools\compiler\ti-cgt-msp430_18.1.4.LTS\lib\</path>
         <kind>archive</kind>
         <file>rts430x_lc_rd_eabi.lib</file>
         <name>s_floor.c.obj</name>
      </input_file>
      <input_file id="fl-9c">
         <path>C:\ti\ccsv8\tools\compiler\ti-cgt-msp430_18.1.4.LTS\lib\</path>
         <kind>archive</kind>
         <file>rts430x_lc_rd_eabi.lib</file>
         <name>s_scalbn.c.obj</name>
      </input_file>
      <input_file id="fl-9d">
         <path>C:\ti\ccsv8\tools\compiler\ti-cgt-msp430_18.1.4.LTS\lib\</path>
         <kind>archive</kind>
         <file>rts430x_lc_rd_eabi.lib</file>
         <name>s_copysign.c.obj</name>
      </input_file>
      <input_file id="fl-9e">
         <path>C:\ti\ccsv8\tools\compiler\ti-cgt-msp430_18.1.4.LTS\lib\</path>
         <kind>archive</kind>
         <file>rts430x_lc_rd_eabi.lib</file>
         <name>asr32.asm.obj</name>
      </input_file>
      <input_file id="fl-9f">
         <path>C:\ti\ccsv8\tools\compiler\ti-cgt-msp430_18.1.4.LTS\lib\</path>
         <kind>archive</kind>
         <file>rts430x_lc_rd_eabi.lib</file>
         <name>lsl16.asm.obj</name>
      </input_file>
      <input_file id="fl-a0">
         <path>C:\ti\ccsv8\tools\compiler\ti-cgt-msp430_18.1.4.LTS\lib\</path>
         <kind>archive</kind>
         <file>rts430x_lc_rd_eabi.lib</file>
         <name>exit_gvars.c.obj</name>
      </input_file>
      <input_file id="fl-a1">
         <path>C:\ti\ccsv8\tools\compiler\ti-cgt-msp430_18.1.4.LTS\lib\</path>
         <kind>archive</kind>
         <file>rts430x_lc_rd_eabi.lib</file>
         <name>frcmpyd.c.obj</name>
      </input_file>
      <input_file id="fl-a2">
         <path>C:\ti\ccsv8\tools\compiler\ti-cgt-msp430_18.1.4.LTS\lib\</path>
         <kind>archive</kind>
         <file>rts430x_lc_rd_eabi.lib</file>
         <name>errno.c.obj</name>
      </input_file>
   </input_file_list>
   <object_component_list>
      <object_component id="oc-503">
         <name>.common:results</name>
         <uninitialized>true</uninitialized>
         <run_address>0x2692</run_address>
         <size>0x24</size>
      </object_component>
      <object_component id="oc-506">
         <name>.common:average</name>
         <uninitialized>true</uninitialized>
         <run_address>0x2718</run_address>
         <size>0x2</size>
      </object_component>
      <object_component id="oc-507">
         <name>.common:con</name>
         <uninitialized>true</uninitialized>
         <run_address>0x26ca</run_address>
         <size>0xa</size>
      </object_component>
      <object_component id="oc-50e">
         <name>.common:trans_v</name>
         <uninitialized>true</uninitialized>
         <run_address>0x26de</run_address>
         <size>0xa</size>
      </object_component>
      <object_component id="oc-515">
         <name>.common:lcd_data</name>
         <uninitialized>true</uninitialized>
         <run_address>0x26d4</run_address>
         <size>0xa</size>
      </object_component>
      <object_component id="oc-6b9">
         <name>.common:ADC_FlagBits</name>
         <uninitialized>true</uninitialized>
         <run_address>0x26f0</run_address>
         <size>0x2</size>
      </object_component>
      <object_component id="oc-76d">
         <name>.common:BuzzFlagBits</name>
         <uninitialized>true</uninitialized>
         <run_address>0x26f6</run_address>
         <size>0x2</size>
      </object_component>
      <object_component id="oc-776">
         <name>.common:BuzzTimeNum</name>
         <uninitialized>true</uninitialized>
         <run_address>0x26e8</run_address>
         <size>0x4</size>
      </object_component>
      <object_component id="oc-7ee">
         <name>.common:BuzzAlarmCycleCnt</name>
         <uninitialized>true</uninitialized>
         <run_address>0x26f2</run_address>
         <size>0x2</size>
      </object_component>
      <object_component id="oc-7ef">
         <name>.common:BuzzAlarmCycleNum</name>
         <uninitialized>true</uninitialized>
         <run_address>0x26f4</run_address>
         <size>0x2</size>
      </object_component>
      <object_component id="oc-591">
         <name>.common:DC_Motor_FlagBits</name>
         <uninitialized>true</uninitialized>
         <run_address>0x26f8</run_address>
         <size>0x2</size>
      </object_component>
      <object_component id="oc-58a">
         <name>.common:HR202_Humidity_FlagBits</name>
         <uninitialized>true</uninitialized>
         <run_address>0x26fa</run_address>
         <size>0x2</size>
      </object_component>
      <object_component id="oc-6b6">
         <name>.common:INA21x_FlagBits</name>
         <uninitialized>true</uninitialized>
         <run_address>0x26fc</run_address>
         <size>0x2</size>
      </object_component>
      <object_component id="oc-769">
         <name>.common:KeyFlagBits</name>
         <uninitialized>true</uninitialized>
         <run_address>0x26fe</run_address>
         <size>0x2</size>
      </object_component>
      <object_component id="oc-6b3">
         <name>.common:LCD_Seg_FlagBits</name>
         <uninitialized>true</uninitialized>
         <run_address>0x2700</run_address>
         <size>0x2</size>
      </object_component>
      <object_component id="oc-6b1">
         <name>.common:LCD_TFT_FlagBits</name>
         <uninitialized>true</uninitialized>
         <run_address>0x2702</run_address>
         <size>0x2</size>
      </object_component>
      <object_component id="oc-702">
         <name>.common:Update_01Bits</name>
         <uninitialized>true</uninitialized>
         <run_address>0x2712</run_address>
         <size>0x2</size>
      </object_component>
      <object_component id="oc-703">
         <name>.common:Update_02Bits</name>
         <uninitialized>true</uninitialized>
         <run_address>0x2714</run_address>
         <size>0x2</size>
      </object_component>
      <object_component id="oc-704">
         <name>.common:Update_03Bits</name>
         <uninitialized>true</uninitialized>
         <run_address>0x2716</run_address>
         <size>0x2</size>
      </object_component>
      <object_component id="oc-705">
         <name>.common:hightLight_01Bits</name>
         <uninitialized>true</uninitialized>
         <run_address>0x271a</run_address>
         <size>0x2</size>
      </object_component>
      <object_component id="oc-706">
         <name>.common:hightLight_02Bits</name>
         <uninitialized>true</uninitialized>
         <run_address>0x271c</run_address>
         <size>0x2</size>
      </object_component>
      <object_component id="oc-7a4">
         <name>.common:G_LcdBuf</name>
         <uninitialized>true</uninitialized>
         <run_address>0x2400</run_address>
         <size>0x268</size>
      </object_component>
      <object_component id="oc-698">
         <name>.common:LED_Seg_FlagBits</name>
         <uninitialized>true</uninitialized>
         <run_address>0x2704</run_address>
         <size>0x2</size>
      </object_component>
      <object_component id="oc-762">
         <name>.common:MatrixKeyFlagBits</name>
         <uninitialized>true</uninitialized>
         <run_address>0x2706</run_address>
         <size>0x2</size>
      </object_component>
      <object_component id="oc-6bc">
         <name>.common:NTC_TMP_FlagBits</name>
         <uninitialized>true</uninitialized>
         <run_address>0x2708</run_address>
         <size>0x2</size>
      </object_component>
      <object_component id="oc-69b">
         <name>.common:SpeakerFlagBits</name>
         <uninitialized>true</uninitialized>
         <run_address>0x270a</run_address>
         <size>0x2</size>
      </object_component>
      <object_component id="oc-596">
         <name>.common:sin_table</name>
         <uninitialized>true</uninitialized>
         <run_address>0x26b6</run_address>
         <size>0x14</size>
      </object_component>
      <object_component id="oc-595">
         <name>.common:sin_data_pr</name>
         <uninitialized>true</uninitialized>
         <run_address>0x26ec</run_address>
         <size>0x4</size>
      </object_component>
      <object_component id="oc-585">
         <name>.common:period_table</name>
         <uninitialized>true</uninitialized>
         <run_address>0x2668</run_address>
         <size>0x2a</size>
      </object_component>
      <object_component id="oc-581">
         <name>.common:key</name>
         <uninitialized>true</uninitialized>
         <run_address>0x2720</run_address>
         <size>0x2</size>
      </object_component>
      <object_component id="oc-57c">
         <name>.common:m</name>
         <uninitialized>true</uninitialized>
         <run_address>0x2722</run_address>
         <size>0x2</size>
      </object_component>
      <object_component id="oc-580">
         <name>.common:n</name>
         <uninitialized>true</uninitialized>
         <run_address>0x2724</run_address>
         <size>0x2</size>
      </object_component>
      <object_component id="oc-579">
         <name>.common:k</name>
         <uninitialized>true</uninitialized>
         <run_address>0x271e</run_address>
         <size>0x2</size>
      </object_component>
      <object_component id="oc-6bf">
         <name>.common:Step_Motor_FlagBits</name>
         <uninitialized>true</uninitialized>
         <run_address>0x270c</run_address>
         <size>0x2</size>
      </object_component>
      <object_component id="oc-68d">
         <name>.common:TimeFlag1Bits</name>
         <uninitialized>true</uninitialized>
         <run_address>0x270e</run_address>
         <size>0x2</size>
      </object_component>
      <object_component id="oc-691">
         <name>.common:TimeFlag2Bits</name>
         <uninitialized>true</uninitialized>
         <run_address>0x2710</run_address>
         <size>0x2</size>
      </object_component>
      <object_component id="oc-4c6">
         <name>.data</name>
         <load_address>0x2812</load_address>
         <run_address>0x2812</run_address>
         <size>0x6</size>
         <input_file_ref idref="fl-7"/>
      </object_component>
      <object_component id="oc-671">
         <name>.data</name>
         <load_address>0x2828</load_address>
         <run_address>0x2828</run_address>
         <size>0x3</size>
         <input_file_ref idref="fl-8"/>
      </object_component>
      <object_component id="oc-58e">
         <name>.data</name>
         <load_address>0x2818</load_address>
         <run_address>0x2818</run_address>
         <size>0x5</size>
         <input_file_ref idref="fl-f"/>
      </object_component>
      <object_component id="oc-587">
         <name>.data</name>
         <load_address>0x27fe</load_address>
         <run_address>0x27fe</run_address>
         <size>0xb</size>
         <input_file_ref idref="fl-12"/>
      </object_component>
      <object_component id="oc-766">
         <name>.data</name>
         <load_address>0x280a</load_address>
         <run_address>0x280a</run_address>
         <size>0x8</size>
         <input_file_ref idref="fl-16"/>
      </object_component>
      <object_component id="oc-707">
         <name>.data</name>
         <load_address>0x27b6</load_address>
         <run_address>0x27b6</run_address>
         <size>0x20</size>
         <input_file_ref idref="fl-18"/>
      </object_component>
      <object_component id="oc-75f">
         <name>.data</name>
         <load_address>0x27f0</load_address>
         <run_address>0x27f0</run_address>
         <size>0xe</size>
         <input_file_ref idref="fl-1b"/>
      </object_component>
      <object_component id="oc-74d">
         <name>.data</name>
         <load_address>0x2824</load_address>
         <run_address>0x2824</run_address>
         <size>0x4</size>
         <input_file_ref idref="fl-24"/>
      </object_component>
      <object_component id="oc-582">
         <name>.data:song_tone_table</name>
         <load_address>0x2726</load_address>
         <run_address>0x2726</run_address>
         <size>0x60</size>
         <input_file_ref idref="fl-24"/>
      </object_component>
      <object_component id="oc-57d">
         <name>.data:song_long_table</name>
         <load_address>0x2786</load_address>
         <run_address>0x2786</run_address>
         <size>0x30</size>
         <input_file_ref idref="fl-24"/>
      </object_component>
      <object_component id="oc-563">
         <name>.data</name>
         <load_address>0x281e</load_address>
         <run_address>0x281e</run_address>
         <size>0x5</size>
         <input_file_ref idref="fl-25"/>
      </object_component>
      <object_component id="oc-4d2">
         <name>.data</name>
         <load_address>0x27d6</load_address>
         <run_address>0x27d6</run_address>
         <size>0x1a</size>
         <input_file_ref idref="fl-26"/>
      </object_component>
      <object_component id="oc-4d8">
         <name>.data</name>
         <load_address>0x2809</load_address>
         <run_address>0x2809</run_address>
         <size>0x1</size>
         <input_file_ref idref="fl-2e"/>
      </object_component>
      <object_component id="oc-4d5">
         <name>.data</name>
         <load_address>0x281d</load_address>
         <run_address>0x281d</run_address>
         <size>0x1</size>
         <input_file_ref idref="fl-2f"/>
      </object_component>
      <object_component id="oc-42e">
         <name>.stack</name>
         <uninitialized>true</uninitialized>
         <run_address>0x6360</run_address>
         <size>0x4</size>
         <input_file_ref idref="fl-79"/>
      </object_component>
      <object_component id="oc-898">
         <name>.stack</name>
         <uninitialized>true</uninitialized>
         <run_address>0x6360</run_address>
         <size>0x0</size>
      </object_component>
      <object_component id="oc-6f6">
         <name>.text:Init_Register_LCD_TFT_ILI9325</name>
         <load_address>0x10000</load_address>
         <run_address>0x10000</run_address>
         <size>0x2b6</size>
         <input_file_ref idref="fl-18"/>
      </object_component>
      <object_component id="oc-759">
         <name>.text:Read_MatrixKey_TM1638</name>
         <load_address>0x102b6</load_address>
         <run_address>0x102b6</run_address>
         <size>0x144</size>
         <input_file_ref idref="fl-27"/>
      </object_component>
      <object_component id="oc-56f">
         <name>.text:Positive_Step_Motor</name>
         <load_address>0x103fa</load_address>
         <run_address>0x103fa</run_address>
         <size>0x128</size>
         <input_file_ref idref="fl-25"/>
      </object_component>
      <object_component id="oc-56c">
         <name>.text:Reverse_Step_Motor</name>
         <load_address>0x10522</load_address>
         <run_address>0x10522</run_address>
         <size>0x124</size>
         <input_file_ref idref="fl-25"/>
      </object_component>
      <object_component id="oc-50f">
         <name>.text:Trans_val</name>
         <load_address>0x10646</load_address>
         <run_address>0x10646</run_address>
         <size>0xd2</size>
         <input_file_ref idref="fl-7"/>
      </object_component>
      <object_component id="oc-51c">
         <name>.text:LCD_TFT_ShowChar</name>
         <load_address>0x10718</load_address>
         <run_address>0x10718</run_address>
         <size>0xce</size>
         <input_file_ref idref="fl-18"/>
      </object_component>
      <object_component id="oc-6a2">
         <name>.text:Scan_Key</name>
         <load_address>0x107e6</load_address>
         <run_address>0x107e6</run_address>
         <size>0xb2</size>
         <input_file_ref idref="fl-16"/>
      </object_component>
      <object_component id="oc-508">
         <name>.text:Conversion</name>
         <load_address>0x10898</load_address>
         <run_address>0x10898</run_address>
         <size>0xaa</size>
         <input_file_ref idref="fl-7"/>
      </object_component>
      <object_component id="oc-522">
         <name>.text:LCD_TFT_ShowString</name>
         <load_address>0x10942</load_address>
         <run_address>0x10942</run_address>
         <size>0x9e</size>
         <input_file_ref idref="fl-18"/>
      </object_component>
      <object_component id="oc-69c">
         <name>.text:Scan_MatrixKey</name>
         <load_address>0x109e0</load_address>
         <run_address>0x109e0</run_address>
         <size>0x8a</size>
         <input_file_ref idref="fl-1b"/>
      </object_component>
      <object_component id="oc-516">
         <name>.text:Translator</name>
         <load_address>0x10a6a</load_address>
         <run_address>0x10a6a</run_address>
         <size>0x7c</size>
         <input_file_ref idref="fl-7"/>
      </object_component>
      <object_component id="oc-627">
         <name>.text:Init_LCD_TFT_ILI9325</name>
         <load_address>0x10ae6</load_address>
         <run_address>0x10ae6</run_address>
         <size>0x7a</size>
         <input_file_ref idref="fl-18"/>
      </object_component>
      <object_component id="oc-71">
         <name>.text:decompress:lzss:__TI_decompress_lzss</name>
         <load_address>0x10b60</load_address>
         <run_address>0x10b60</run_address>
         <size>0x76</size>
         <input_file_ref idref="fl-82"/>
      </object_component>
      <object_component id="oc-4dc">
         <name>.text:Deal_Song_Beat_Speaker</name>
         <load_address>0x10bd6</load_address>
         <run_address>0x10bd6</run_address>
         <size>0x72</size>
         <input_file_ref idref="fl-24"/>
      </object_component>
      <object_component id="oc-6ea">
         <name>.text:Init_GPIO_LCD_TFT_ILI9325</name>
         <load_address>0x10c48</load_address>
         <run_address>0x10c48</run_address>
         <size>0x64</size>
         <input_file_ref idref="fl-18"/>
      </object_component>
      <object_component id="oc-53c">
         <name>.text:main</name>
         <load_address>0x10cac</load_address>
         <run_address>0x10cac</run_address>
         <size>0x62</size>
         <input_file_ref idref="fl-7"/>
      </object_component>
      <object_component id="oc-59f">
         <name>.text:System_1ms_Task</name>
         <load_address>0x10d0e</load_address>
         <run_address>0x10d0e</run_address>
         <size>0x54</size>
         <input_file_ref idref="fl-26"/>
      </object_component>
      <object_component id="oc-652">
         <name>.text:__TI_auto_init_nobinit_nopinit_hold_wdt:__TI_auto_init_nobinit_nopinit_hold_wdt</name>
         <load_address>0x10d62</load_address>
         <run_address>0x10d62</run_address>
         <size>0x54</size>
         <input_file_ref idref="fl-7a"/>
      </object_component>
      <object_component id="oc-7db">
         <name>.text:TM1638_Read</name>
         <load_address>0x10db6</load_address>
         <run_address>0x10db6</run_address>
         <size>0x52</size>
         <input_file_ref idref="fl-27"/>
      </object_component>
      <object_component id="oc-5b7">
         <name>.text:System_500ms_Task</name>
         <load_address>0x10e08</load_address>
         <run_address>0x10e08</run_address>
         <size>0x50</size>
         <input_file_ref idref="fl-26"/>
      </object_component>
      <object_component id="oc-7d5">
         <name>.text:TM1638_Write</name>
         <load_address>0x10e58</load_address>
         <run_address>0x10e58</run_address>
         <size>0x48</size>
         <input_file_ref idref="fl-27"/>
      </object_component>
      <object_component id="oc-6a9">
         <name>.text:Check_OutputBuzz</name>
         <load_address>0x10ea0</load_address>
         <run_address>0x10ea0</run_address>
         <size>0x46</size>
         <input_file_ref idref="fl-a"/>
      </object_component>
      <object_component id="oc-6f0">
         <name>.text:Reset_LCD_TFT_ILI9325</name>
         <load_address>0x10ee6</load_address>
         <run_address>0x10ee6</run_address>
         <size>0x46</size>
         <input_file_ref idref="fl-18"/>
      </object_component>
      <object_component id="oc-5b1">
         <name>.text:System_250ms_Task</name>
         <load_address>0x10f2c</load_address>
         <run_address>0x10f2c</run_address>
         <size>0x42</size>
         <input_file_ref idref="fl-26"/>
      </object_component>
      <object_component id="oc-6fc">
         <name>.text:LCD_TFT_ClearDisBuf</name>
         <load_address>0x10f6e</load_address>
         <run_address>0x10f6e</run_address>
         <size>0x3e</size>
         <input_file_ref idref="fl-18"/>
      </object_component>
      <object_component id="oc-5e1">
         <name>.text:l_lsl_const</name>
         <load_address>0x10fac</load_address>
         <run_address>0x10fac</run_address>
         <size>0x3e</size>
         <input_file_ref idref="fl-70"/>
      </object_component>
      <object_component id="oc-5e6">
         <name>.text:l_lsr_const</name>
         <load_address>0x10fea</load_address>
         <run_address>0x10fea</run_address>
         <size>0x3e</size>
         <input_file_ref idref="fl-71"/>
      </object_component>
      <object_component id="oc-4e2">
         <name>.text:Sample_HR202_Frequency</name>
         <load_address>0x11028</load_address>
         <run_address>0x11028</run_address>
         <size>0x3c</size>
         <input_file_ref idref="fl-12"/>
      </object_component>
      <object_component id="oc-79b">
         <name>.text:Initial_SPI_B</name>
         <load_address>0x11064</load_address>
         <run_address>0x11064</run_address>
         <size>0x3a</size>
         <input_file_ref idref="fl-23"/>
      </object_component>
      <object_component id="oc-60a">
         <name>.text:LCD_TFT_Clear</name>
         <load_address>0x1109e</load_address>
         <run_address>0x1109e</run_address>
         <size>0x3a</size>
         <input_file_ref idref="fl-18"/>
      </object_component>
      <object_component id="oc-4f5">
         <name>.text:Deal_Song_Tone_Speaker</name>
         <load_address>0x110d8</load_address>
         <run_address>0x110d8</run_address>
         <size>0x38</size>
         <input_file_ref idref="fl-24"/>
      </object_component>
      <object_component id="oc-4ef">
         <name>.text:Deal_Buzz_Speaker</name>
         <load_address>0x11110</load_address>
         <run_address>0x11110</run_address>
         <size>0x2c</size>
         <input_file_ref idref="fl-24"/>
      </object_component>
      <object_component id="oc-599">
         <name>.text:System_Timing_Task</name>
         <load_address>0x1113c</load_address>
         <run_address>0x1113c</run_address>
         <size>0x2c</size>
         <input_file_ref idref="fl-26"/>
      </object_component>
      <object_component id="oc-5d6">
         <name>.text</name>
         <load_address>0x11168</load_address>
         <run_address>0x11168</run_address>
         <size>0x2c</size>
         <input_file_ref idref="fl-54"/>
      </object_component>
      <object_component id="oc-770">
         <name>.text:Check_Alarm_Buzz</name>
         <load_address>0x11194</load_address>
         <run_address>0x11194</run_address>
         <size>0x28</size>
         <input_file_ref idref="fl-a"/>
      </object_component>
      <object_component id="oc-692">
         <name>.text:Check_Buzz_Speaker</name>
         <load_address>0x111bc</load_address>
         <run_address>0x111bc</run_address>
         <size>0x28</size>
         <input_file_ref idref="fl-24"/>
      </object_component>
      <object_component id="oc-7f4">
         <name>.text:Close_LCD_Segment</name>
         <load_address>0x111e4</load_address>
         <run_address>0x111e4</run_address>
         <size>0x28</size>
         <input_file_ref idref="fl-17"/>
      </object_component>
      <object_component id="oc-750">
         <name>.text:Disable_Speaker</name>
         <load_address>0x1120c</load_address>
         <run_address>0x1120c</run_address>
         <size>0x28</size>
         <input_file_ref idref="fl-24"/>
      </object_component>
      <object_component id="oc-5bd">
         <name>.text:System_1s_Task</name>
         <load_address>0x11234</load_address>
         <run_address>0x11234</run_address>
         <size>0x28</size>
         <input_file_ref idref="fl-26"/>
      </object_component>
      <object_component id="oc-5c3">
         <name>.text:Timing_In_Work</name>
         <load_address>0x1125c</load_address>
         <run_address>0x1125c</run_address>
         <size>0x26</size>
         <input_file_ref idref="fl-26"/>
      </object_component>
      <object_component id="oc-479">
         <name>.text:decompress:ZI:__TI_zero_init_nomemset:__TI_zero_init_nomemset</name>
         <load_address>0x11282</load_address>
         <run_address>0x11282</run_address>
         <size>0x24</size>
         <input_file_ref idref="fl-7b"/>
      </object_component>
      <object_component id="oc-5dc">
         <name>.text</name>
         <load_address>0x112a6</load_address>
         <run_address>0x112a6</run_address>
         <size>0x24</size>
         <input_file_ref idref="fl-76"/>
      </object_component>
      <object_component id="oc-5a5">
         <name>.text:System_10ms_Task</name>
         <load_address>0x112ca</load_address>
         <run_address>0x112ca</run_address>
         <size>0x22</size>
         <input_file_ref idref="fl-26"/>
      </object_component>
      <object_component id="oc-4fc">
         <name>.text:System_Clock</name>
         <load_address>0x112ec</load_address>
         <run_address>0x112ec</run_address>
         <size>0x22</size>
         <input_file_ref idref="fl-26"/>
      </object_component>
      <object_component id="oc-6de">
         <name>.text:ILI9325_WriteData</name>
         <load_address>0x1130e</load_address>
         <run_address>0x1130e</run_address>
         <size>0x1e</size>
         <input_file_ref idref="fl-18"/>
      </object_component>
      <object_component id="oc-78d">
         <name>.text:ILI9325_WriteRegIndex</name>
         <load_address>0x1132c</load_address>
         <run_address>0x1132c</run_address>
         <size>0x1e</size>
         <input_file_ref idref="fl-18"/>
      </object_component>
      <object_component id="oc-6d2">
         <name>.text:LCD_TFT_SetCursor</name>
         <load_address>0x1134a</load_address>
         <run_address>0x1134a</run_address>
         <size>0x1c</size>
         <input_file_ref idref="fl-18"/>
      </object_component>
      <object_component id="oc-794">
         <name>.text:Send_OneByte_SPI_B</name>
         <load_address>0x11366</load_address>
         <run_address>0x11366</run_address>
         <size>0x1c</size>
         <input_file_ref idref="fl-23"/>
      </object_component>
      <object_component id="oc-5ab">
         <name>.text:System_100ms_Task</name>
         <load_address>0x11382</load_address>
         <run_address>0x11382</run_address>
         <size>0x1c</size>
         <input_file_ref idref="fl-26"/>
      </object_component>
      <object_component id="oc-4e8">
         <name>.text:Sample_DC_Motor_Frequency</name>
         <load_address>0x1139e</load_address>
         <run_address>0x1139e</run_address>
         <size>0x1a</size>
         <input_file_ref idref="fl-f"/>
      </object_component>
      <object_component id="oc-80f">
         <name>.text:Clear_LCD_Segment</name>
         <load_address>0x113b8</load_address>
         <run_address>0x113b8</run_address>
         <size>0x18</size>
         <input_file_ref idref="fl-17"/>
      </object_component>
      <object_component id="oc-4cb">
         <name>.text:Deal_Step_Motor</name>
         <load_address>0x113d0</load_address>
         <run_address>0x113d0</run_address>
         <size>0x18</size>
         <input_file_ref idref="fl-25"/>
      </object_component>
      <object_component id="oc-5f6">
         <name>.text</name>
         <load_address>0x113e8</load_address>
         <run_address>0x113e8</run_address>
         <size>0x18</size>
         <input_file_ref idref="fl-73"/>
      </object_component>
      <object_component id="oc-674">
         <name>.text:Enable_Step_Motor</name>
         <load_address>0x11400</load_address>
         <run_address>0x11400</run_address>
         <size>0x16</size>
         <input_file_ref idref="fl-25"/>
      </object_component>
      <object_component id="oc-5fe">
         <name>.text:LCD_TFT_DrawPoint</name>
         <load_address>0x11416</load_address>
         <run_address>0x11416</run_address>
         <size>0x16</size>
         <input_file_ref idref="fl-18"/>
      </object_component>
      <object_component id="oc-5ec">
         <name>.text:memset</name>
         <load_address>0x1142c</load_address>
         <run_address>0x1142c</run_address>
         <size>0x16</size>
         <input_file_ref idref="fl-97"/>
      </object_component>
      <object_component id="oc-5d1">
         <name>.text</name>
         <load_address>0x11442</load_address>
         <run_address>0x11442</run_address>
         <size>0x16</size>
         <input_file_ref idref="fl-55"/>
      </object_component>
      <object_component id="oc-621">
         <name>.text:DAC_Init</name>
         <load_address>0x11458</load_address>
         <run_address>0x11458</run_address>
         <size>0x14</size>
         <input_file_ref idref="fl-7"/>
      </object_component>
      <object_component id="oc-815">
         <name>.text:EnAllSeg_LCD_Segment</name>
         <load_address>0x1146c</load_address>
         <run_address>0x1146c</run_address>
         <size>0x14</size>
         <input_file_ref idref="fl-17"/>
      </object_component>
      <object_component id="oc-81b">
         <name>.text:EnModule_LCD_Segment</name>
         <load_address>0x11480</load_address>
         <run_address>0x11480</run_address>
         <size>0x14</size>
         <input_file_ref idref="fl-17"/>
      </object_component>
      <object_component id="oc-61b">
         <name>.text:Init_TS3A5017DR</name>
         <load_address>0x11494</load_address>
         <run_address>0x11494</run_address>
         <size>0x14</size>
         <input_file_ref idref="fl-7"/>
      </object_component>
      <object_component id="oc-786">
         <name>.text:LCD_TFT_WriteReg</name>
         <load_address>0x114a8</load_address>
         <run_address>0x114a8</run_address>
         <size>0x14</size>
         <input_file_ref idref="fl-18"/>
      </object_component>
      <object_component id="oc-43d">
         <name>.text:memcpy</name>
         <load_address>0x114bc</load_address>
         <run_address>0x114bc</run_address>
         <size>0x14</size>
         <input_file_ref idref="fl-96"/>
      </object_component>
      <object_component id="oc-77">
         <name>.text:decompress:none:__TI_decompress_none</name>
         <load_address>0x114d0</load_address>
         <run_address>0x114d0</run_address>
         <size>0x12</size>
         <input_file_ref idref="fl-81"/>
      </object_component>
      <object_component id="oc-6d8">
         <name>.text:LCD_TFT_WriteRAM_CMD</name>
         <load_address>0x114e2</load_address>
         <run_address>0x114e2</run_address>
         <size>0xa</size>
         <input_file_ref idref="fl-18"/>
      </object_component>
      <object_component id="oc-62e">
         <name>.text:abort</name>
         <load_address>0x114ec</load_address>
         <run_address>0x114ec</run_address>
         <size>0x6</size>
         <input_file_ref idref="fl-93"/>
      </object_component>
      <object_component id="oc-536">
         <name>.text:_system_pre_init</name>
         <load_address>0x114f2</load_address>
         <run_address>0x114f2</run_address>
         <size>0x4</size>
         <input_file_ref idref="fl-7f"/>
      </object_component>
      <object_component id="oc-71d">
         <name>.text:_system_post_cinit</name>
         <load_address>0x114f6</load_address>
         <run_address>0x114f6</run_address>
         <size>0x2</size>
         <input_file_ref idref="fl-80"/>
      </object_component>
      <object_component id="oc-473">
         <name>.text:_isr:ADC12ISR</name>
         <load_address>0x8000</load_address>
         <run_address>0x8000</run_address>
         <size>0x168</size>
         <input_file_ref idref="fl-7"/>
      </object_component>
      <object_component id="oc-461">
         <name>.text:_isr:TIMER1_A1_ISR</name>
         <load_address>0x8168</load_address>
         <run_address>0x8168</run_address>
         <size>0x3c</size>
         <input_file_ref idref="fl-15"/>
      </object_component>
      <object_component id="oc-45b">
         <name>.text:_isr:USCI_A1_ISR</name>
         <load_address>0x81a4</load_address>
         <run_address>0x81a4</run_address>
         <size>0x32</size>
         <input_file_ref idref="fl-15"/>
      </object_component>
      <object_component id="oc-44a">
         <name>.text:_isr:port_4</name>
         <load_address>0x81d6</load_address>
         <run_address>0x81d6</run_address>
         <size>0x32</size>
         <input_file_ref idref="fl-7"/>
      </object_component>
      <object_component id="oc-48b">
         <name>.text:_isr:_c_int00_noargs</name>
         <load_address>0x8208</load_address>
         <run_address>0x8208</run_address>
         <size>0x1c</size>
         <input_file_ref idref="fl-79"/>
      </object_component>
      <object_component id="oc-467">
         <name>.text:_isr:TIMER1_A0_ISR</name>
         <load_address>0x8224</load_address>
         <run_address>0x8224</run_address>
         <size>0x18</size>
         <input_file_ref idref="fl-15"/>
      </object_component>
      <object_component id="oc-46d">
         <name>.text:_isr:TIMER0_A1_ISR</name>
         <load_address>0x823c</load_address>
         <run_address>0x823c</run_address>
         <size>0x12</size>
         <input_file_ref idref="fl-15"/>
      </object_component>
      <object_component id="oc-455">
         <name>.text:_isr:TIMER2_A0_ISR</name>
         <load_address>0x824e</load_address>
         <run_address>0x824e</run_address>
         <size>0xa</size>
         <input_file_ref idref="fl-15"/>
      </object_component>
      <object_component id="oc-450">
         <name>.text:_isr:__TI_ISR_TRAP</name>
         <load_address>0x8258</load_address>
         <run_address>0x8258</run_address>
         <size>0x8</size>
         <input_file_ref idref="fl-6f"/>
      </object_component>
      <object_component id="oc-897">
         <name>.cinit..data.load</name>
         <load_address>0x8cc4</load_address>
         <run_address>0x8cc4</run_address>
         <size>0x77</size>
      </object_component>
      <object_component id="oc-894">
         <name>__TI_handler_table</name>
         <load_address>0x8d3c</load_address>
         <run_address>0x8d3c</run_address>
         <size>0xc</size>
      </object_component>
      <object_component id="oc-896">
         <name>.cinit..bss.load</name>
         <load_address>0x8d48</load_address>
         <run_address>0x8d48</run_address>
         <size>0x6</size>
      </object_component>
      <object_component id="oc-895">
         <name>__TI_cinit_table</name>
         <load_address>0x8d4e</load_address>
         <run_address>0x8d4e</run_address>
         <size>0x10</size>
      </object_component>
      <object_component id="oc-5f3">
         <name>.const:asc2_1608</name>
         <load_address>0x8260</load_address>
         <run_address>0x8260</run_address>
         <size>0x5f0</size>
         <input_file_ref idref="fl-18"/>
      </object_component>
      <object_component id="oc-5fb">
         <name>.const:asc2_1206</name>
         <load_address>0x8850</load_address>
         <run_address>0x8850</run_address>
         <size>0x474</size>
         <input_file_ref idref="fl-18"/>
      </object_component>
      <object_component id="oc-826">
         <name>.binit</name>
         <load_address>0x8000</load_address>
         <run_address>0x8000</run_address>
         <size>0x0</size>
      </object_component>
      <object_component id="oc-7d">
         <name>.int37</name>
         <load_address>0xffca</load_address>
         <run_address>0xffca</run_address>
         <size>0x2</size>
         <input_file_ref idref="fl-7"/>
      </object_component>
      <object_component id="oc-7e">
         <name>.int38</name>
         <load_address>0xffcc</load_address>
         <run_address>0xffcc</run_address>
         <size>0x2</size>
         <input_file_ref idref="fl-5c"/>
      </object_component>
      <object_component id="oc-7f">
         <name>.int39</name>
         <load_address>0xffce</load_address>
         <run_address>0xffce</run_address>
         <size>0x2</size>
         <input_file_ref idref="fl-5d"/>
      </object_component>
      <object_component id="oc-80">
         <name>.int40</name>
         <load_address>0xffd0</load_address>
         <run_address>0xffd0</run_address>
         <size>0x2</size>
         <input_file_ref idref="fl-15"/>
      </object_component>
      <object_component id="oc-81">
         <name>.int41</name>
         <load_address>0xffd2</load_address>
         <run_address>0xffd2</run_address>
         <size>0x2</size>
         <input_file_ref idref="fl-5e"/>
      </object_component>
      <object_component id="oc-82">
         <name>.int42</name>
         <load_address>0xffd4</load_address>
         <run_address>0xffd4</run_address>
         <size>0x2</size>
         <input_file_ref idref="fl-5f"/>
      </object_component>
      <object_component id="oc-83">
         <name>.int43</name>
         <load_address>0xffd6</load_address>
         <run_address>0xffd6</run_address>
         <size>0x2</size>
         <input_file_ref idref="fl-60"/>
      </object_component>
      <object_component id="oc-84">
         <name>.int44</name>
         <load_address>0xffd8</load_address>
         <run_address>0xffd8</run_address>
         <size>0x2</size>
         <input_file_ref idref="fl-61"/>
      </object_component>
      <object_component id="oc-85">
         <name>.int45</name>
         <load_address>0xffda</load_address>
         <run_address>0xffda</run_address>
         <size>0x2</size>
         <input_file_ref idref="fl-62"/>
      </object_component>
      <object_component id="oc-86">
         <name>.int46</name>
         <load_address>0xffdc</load_address>
         <run_address>0xffdc</run_address>
         <size>0x2</size>
         <input_file_ref idref="fl-15"/>
      </object_component>
      <object_component id="oc-87">
         <name>.int47</name>
         <load_address>0xffde</load_address>
         <run_address>0xffde</run_address>
         <size>0x2</size>
         <input_file_ref idref="fl-63"/>
      </object_component>
      <object_component id="oc-88">
         <name>.int48</name>
         <load_address>0xffe0</load_address>
         <run_address>0xffe0</run_address>
         <size>0x2</size>
         <input_file_ref idref="fl-15"/>
      </object_component>
      <object_component id="oc-89">
         <name>.int49</name>
         <load_address>0xffe2</load_address>
         <run_address>0xffe2</run_address>
         <size>0x2</size>
         <input_file_ref idref="fl-15"/>
      </object_component>
      <object_component id="oc-8a">
         <name>.int50</name>
         <load_address>0xffe4</load_address>
         <run_address>0xffe4</run_address>
         <size>0x2</size>
         <input_file_ref idref="fl-64"/>
      </object_component>
      <object_component id="oc-8b">
         <name>.int51</name>
         <load_address>0xffe6</load_address>
         <run_address>0xffe6</run_address>
         <size>0x2</size>
         <input_file_ref idref="fl-65"/>
      </object_component>
      <object_component id="oc-8c">
         <name>.int52</name>
         <load_address>0xffe8</load_address>
         <run_address>0xffe8</run_address>
         <size>0x2</size>
         <input_file_ref idref="fl-15"/>
      </object_component>
      <object_component id="oc-8d">
         <name>.int53</name>
         <load_address>0xffea</load_address>
         <run_address>0xffea</run_address>
         <size>0x2</size>
         <input_file_ref idref="fl-66"/>
      </object_component>
      <object_component id="oc-8e">
         <name>.int54</name>
         <load_address>0xffec</load_address>
         <run_address>0xffec</run_address>
         <size>0x2</size>
         <input_file_ref idref="fl-7"/>
      </object_component>
      <object_component id="oc-8f">
         <name>.int55</name>
         <load_address>0xffee</load_address>
         <run_address>0xffee</run_address>
         <size>0x2</size>
         <input_file_ref idref="fl-67"/>
      </object_component>
      <object_component id="oc-90">
         <name>.int56</name>
         <load_address>0xfff0</load_address>
         <run_address>0xfff0</run_address>
         <size>0x2</size>
         <input_file_ref idref="fl-68"/>
      </object_component>
      <object_component id="oc-91">
         <name>.int57</name>
         <load_address>0xfff2</load_address>
         <run_address>0xfff2</run_address>
         <size>0x2</size>
         <input_file_ref idref="fl-69"/>
      </object_component>
      <object_component id="oc-92">
         <name>.int58</name>
         <load_address>0xfff4</load_address>
         <run_address>0xfff4</run_address>
         <size>0x2</size>
         <input_file_ref idref="fl-6a"/>
      </object_component>
      <object_component id="oc-93">
         <name>.int59</name>
         <load_address>0xfff6</load_address>
         <run_address>0xfff6</run_address>
         <size>0x2</size>
         <input_file_ref idref="fl-6b"/>
      </object_component>
      <object_component id="oc-94">
         <name>.int60</name>
         <load_address>0xfff8</load_address>
         <run_address>0xfff8</run_address>
         <size>0x2</size>
         <input_file_ref idref="fl-6c"/>
      </object_component>
      <object_component id="oc-95">
         <name>.int61</name>
         <load_address>0xfffa</load_address>
         <run_address>0xfffa</run_address>
         <size>0x2</size>
         <input_file_ref idref="fl-6d"/>
      </object_component>
      <object_component id="oc-96">
         <name>.int62</name>
         <load_address>0xfffc</load_address>
         <run_address>0xfffc</run_address>
         <size>0x2</size>
         <input_file_ref idref="fl-6e"/>
      </object_component>
      <object_component id="oc-431">
         <name>.reset</name>
         <load_address>0xfffe</load_address>
         <run_address>0xfffe</run_address>
         <size>0x2</size>
         <input_file_ref idref="fl-79"/>
      </object_component>
      <object_component id="oc-6c5">
         <name>.debug_info</name>
         <load_address>0x0</load_address>
         <run_address>0x0</run_address>
         <size>0x17b</size>
         <input_file_ref idref="fl-2"/>
      </object_component>
      <object_component id="oc-5cc">
         <name>.debug_info</name>
         <load_address>0x17b</load_address>
         <run_address>0x17b</run_address>
         <size>0x26b</size>
         <input_file_ref idref="fl-2"/>
      </object_component>
      <object_component id="oc-438">
         <name>.debug_info</name>
         <load_address>0x3e6</load_address>
         <run_address>0x3e6</run_address>
         <size>0x84</size>
         <input_file_ref idref="fl-2"/>
      </object_component>
      <object_component id="oc-67c">
         <name>.debug_info</name>
         <load_address>0x46a</load_address>
         <run_address>0x46a</run_address>
         <size>0x2c</size>
         <input_file_ref idref="fl-2"/>
      </object_component>
      <object_component id="oc-613">
         <name>.debug_info</name>
         <load_address>0x496</load_address>
         <run_address>0x496</run_address>
         <size>0x275</size>
         <input_file_ref idref="fl-2"/>
      </object_component>
      <object_component id="oc-529">
         <name>.debug_info</name>
         <load_address>0x70b</load_address>
         <run_address>0x70b</run_address>
         <size>0xbb</size>
         <input_file_ref idref="fl-2"/>
      </object_component>
      <object_component id="oc-504">
         <name>.debug_info</name>
         <load_address>0x7c6</load_address>
         <run_address>0x7c6</run_address>
         <size>0x5b5</size>
         <input_file_ref idref="fl-7"/>
      </object_component>
      <object_component id="oc-4c7">
         <name>.debug_info</name>
         <load_address>0xd7b</load_address>
         <run_address>0xd7b</run_address>
         <size>0xf5</size>
         <input_file_ref idref="fl-7"/>
      </object_component>
      <object_component id="oc-44c">
         <name>.debug_info</name>
         <load_address>0xe70</load_address>
         <run_address>0xe70</run_address>
         <size>0xeb</size>
         <input_file_ref idref="fl-7"/>
      </object_component>
      <object_component id="oc-61c">
         <name>.debug_info</name>
         <load_address>0xf5b</load_address>
         <run_address>0xf5b</run_address>
         <size>0xf9</size>
         <input_file_ref idref="fl-7"/>
      </object_component>
      <object_component id="oc-623">
         <name>.debug_info</name>
         <load_address>0x1054</load_address>
         <run_address>0x1054</run_address>
         <size>0xeb</size>
         <input_file_ref idref="fl-7"/>
      </object_component>
      <object_component id="oc-53e">
         <name>.debug_info</name>
         <load_address>0x113f</load_address>
         <run_address>0x113f</run_address>
         <size>0x122</size>
         <input_file_ref idref="fl-7"/>
      </object_component>
      <object_component id="oc-518">
         <name>.debug_info</name>
         <load_address>0x1261</load_address>
         <run_address>0x1261</run_address>
         <size>0x1d2</size>
         <input_file_ref idref="fl-7"/>
      </object_component>
      <object_component id="oc-510">
         <name>.debug_info</name>
         <load_address>0x1433</load_address>
         <run_address>0x1433</run_address>
         <size>0x26c</size>
         <input_file_ref idref="fl-7"/>
      </object_component>
      <object_component id="oc-509">
         <name>.debug_info</name>
         <load_address>0x169f</load_address>
         <run_address>0x169f</run_address>
         <size>0x20d</size>
         <input_file_ref idref="fl-7"/>
      </object_component>
      <object_component id="oc-474">
         <name>.debug_info</name>
         <load_address>0x18ac</load_address>
         <run_address>0x18ac</run_address>
         <size>0x1a1</size>
         <input_file_ref idref="fl-7"/>
      </object_component>
      <object_component id="oc-6ba">
         <name>.debug_info</name>
         <load_address>0x1a4d</load_address>
         <run_address>0x1a4d</run_address>
         <size>0x35b</size>
         <input_file_ref idref="fl-8"/>
      </object_component>
      <object_component id="oc-672">
         <name>.debug_info</name>
         <load_address>0x1da8</load_address>
         <run_address>0x1da8</run_address>
         <size>0xf8</size>
         <input_file_ref idref="fl-8"/>
      </object_component>
      <object_component id="oc-605">
         <name>.debug_info</name>
         <load_address>0x1ea0</load_address>
         <run_address>0x1ea0</run_address>
         <size>0xa40</size>
         <input_file_ref idref="fl-8"/>
      </object_component>
      <object_component id="oc-76e">
         <name>.debug_info</name>
         <load_address>0x28e0</load_address>
         <run_address>0x28e0</run_address>
         <size>0x26b</size>
         <input_file_ref idref="fl-a"/>
      </object_component>
      <object_component id="oc-771">
         <name>.debug_info</name>
         <load_address>0x2b4b</load_address>
         <run_address>0x2b4b</run_address>
         <size>0x12e</size>
         <input_file_ref idref="fl-a"/>
      </object_component>
      <object_component id="oc-6aa">
         <name>.debug_info</name>
         <load_address>0x2c79</load_address>
         <run_address>0x2c79</run_address>
         <size>0x145</size>
         <input_file_ref idref="fl-a"/>
      </object_component>
      <object_component id="oc-7d1">
         <name>.debug_info</name>
         <load_address>0x2dbe</load_address>
         <run_address>0x2dbe</run_address>
         <size>0x25a</size>
         <input_file_ref idref="fl-d"/>
      </object_component>
      <object_component id="oc-748">
         <name>.debug_info</name>
         <load_address>0x3018</load_address>
         <run_address>0x3018</run_address>
         <size>0x239</size>
         <input_file_ref idref="fl-d"/>
      </object_component>
      <object_component id="oc-592">
         <name>.debug_info</name>
         <load_address>0x3251</load_address>
         <run_address>0x3251</run_address>
         <size>0x34a</size>
         <input_file_ref idref="fl-f"/>
      </object_component>
      <object_component id="oc-58f">
         <name>.debug_info</name>
         <load_address>0x359b</load_address>
         <run_address>0x359b</run_address>
         <size>0x130</size>
         <input_file_ref idref="fl-f"/>
      </object_component>
      <object_component id="oc-4e9">
         <name>.debug_info</name>
         <load_address>0x36cb</load_address>
         <run_address>0x36cb</run_address>
         <size>0x146</size>
         <input_file_ref idref="fl-f"/>
      </object_component>
      <object_component id="oc-58b">
         <name>.debug_info</name>
         <load_address>0x3811</load_address>
         <run_address>0x3811</run_address>
         <size>0x322</size>
         <input_file_ref idref="fl-12"/>
      </object_component>
      <object_component id="oc-588">
         <name>.debug_info</name>
         <load_address>0x3b33</load_address>
         <run_address>0x3b33</run_address>
         <size>0x1cc</size>
         <input_file_ref idref="fl-12"/>
      </object_component>
      <object_component id="oc-4e3">
         <name>.debug_info</name>
         <load_address>0x3cff</load_address>
         <run_address>0x3cff</run_address>
         <size>0x152</size>
         <input_file_ref idref="fl-12"/>
      </object_component>
      <object_component id="oc-6b7">
         <name>.debug_info</name>
         <load_address>0x3e51</load_address>
         <run_address>0x3e51</run_address>
         <size>0x251</size>
         <input_file_ref idref="fl-14"/>
      </object_component>
      <object_component id="oc-45c">
         <name>.debug_info</name>
         <load_address>0x40a2</load_address>
         <run_address>0x40a2</run_address>
         <size>0x12f</size>
         <input_file_ref idref="fl-15"/>
      </object_component>
      <object_component id="oc-456">
[...]
         <name>Scan_MatrixKey</name>
         <value>0x109e0</value>
         <object_component_ref idref="oc-69c"/>
      </symbol>
      <symbol id="sm-680">
         <name>G_KeyPlace_Column</name>
         <value>0x27f5</value>
         <object_component_ref idref="oc-75f"/>
      </symbol>
      <symbol id="sm-681">
         <name>pMatrixKeyBuffer</name>
         <value>0x27f9</value>
         <object_component_ref idref="oc-75f"/>
      </symbol>
      <symbol id="sm-682">
         <name>G_DecimalPoint</name>
         <value>0x27f3</value>
         <object_component_ref idref="oc-75f"/>
      </symbol>
      <symbol id="sm-68c">
         <name>NTC_TMP_FlagBits</name>
         <value>0x2708</value>
      </symbol>
      <symbol id="sm-6a0">
         <name>Send_OneByte_SPI_B</name>
         <value>0x11366</value>
         <object_component_ref idref="oc-794"/>
      </symbol>
      <symbol id="sm-6a1">
         <name>Initial_SPI_B</name>
         <value>0x11064</value>
         <object_component_ref idref="oc-79b"/>
      </symbol>
      <symbol id="sm-6de">
         <name>SpeakerFlagBits</name>
         <value>0x270a</value>
      </symbol>
      <symbol id="sm-6df">
         <name>sin_table</name>
         <value>0x26b6</value>
      </symbol>
      <symbol id="sm-6e0">
         <name>sin_data_pr</name>
         <value>0x26ec</value>
      </symbol>
      <symbol id="sm-6e1">
         <name>period_table</name>
         <value>0x2668</value>
      </symbol>
      <symbol id="sm-6e2">
         <name>key</name>
         <value>0x2720</value>
      </symbol>
      <symbol id="sm-6e3">
         <name>m</name>
         <value>0x2722</value>
      </symbol>
      <symbol id="sm-6e4">
         <name>n</name>
         <value>0x2724</value>
      </symbol>
      <symbol id="sm-6e5">
         <name>k</name>
         <value>0x271e</value>
      </symbol>
      <symbol id="sm-6e6">
         <name>G_Timing_Speaker_Cnt</name>
         <value>0x2824</value>
         <object_component_ref idref="oc-74d"/>
      </symbol>
      <symbol id="sm-6e7">
         <name>Deal_Song_Beat_Speaker</name>
         <value>0x10bd6</value>
         <object_component_ref idref="oc-4dc"/>
      </symbol>
      <symbol id="sm-6e8">
         <name>Disable_Speaker</name>
         <value>0x1120c</value>
         <object_component_ref idref="oc-750"/>
      </symbol>
      <symbol id="sm-6e9">
         <name>song_tone_table</name>
         <value>0x2726</value>
         <object_component_ref idref="oc-582"/>
      </symbol>
      <symbol id="sm-6ea">
         <name>Check_Buzz_Speaker</name>
         <value>0x111bc</value>
         <object_component_ref idref="oc-692"/>
      </symbol>
      <symbol id="sm-6eb">
         <name>Deal_Song_Tone_Speaker</name>
         <value>0x110d8</value>
         <object_component_ref idref="oc-4f5"/>
      </symbol>
      <symbol id="sm-6ec">
         <name>Deal_Buzz_Speaker</name>
         <value>0x11110</value>
         <object_component_ref idref="oc-4ef"/>
      </symbol>
      <symbol id="sm-6ed">
         <name>song_long_table</name>
         <value>0x2786</value>
         <object_component_ref idref="oc-57d"/>
      </symbol>
      <symbol id="sm-728">
         <name>Step_Motor_FlagBits</name>
         <value>0x270c</value>
      </symbol>
      <symbol id="sm-729">
         <name>Enable_Step_Motor</name>
         <value>0x11400</value>
         <object_component_ref idref="oc-674"/>
      </symbol>
      <symbol id="sm-72a">
         <name>Positive_Step_Motor</name>
         <value>0x103fa</value>
         <object_component_ref idref="oc-56f"/>
      </symbol>
      <symbol id="sm-72b">
         <name>Reverse_Step_Motor</name>
         <value>0x10522</value>
         <object_component_ref idref="oc-56c"/>
      </symbol>
      <symbol id="sm-72c">
         <name>G_Step_WorkState</name>
         <value>0x2820</value>
         <object_component_ref idref="oc-563"/>
      </symbol>
      <symbol id="sm-72d">
         <name>G_Step_Speed</name>
         <value>0x281e</value>
         <object_component_ref idref="oc-563"/>
      </symbol>
      <symbol id="sm-72e">
         <name>Deal_Step_Motor</name>
         <value>0x113d0</value>
         <object_component_ref idref="oc-4cb"/>
      </symbol>
      <symbol id="sm-785">
         <name>TimeFlag1Bits</name>
         <value>0x270e</value>
      </symbol>
      <symbol id="sm-786">
         <name>TimeFlag2Bits</name>
         <value>0x2710</value>
      </symbol>
      <symbol id="sm-787">
         <name>System_500ms_Task</name>
         <value>0x10e08</value>
         <object_component_ref idref="oc-5b7"/>
      </symbol>
      <symbol id="sm-788">
         <name>System_100ms_Task</name>
         <value>0x11382</value>
         <object_component_ref idref="oc-5ab"/>
      </symbol>
      <symbol id="sm-789">
         <name>G_MainState</name>
         <value>0x27e8</value>
         <object_component_ref idref="oc-4d2"/>
      </symbol>
      <symbol id="sm-78a">
         <name>G_250msCnt</name>
         <value>0x27e0</value>
         <object_component_ref idref="oc-4d2"/>
      </symbol>
      <symbol id="sm-78b">
         <name>System_10ms_Task</name>
         <value>0x112ca</value>
         <object_component_ref idref="oc-5a5"/>
      </symbol>
      <symbol id="sm-78c">
         <name>Timing_In_Work</name>
         <value>0x1125c</value>
         <object_component_ref idref="oc-5c3"/>
      </symbol>
      <symbol id="sm-78d">
         <name>G_1sCnt</name>
         <value>0x27e4</value>
         <object_component_ref idref="oc-4d2"/>
      </symbol>
      <symbol id="sm-78e">
         <name>G_1ms_Case</name>
         <value>0x27e6</value>
         <object_component_ref idref="oc-4d2"/>
      </symbol>
      <symbol id="sm-78f">
         <name>G_10msCnt</name>
         <value>0x27de</value>
         <object_component_ref idref="oc-4d2"/>
      </symbol>
      <symbol id="sm-790">
         <name>G_100msCnt</name>
         <value>0x27df</value>
         <object_component_ref idref="oc-4d2"/>
      </symbol>
      <symbol id="sm-791">
         <name>G_Timing_InWork_Cnt</name>
         <value>0x27da</value>
         <object_component_ref idref="oc-4d2"/>
      </symbol>
      <symbol id="sm-792">
         <name>System_Timing_Task</name>
         <value>0x1113c</value>
         <object_component_ref idref="oc-599"/>
      </symbol>
      <symbol id="sm-793">
         <name>G_Last_WorkState</name>
         <value>0x27ee</value>
         <object_component_ref idref="oc-4d2"/>
      </symbol>
      <symbol id="sm-794">
         <name>System_1s_Task</name>
         <value>0x11234</value>
         <object_component_ref idref="oc-5bd"/>
      </symbol>
      <symbol id="sm-795">
         <name>System_250ms_Task</name>
         <value>0x10f2c</value>
         <object_component_ref idref="oc-5b1"/>
      </symbol>
      <symbol id="sm-796">
         <name>System_1ms_Task</name>
         <value>0x10d0e</value>
         <object_component_ref idref="oc-59f"/>
      </symbol>
      <symbol id="sm-797">
         <name>G_500msCnt</name>
         <value>0x27e2</value>
         <object_component_ref idref="oc-4d2"/>
      </symbol>
      <symbol id="sm-798">
         <name>G_TimingCnt</name>
         <value>0x27d6</value>
         <object_component_ref idref="oc-4d2"/>
      </symbol>
      <symbol id="sm-799">
         <name>G_WorkState</name>
         <value>0x27ec</value>
         <object_component_ref idref="oc-4d2"/>
      </symbol>
      <symbol id="sm-79a">
         <name>System_Clock</name>
         <value>0x112ec</value>
         <object_component_ref idref="oc-4fc"/>
      </symbol>
      <symbol id="sm-79b">
         <name>G_Last_MainState</name>
         <value>0x27ea</value>
         <object_component_ref idref="oc-4d2"/>
      </symbol>
      <symbol id="sm-7da">
         <name>Read_MatrixKey_TM1638</name>
         <value>0x102b6</value>
         <object_component_ref idref="oc-759"/>
      </symbol>
      <symbol id="sm-7e7">
         <name>G_RxData_RS232</name>
         <value>0x2809</value>
         <object_component_ref idref="oc-4d8"/>
      </symbol>
      <symbol id="sm-7ee">
         <name>G_RxData_RS485</name>
         <value>0x281d</value>
         <object_component_ref idref="oc-4d5"/>
      </symbol>
      <symbol id="sm-7fe">
         <name>__mspabi_remi</name>
         <value>0x11168</value>
         <object_component_ref idref="oc-5d6"/>
      </symbol>
      <symbol id="sm-7ff">
         <name>__mspabi_divi</name>
         <value>0x11168</value>
         <object_component_ref idref="oc-5d6"/>
      </symbol>
      <symbol id="sm-809">
         <name>__mspabi_remu</name>
         <value>0x11442</value>
         <object_component_ref idref="oc-5d1"/>
      </symbol>
      <symbol id="sm-80a">
         <name>__mspabi_divu</name>
         <value>0x11442</value>
         <object_component_ref idref="oc-5d1"/>
      </symbol>
      <symbol id="sm-813">
         <name>__TI_int38</name>
         <value>0xffcc</value>
         <object_component_ref idref="oc-7e"/>
      </symbol>
      <symbol id="sm-816">
         <name>__TI_int39</name>
         <value>0xffce</value>
         <object_component_ref idref="oc-7f"/>
      </symbol>
      <symbol id="sm-819">
         <name>__TI_int41</name>
         <value>0xffd2</value>
         <object_component_ref idref="oc-81"/>
      </symbol>
      <symbol id="sm-81c">
         <name>__TI_int42</name>
         <value>0xffd4</value>
         <object_component_ref idref="oc-82"/>
      </symbol>
      <symbol id="sm-81f">
         <name>__TI_int43</name>
         <value>0xffd6</value>
         <object_component_ref idref="oc-83"/>
      </symbol>
      <symbol id="sm-822">
         <name>__TI_int44</name>
         <value>0xffd8</value>
         <object_component_ref idref="oc-84"/>
      </symbol>
      <symbol id="sm-825">
         <name>__TI_int45</name>
         <value>0xffda</value>
         <object_component_ref idref="oc-85"/>
      </symbol>
      <symbol id="sm-828">
         <name>__TI_int47</name>
         <value>0xffde</value>
         <object_component_ref idref="oc-87"/>
      </symbol>
      <symbol id="sm-82b">
         <name>__TI_int50</name>
         <value>0xffe4</value>
         <object_component_ref idref="oc-8a"/>
      </symbol>
      <symbol id="sm-82e">
         <name>__TI_int51</name>
         <value>0xffe6</value>
         <object_component_ref idref="oc-8b"/>
      </symbol>
      <symbol id="sm-831">
         <name>__TI_int53</name>
         <value>0xffea</value>
         <object_component_ref idref="oc-8d"/>
      </symbol>
      <symbol id="sm-834">
         <name>__TI_int55</name>
         <value>0xffee</value>
         <object_component_ref idref="oc-8f"/>
      </symbol>
      <symbol id="sm-837">
         <name>__TI_int56</name>
         <value>0xfff0</value>
         <object_component_ref idref="oc-90"/>
      </symbol>
      <symbol id="sm-83a">
         <name>__TI_int57</name>
         <value>0xfff2</value>
         <object_component_ref idref="oc-91"/>
      </symbol>
      <symbol id="sm-83d">
         <name>__TI_int58</name>
         <value>0xfff4</value>
         <object_component_ref idref="oc-92"/>
      </symbol>
      <symbol id="sm-840">
         <name>__TI_int59</name>
         <value>0xfff6</value>
         <object_component_ref idref="oc-93"/>
      </symbol>
      <symbol id="sm-843">
         <name>__TI_int60</name>
         <value>0xfff8</value>
         <object_component_ref idref="oc-94"/>
      </symbol>
      <symbol id="sm-846">
         <name>__TI_int61</name>
         <value>0xfffa</value>
         <object_component_ref idref="oc-95"/>
      </symbol>
      <symbol id="sm-849">
         <name>__TI_int62</name>
         <value>0xfffc</value>
         <object_component_ref idref="oc-96"/>
      </symbol>
      <symbol id="sm-851">
         <name>__TI_ISR_TRAP</name>
         <value>0x8258</value>
         <object_component_ref idref="oc-450"/>
      </symbol>
      <symbol id="sm-859">
         <name>__mspabi_slll_9</name>
         <value>0x10fc4</value>
         <object_component_ref idref="oc-5e1"/>
      </symbol>
      <symbol id="sm-85a">
         <name>__mspabi_slll_8</name>
         <value>0x10fc8</value>
         <object_component_ref idref="oc-5e1"/>
      </symbol>
      <symbol id="sm-85b">
         <name>__mspabi_slll_7</name>
         <value>0x10fcc</value>
         <object_component_ref idref="oc-5e1"/>
      </symbol>
      <symbol id="sm-85c">
         <name>__mspabi_slll_6</name>
         <value>0x10fd0</value>
         <object_component_ref idref="oc-5e1"/>
      </symbol>
      <symbol id="sm-85d">
         <name>__mspabi_slll_5</name>
         <value>0x10fd4</value>
         <object_component_ref idref="oc-5e1"/>
      </symbol>
      <symbol id="sm-85e">
         <name>__mspabi_slll_4</name>
         <value>0x10fd8</value>
         <object_component_ref idref="oc-5e1"/>
      </symbol>
      <symbol id="sm-85f">
         <name>__mspabi_slll_3</name>
         <value>0x10fdc</value>
         <object_component_ref idref="oc-5e1"/>
      </symbol>
      <symbol id="sm-860">
         <name>__mspabi_slll_2</name>
         <value>0x10fe0</value>
         <object_component_ref idref="oc-5e1"/>
      </symbol>
      <symbol id="sm-861">
         <name>__mspabi_slll_1</name>
         <value>0x10fe4</value>
         <object_component_ref idref="oc-5e1"/>
      </symbol>
      <symbol id="sm-862">
         <name>__mspabi_slll_15</name>
         <value>0x10fac</value>
         <object_component_ref idref="oc-5e1"/>
      </symbol>
      <symbol id="sm-863">
         <name>__mspabi_slll_14</name>
         <value>0x10fb0</value>
         <object_component_ref idref="oc-5e1"/>
      </symbol>
      <symbol id="sm-864">
         <name>__mspabi_slll_13</name>
         <value>0x10fb4</value>
         <object_component_ref idref="oc-5e1"/>
      </symbol>
      <symbol id="sm-865">
         <name>__mspabi_slll_12</name>
         <value>0x10fb8</value>
         <object_component_ref idref="oc-5e1"/>
      </symbol>
      <symbol id="sm-866">
         <name>__mspabi_slll_11</name>
         <value>0x10fbc</value>
         <object_component_ref idref="oc-5e1"/>
      </symbol>
      <symbol id="sm-867">
         <name>__mspabi_slll_10</name>
         <value>0x10fc0</value>
         <object_component_ref idref="oc-5e1"/>
      </symbol>
      <symbol id="sm-86f">
         <name>__mspabi_srll_8</name>
         <value>0x11006</value>
         <object_component_ref idref="oc-5e6"/>
      </symbol>
      <symbol id="sm-870">
         <name>__mspabi_srll_9</name>
         <value>0x11002</value>
         <object_component_ref idref="oc-5e6"/>
      </symbol>
      <symbol id="sm-871">
         <name>__mspabi_srll_6</name>
         <value>0x1100e</value>
         <object_component_ref idref="oc-5e6"/>
      </symbol>
      <symbol id="sm-872">
         <name>__mspabi_srll_7</name>
         <value>0x1100a</value>
         <object_component_ref idref="oc-5e6"/>
      </symbol>
      <symbol id="sm-873">
         <name>__mspabi_srll_4</name>
         <value>0x11016</value>
         <object_component_ref idref="oc-5e6"/>
      </symbol>
      <symbol id="sm-874">
         <name>__mspabi_srll_5</name>
         <value>0x11012</value>
         <object_component_ref idref="oc-5e6"/>
      </symbol>
      <symbol id="sm-875">
         <name>__mspabi_srll_2</name>
         <value>0x1101e</value>
         <object_component_ref idref="oc-5e6"/>
      </symbol>
      <symbol id="sm-876">
         <name>__mspabi_srll_3</name>
         <value>0x1101a</value>
         <object_component_ref idref="oc-5e6"/>
      </symbol>
      <symbol id="sm-877">
         <name>__mspabi_srll_1</name>
         <value>0x11022</value>
         <object_component_ref idref="oc-5e6"/>
      </symbol>
      <symbol id="sm-878">
         <name>__mspabi_srll_15</name>
         <value>0x10fea</value>
         <object_component_ref idref="oc-5e6"/>
      </symbol>
      <symbol id="sm-879">
         <name>__mspabi_srll_14</name>
         <value>0x10fee</value>
         <object_component_ref idref="oc-5e6"/>
      </symbol>
      <symbol id="sm-87a">
         <name>__mspabi_srll_13</name>
         <value>0x10ff2</value>
         <object_component_ref idref="oc-5e6"/>
      </symbol>
      <symbol id="sm-87b">
         <name>__mspabi_srll_12</name>
         <value>0x10ff6</value>
         <object_component_ref idref="oc-5e6"/>
      </symbol>
      <symbol id="sm-87c">
         <name>__mspabi_srll_11</name>
         <value>0x10ffa</value>
         <object_component_ref idref="oc-5e6"/>
      </symbol>
      <symbol id="sm-87d">
         <name>__mspabi_srll_10</name>
         <value>0x10ffe</value>
         <object_component_ref idref="oc-5e6"/>
      </symbol>
      <symbol id="sm-886">
         <name>__mspabi_mpyi_f5hw</name>
         <value>0x113e8</value>
         <object_component_ref idref="oc-5f6"/>
      </symbol>
      <symbol id="sm-890">
         <name>__mspabi_mpyl_f5hw</name>
         <value>0x112a6</value>
         <object_component_ref idref="oc-5dc"/>
      </symbol>
      <symbol id="sm-8a2">
         <name>_stack</name>
         <value>0x6360</value>
         <object_component_ref idref="oc-42e"/>
      </symbol>
      <symbol id="sm-8a3">
         <name>_c_int00_noargs</name>
         <value>0x8208</value>
         <object_component_ref idref="oc-48b"/>
      </symbol>
      <symbol id="sm-8a4">
         <name>_reset_vector</name>
         <value>0xfffe</value>
         <object_component_ref idref="oc-431"/>
      </symbol>
      <symbol id="sm-8c7">
         <name>__TI_auto_init_nobinit_nopinit_hold_wdt</name>
         <value>0x10d62</value>
         <object_component_ref idref="oc-652"/>
      </symbol>
      <symbol id="sm-8da">
         <name>__TI_zero_init_nomemset</name>
         <value>0x11282</value>
         <object_component_ref idref="oc-479"/>
      </symbol>
      <symbol id="sm-8eb">
         <name>_system_pre_init</name>
         <value>0x114f2</value>
         <object_component_ref idref="oc-536"/>
      </symbol>
      <symbol id="sm-8f4">
         <name>_system_post_cinit</name>
         <value>0x114f6</value>
         <object_component_ref idref="oc-71d"/>
      </symbol>
      <symbol id="sm-905">
         <name>__TI_decompress_none</name>
         <value>0x114d0</value>
         <object_component_ref idref="oc-77"/>
      </symbol>
      <symbol id="sm-928">
         <name>__TI_decompress_lzss</name>
         <value>0x10b60</value>
         <object_component_ref idref="oc-71"/>
      </symbol>
      <symbol id="sm-942">
         <name>C$$EXIT</name>
         <value>0x114ec</value>
         <object_component_ref idref="oc-62e"/>
      </symbol>
      <symbol id="sm-943">
         <name>abort</name>
         <value>0x114ec</value>
         <object_component_ref idref="oc-62e"/>
      </symbol>
      <symbol id="sm-953">
         <name>memcpy</name>
         <value>0x114bc</value>
         <object_component_ref idref="oc-43d"/>
      </symbol>
      <symbol id="sm-961">
         <name>memset</name>
         <value>0x1142c</value>
         <object_component_ref idref="oc-5ec"/>
      </symbol>
   </symbol_table>
   <title>Link successful</title>
</link_info>
