******************************************************************************
                  MSP430 Linker PC v18.1.4                     
******************************************************************************
>> Linked Tue Dec 25 21:03:27 2018

OUTPUT FILE NAME:   <Signal_Reader.out>
ENTRY POINT SYMBOL: "_c_int00_noargs"  address: 00008152


MEMORY CONFIGURATION

         name            origin    length      used     unused   attr    fill
----------------------  --------  ---------  --------  --------  ----  --------
  SFR                   00000000   00000010  00000000  00000010  RWIX
  PERIPHERALS_8BIT      00000010   000000f0  00000000  000000f0  RWIX
  PERIPHERALS_16BIT     00000100   00000100  00000000  00000100  RWIX
  INFOD                 00001800   00000080  00000000  00000080  RWIX
  INFOC                 00001880   00000080  00000000  00000080  RWIX
  INFOB                 00001900   00000080  00000000  00000080  RWIX
  INFOA                 00001980   00000080  00000000  00000080  RWIX
  USBRAM                00001c00   00000800  00000000  00000800  RWIX
  RAM                   00002400   00004000  000004b9  00003b47  RWIX
  FLASH                 00008000   00007f80  00000cca  000072b6  RWIX
  INT00                 0000ff80   00000002  00000000  00000002  RWIX
  INT01                 0000ff82   00000002  00000000  00000002  RWIX
  INT02                 0000ff84   00000002  00000000  00000002  RWIX
  INT03                 0000ff86   00000002  00000000  00000002  RWIX
  INT04                 0000ff88   00000002  00000000  00000002  RWIX
  INT05                 0000ff8a   00000002  00000000  00000002  RWIX
  INT06                 0000ff8c   00000002  00000000  00000002  RWIX
  INT07                 0000ff8e   00000002  00000000  00000002  RWIX
  INT08                 0000ff90   00000002  00000000  00000002  RWIX
  INT09                 0000ff92   00000002  00000000  00000002  RWIX
  INT10                 0000ff94   00000002  00000000  00000002  RWIX
  INT11                 0000ff96   00000002  00000000  00000002  RWIX
  INT12                 0000ff98   00000002  00000000  00000002  RWIX
  INT13                 0000ff9a   00000002  00000000  00000002  RWIX
  INT14                 0000ff9c   00000002  00000000  00000002  RWIX
  INT15                 0000ff9e   00000002  00000000  00000002  RWIX
  INT16                 0000ffa0   00000002  00000000  00000002  RWIX
  INT17                 0000ffa2   00000002  00000000  00000002  RWIX
  INT18                 0000ffa4   00000002  00000000  00000002  RWIX
  INT19                 0000ffa6   00000002  00000000  00000002  RWIX
  INT20                 0000ffa8   00000002  00000000  00000002  RWIX
  INT21                 0000ffaa   00000002  00000000  00000002  RWIX
  INT22                 0000ffac   00000002  00000000  00000002  RWIX
  INT23                 0000ffae   00000002  00000000  00000002  RWIX
  INT24                 0000ffb0   00000002  00000000  00000002  RWIX
  INT25                 0000ffb2   00000002  00000000  00000002  RWIX
  INT26                 0000ffb4   00000002  00000000  00000002  RWIX
  INT27                 0000ffb6   00000002  00000000  00000002  RWIX
  INT28                 0000ffb8   00000002  00000000  00000002  RWIX
  INT29                 0000ffba   00000002  00000000  00000002  RWIX
  INT30                 0000ffbc   00000002  00000000  00000002  RWIX
  INT31                 0000ffbe   00000002  00000000  00000002  RWIX
  INT32                 0000ffc0   00000002  00000000  00000002  RWIX
  INT33                 0000ffc2   00000002  00000000  00000002  RWIX
  INT34                 0000ffc4   00000002  00000000  00000002  RWIX
  INT35                 0000ffc6   00000002  00000000  00000002  RWIX
  INT36                 0000ffc8   00000002  00000000  00000002  RWIX
  INT37                 0000ffca   00000002  00000002  00000000  RWIX
  INT38                 0000ffcc   00000002  00000002  00000000  RWIX
  INT39                 0000ffce   00000002  00000002  00000000  RWIX
  INT40                 0000ffd0   00000002  00000002  00000000  RWIX
  INT41                 0000ffd2   00000002  00000002  00000000  RWIX
  INT42                 0000ffd4   00000002  00000002  00000000  RWIX
  INT43                 0000ffd6   00000002  00000002  00000000  RWIX
  INT44                 0000ffd8   00000002  00000002  00000000  RWIX
  INT45                 0000ffda   00000002  00000002  00000000  RWIX
  INT46                 0000ffdc   00000002  00000002  00000000  RWIX
  INT47                 0000ffde   00000002  00000002  00000000  RWIX
  INT48                 0000ffe0   00000002  00000002  00000000  RWIX
  INT49                 0000ffe2   00000002  00000002  00000000  RWIX
  INT50                 0000ffe4   00000002  00000002  00000000  RWIX
  INT51                 0000ffe6   00000002  00000002  00000000  RWIX
  INT52                 0000ffe8   00000002  00000002  00000000  RWIX
  INT53                 0000ffea   00000002  00000002  00000000  RWIX
  INT54                 0000ffec   00000002  00000002  00000000  RWIX
  INT55                 0000ffee   00000002  00000002  00000000  RWIX
  INT56                 0000fff0   00000002  00000002  00000000  RWIX
  INT57                 0000fff2   00000002  00000002  00000000  RWIX
  INT58                 0000fff4   00000002  00000002  00000000  RWIX
  INT59                 0000fff6   00000002  00000002  00000000  RWIX
  INT60                 0000fff8   00000002  00000002  00000000  RWIX
  INT61                 0000fffa   00000002  00000002  00000000  RWIX
  INT62                 0000fffc   00000002  00000002  00000000  RWIX
  RESET                 0000fffe   00000002  00000002  00000000  RWIX
  FLASH2                00010000   00038000  00001388  00036c78  RWIX


SECTION ALLOCATION MAP

 output                                  attributes/
section   page    origin      length       input sections
--------  ----  ----------  ----------   ----------------
.bss       0    00002400    00000308     UNINITIALIZED
                  00002400    00000268     (.common:G_LcdBuf)
                  00002668    0000002a     (.common:period_table)
                  00002692    00000024     (.common:results)
                  000026b6    00000014     (.common:sin_table)
                  000026ca    00000004     (.common:BuzzTimeNum)
                  000026ce    00000004     (.common:sin_data_pr)
                  000026d2    00000002     (.common:ADC_FlagBits)
                  000026d4    00000002     (.common:BuzzAlarmCycleCnt)
                  000026d6    00000002     (.common:BuzzAlarmCycleNum)
                  000026d8    00000002     (.common:BuzzFlagBits)
                  000026da    00000002     (.common:DC_Motor_FlagBits)
                  000026dc    00000002     (.common:HR202_Humidity_FlagBits)
                  000026de    00000002     (.common:INA21x_FlagBits)
                  000026e0    00000002     (.common:KeyFlagBits)
                  000026e2    00000002     (.common:LCD_Seg_FlagBits)
                  000026e4    00000002     (.common:LCD_TFT_FlagBits)
                  000026e6    00000002     (.common:LED_Seg_FlagBits)
                  000026e8    00000002     (.common:MatrixKeyFlagBits)
                  000026ea    00000002     (.common:NTC_TMP_FlagBits)
                  000026ec    00000002     (.common:SpeakerFlagBits)
                  000026ee    00000002     (.common:Step_Motor_FlagBits)
                  000026f0    00000002     (.common:TimeFlag1Bits)
                  000026f2    00000002     (.common:TimeFlag2Bits)
                  000026f4    00000002     (.common:Update_01Bits)
                  000026f6    00000002     (.common:Update_02Bits)
                  000026f8    00000002     (.common:Update_03Bits)
                  000026fa    00000002     (.common:average)
                  000026fc    00000002     (.common:hightLight_01Bits)
                  000026fe    00000002     (.common:hightLight_02Bits)
                  00002700    00000002     (.common:k)
                  00002702    00000002     (.common:key)
                  00002704    00000002     (.common:m)
                  00002706    00000002     (.common:n)

.data      0    00002708    00000111     UNINITIALIZED
                  00002708    00000060     Speaker.obj (.data:song_tone_table)
                  00002768    00000030     Speaker.obj (.data:song_long_table)
                  00002798    00000020     LCD_TFT_ILI9325.obj (.data)
                  000027b8    0000001a     System.obj (.data)
                  000027d2    00000012     main.obj (.data)
                  000027e4    0000000e     MatrixKey.obj (.data)
                  000027f2    0000000b     HR202_Humidity.obj (.data)
                  000027fd    00000001     UART_RS232.obj (.data)
                  000027fe    00000008     Key.obj (.data)
                  00002806    00000005     DC_Motor.obj (.data)
                  0000280b    00000001     UART_RS485.obj (.data)
                  0000280c    00000005     Step_Motor.obj (.data)
                  00002811    00000001     --HOLE--
                  00002812    00000004     Speaker.obj (.data)
                  00002816    00000003     ADC.obj (.data)

.stack     0    00006360    000000a0     UNINITIALIZED
                  00006360    00000004     rts430x_lc_rd_eabi.lib : boot.c.obj (.stack)
                  00006364    0000009c     --HOLE--

.text:_isr 
*          0    00008000    000001aa     
                  00008000    000000b2     main.obj (.text:_isr:ADC12ISR)
                  000080b2    0000003c     Interrupt.obj (.text:_isr:TIMER1_A1_ISR)
                  000080ee    00000032     Interrupt.obj (.text:_isr:USCI_A1_ISR)
                  00008120    00000032     main.obj (.text:_isr:port_4)
                  00008152    0000001c     rts430x_lc_rd_eabi.lib : boot.c.obj (.text:_isr:_c_int00_noargs)
                  0000816e    00000018     Interrupt.obj (.text:_isr:TIMER1_A0_ISR)
                  00008186    00000012     Interrupt.obj (.text:_isr:TIMER0_A1_ISR)
                  00008198    0000000a     Interrupt.obj (.text:_isr:TIMER2_A0_ISR)
                  000081a2    00000008     rts430x_lc_rd_eabi.lib : isr_trap.asm.obj (.text:_isr:__TI_ISR_TRAP)

.cinit     0    00008c32    00000098     
                  00008c32    00000076     (.cinit..data.load) [load image, compression = lzss]
                  00008ca8    0000000c     (__TI_handler_table)
                  00008cb4    00000006     (.cinit..bss.load) [load image, compression = zero_init]
                  00008cba    00000010     (__TI_cinit_table)

.binit     0    00008000    00000000     

.init_array 
*          0    00008000    00000000     UNINITIALIZED

.const     0    000081aa    00000a88     
                  000081aa    000005f0     LCD_TFT_ILI9325.obj (.const:asc2_1608)
                  0000879a    00000474     LCD_TFT_ILI9325.obj (.const:asc2_1206)
                  00008c0e    00000024     main.obj (.const:.string)

PORT4      0    0000ffca    00000002     
                  0000ffca    00000002     main.obj (.int37)

PORT3      0    0000ffcc    00000002     
                  0000ffcc    00000002     rts430x_lc_rd_eabi.lib : int38.asm.obj (.int38)

TIMER2_A1 
*          0    0000ffce    00000002     
                  0000ffce    00000002     rts430x_lc_rd_eabi.lib : int39.asm.obj (.int39)

TIMER2_A0 
*          0    0000ffd0    00000002     
                  0000ffd0    00000002     Interrupt.obj (.int40)

DAC12      0    0000ffd2    00000002     
                  0000ffd2    00000002     rts430x_lc_rd_eabi.lib : int41.asm.obj (.int41)

RTC        0    0000ffd4    00000002     
                  0000ffd4    00000002     rts430x_lc_rd_eabi.lib : int42.asm.obj (.int42)

LCD_B      0    0000ffd6    00000002     
                  0000ffd6    00000002     rts430x_lc_rd_eabi.lib : int43.asm.obj (.int43)

PORT2      0    0000ffd8    00000002     
                  0000ffd8    00000002     rts430x_lc_rd_eabi.lib : int44.asm.obj (.int44)

USCI_B1    0    0000ffda    00000002     
                  0000ffda    00000002     rts430x_lc_rd_eabi.lib : int45.asm.obj (.int45)

USCI_A1    0    0000ffdc    00000002     
                  0000ffdc    00000002     Interrupt.obj (.int46)

PORT1      0    0000ffde    00000002     
                  0000ffde    00000002     rts430x_lc_rd_eabi.lib : int47.asm.obj (.int47)

TIMER1_A1 
*          0    0000ffe0    00000002     
                  0000ffe0    00000002     Interrupt.obj (.int48)

TIMER1_A0 
*          0    0000ffe2    00000002     
                  0000ffe2    00000002     Interrupt.obj (.int49)

DMA        0    0000ffe4    00000002     
                  0000ffe4    00000002     rts430x_lc_rd_eabi.lib : int50.asm.obj (.int50)

USB_UBM    0    0000ffe6    00000002     
                  0000ffe6    00000002     rts430x_lc_rd_eabi.lib : int51.asm.obj (.int51)

TIMER0_A1 
*          0    0000ffe8    00000002     
                  0000ffe8    00000002     Interrupt.obj (.int52)

TIMER0_A0 
*          0    0000ffea    00000002     
                  0000ffea    00000002     rts430x_lc_rd_eabi.lib : int53.asm.obj (.int53)

ADC12      0    0000ffec    00000002     
                  0000ffec    00000002     main.obj (.int54)

USCI_B0    0    0000ffee    00000002     
                  0000ffee    00000002     rts430x_lc_rd_eabi.lib : int55.asm.obj (.int55)

USCI_A0    0    0000fff0    00000002     
                  0000fff0    00000002     rts430x_lc_rd_eabi.lib : int56.asm.obj (.int56)

WDT        0    0000fff2    00000002     
                  0000fff2    00000002     rts430x_lc_rd_eabi.lib : int57.asm.obj (.int57)

TIMER0_B1 
*          0    0000fff4    00000002     
                  0000fff4    00000002     rts430x_lc_rd_eabi.lib : int58.asm.obj (.int58)

TIMER0_B0 
*          0    0000fff6    00000002     
                  0000fff6    00000002     rts430x_lc_rd_eabi.lib : int59.asm.obj (.int59)

COMP_B     0    0000fff8    00000002     
                  0000fff8    00000002     rts430x_lc_rd_eabi.lib : int60.asm.obj (.int60)

UNMI       0    0000fffa    00000002     
                  0000fffa    00000002     rts430x_lc_rd_eabi.lib : int61.asm.obj (.int61)

SYSNMI     0    0000fffc    00000002     
                  0000fffc    00000002     rts430x_lc_rd_eabi.lib : int62.asm.obj (.int62)

.reset     0    0000fffe    00000002     
                  0000fffe    00000002     rts430x_lc_rd_eabi.lib : boot.c.obj (.reset)

.text      0    00010000    00001388     
                  00010000    000002b6     LCD_TFT_ILI9325.obj (.text:Init_Register_LCD_TFT_ILI9325)
                  000102b6    00000144     TM1638.obj (.text:Read_MatrixKey_TM1638)
                  000103fa    00000130     main.obj (.text:main)
                  0001052a    00000128     Step_Motor.obj (.text:Positive_Step_Motor)
                  00010652    00000124     Step_Motor.obj (.text:Reverse_Step_Motor)
                  00010776    000000ce     LCD_TFT_ILI9325.obj (.text:LCD_TFT_ShowChar)
                  00010844    000000b2     Key.obj (.text:Scan_Key)
                  000108f6    0000009e     LCD_TFT_ILI9325.obj (.text:LCD_TFT_ShowString)
                  00010994    0000009c     LCD_TFT_ILI9325.obj (.text:LCD_TFT_DrawLine)
                  00010a30    0000008a     MatrixKey.obj (.text:Scan_MatrixKey)
                  00010aba    0000007a     LCD_TFT_ILI9325.obj (.text:Init_LCD_TFT_ILI9325)
                  00010b34    00000076     rts430x_lc_rd_eabi.lib : copy_decompress_lzss.c.obj (.text:decompress:lzss:__TI_decompress_lzss)
                  00010baa    00000072     Speaker.obj (.text:Deal_Song_Beat_Speaker)
                  00010c1c    00000064     LCD_TFT_ILI9325.obj (.text:Init_GPIO_LCD_TFT_ILI9325)
                  00010c80    00000054     System.obj (.text:System_1ms_Task)
                  00010cd4    00000054     rts430x_lc_rd_eabi.lib : autoinit.c.obj (.text:__TI_auto_init_nobinit_nopinit_hold_wdt:__TI_auto_init_nobinit_nopinit_hold_wdt)
                  00010d28    00000052     TM1638.obj (.text:TM1638_Read)
                  00010d7a    00000050     System.obj (.text:System_500ms_Task)
                  00010dca    00000048     TM1638.obj (.text:TM1638_Write)
                  00010e12    00000046     Buzzer.obj (.text:Check_OutputBuzz)
                  00010e58    00000046     LCD_TFT_ILI9325.obj (.text:Reset_LCD_TFT_ILI9325)
                  00010e9e    00000042     System.obj (.text:System_250ms_Task)
                  00010ee0    0000003e     LCD_TFT_ILI9325.obj (.text:LCD_TFT_ClearDisBuf)
                  00010f1e    0000003c     HR202_Humidity.obj (.text:Sample_HR202_Frequency)
                  00010f5a    0000003a     SPI.obj (.text:Initial_SPI_B)
                  00010f94    0000003a     LCD_TFT_ILI9325.obj (.text:LCD_TFT_Clear)
                  00010fce    00000038     Speaker.obj (.text:Deal_Song_Tone_Speaker)
                  00011006    0000002c     Speaker.obj (.text:Deal_Buzz_Speaker)
                  00011032    0000002c     System.obj (.text:System_Timing_Task)
                  0001105e    00000028     Buzzer.obj (.text:Check_Alarm_Buzz)
                  00011086    00000028     Speaker.obj (.text:Check_Buzz_Speaker)
                  000110ae    00000028     LCD_Segment.obj (.text:Close_LCD_Segment)
                  000110d6    00000028     Speaker.obj (.text:Disable_Speaker)
                  000110fe    00000028     System.obj (.text:System_1s_Task)
                  00011126    00000026     System.obj (.text:Timing_In_Work)
                  0001114c    00000024     rts430x_lc_rd_eabi.lib : copy_zero_init.c.obj (.text:decompress:ZI:__TI_zero_init_nomemset:__TI_zero_init_nomemset)
                  00011170    00000022     System.obj (.text:System_10ms_Task)
                  00011192    00000022     System.obj (.text:System_Clock)
                  000111b4    0000001e     LCD_TFT_ILI9325.obj (.text:ILI9325_WriteData)
                  000111d2    0000001e     LCD_TFT_ILI9325.obj (.text:ILI9325_WriteRegIndex)
                  000111f0    0000001c     LCD_TFT_ILI9325.obj (.text:LCD_TFT_SetCursor)
                  0001120c    0000001c     SPI.obj (.text:Send_OneByte_SPI_B)
                  00011228    0000001c     System.obj (.text:System_100ms_Task)
                  00011244    0000001a     DC_Motor.obj (.text:Sample_DC_Motor_Frequency)
                  0001125e    00000018     LCD_Segment.obj (.text:Clear_LCD_Segment)
                  00011276    00000018     Step_Motor.obj (.text:Deal_Step_Motor)
                  0001128e    00000018     rts430x_lc_rd_eabi.lib : mult16_f5hw.asm.obj (.text)
                  000112a6    00000016     Step_Motor.obj (.text:Enable_Step_Motor)
                  000112bc    00000016     LCD_TFT_ILI9325.obj (.text:LCD_TFT_DrawPoint)
                  000112d2    00000016     rts430x_lc_rd_eabi.lib : div16u.asm.obj (.text)
                  000112e8    00000014     main.obj (.text:DAC_Init)
                  000112fc    00000014     LCD_Segment.obj (.text:EnAllSeg_LCD_Segment)
                  00011310    00000014     LCD_Segment.obj (.text:EnModule_LCD_Segment)
                  00011324    00000014     main.obj (.text:Init_TS3A5017DR)
                  00011338    00000014     LCD_TFT_ILI9325.obj (.text:LCD_TFT_WriteReg)
                  0001134c    00000014     rts430x_lc_rd_eabi.lib : memcpy.c.obj (.text:memcpy)
                  00011360    00000012                            : copy_decompress_none.c.obj (.text:decompress:none:__TI_decompress_none)
                  00011372    0000000a     LCD_TFT_ILI9325.obj (.text:LCD_TFT_WriteRAM_CMD)
                  0001137c    00000006     rts430x_lc_rd_eabi.lib : exit.c.obj (.text:abort)
                  00011382    00000004                            : pre_init.c.obj (.text:_system_pre_init)
                  00011386    00000002                            : startup.c.obj (.text:_system_post_cinit)

MODULE SUMMARY

       Module                       code   ro data   rw data
       ------                       ----   -------   -------
    .\
       main.obj                     572    40        56     
    +--+----------------------------+------+---------+---------+
       Total:                       572    40        56     
                                                            
    .\LCD_TFT_Driver\
       LCD_TFT_ILI9325.obj          1766   2660      660    
       Step_Motor.obj               634    0         7      
       Speaker.obj                  294    0         224    
       System.obj                   448    0         30     
       TM1638.obj                   478    0         0      
       Key.obj                      178    0         10     
       Interrupt.obj                162    10        0      
       MatrixKey.obj                138    0         16     
       Buzzer.obj                   110    0         10     
       LCD_Segment.obj              104    0         2      
       SPI.obj                      86     0         0      
       HR202_Humidity.obj           60     0         13     
       DC_Motor.obj                 26     0         7      
       ADC.obj                      0      0         5      
       INA21x.obj                   0      0         2      
       LED_Segment.obj              0      0         2      
       NTC_Temperature.obj          0      0         2      
       UART_RS232.obj               0      0         1      
       UART_RS485.obj               0      0         1      
    +--+----------------------------+------+---------+---------+
       Total:                       4484   2670      992    
                                                            
    C:\ti\ccsv8\tools\compiler\ti-cgt-msp430_18.1.4.LTS\lib\rts430x_lc_rd_eabi.lib
       copy_decompress_lzss.c.obj   118    0         0      
       autoinit.c.obj               84     0         0      
       copy_zero_init.c.obj         36     0         0      
       boot.c.obj                   28     2         0      
       mult16_f5hw.asm.obj          24     0         0      
       div16u.asm.obj               22     0         0      
       memcpy.c.obj                 20     0         0      
       copy_decompress_none.c.obj   18     0         0      
       isr_trap.asm.obj             8      0         0      
       exit.c.obj                   6      0         0      
       pre_init.c.obj               4      0         0      
       int38.asm.obj                0      2         0      
       int39.asm.obj                0      2         0      
       int41.asm.obj                0      2         0      
       int42.asm.obj                0      2         0      
       int43.asm.obj                0      2         0      
       int44.asm.obj                0      2         0      
       int45.asm.obj                0      2         0      
       int47.asm.obj                0      2         0      
       int50.asm.obj                0      2         0      
       int51.asm.obj                0      2         0      
       int53.asm.obj                0      2         0      
       int55.asm.obj                0      2         0      
       int56.asm.obj                0      2         0      
       int57.asm.obj                0      2         0      
       int58.asm.obj                0      2         0      
       int59.asm.obj                0      2         0      
       int60.asm.obj                0      2         0      
       int61.asm.obj                0      2         0      
       int62.asm.obj                0      2         0      
       startup.c.obj                2      0         0      
    +--+----------------------------+------+---------+---------+
       Total:                       370    40        0      
                                                            
       Stack:                       0      0         160    
       Linker Generated:            0      152       0      
    +--+----------------------------+------+---------+---------+
       Grand Total:                 5426   2902      1208   


LINKER GENERATED COPY TABLES

__TI_cinit_table @ 00008cba records: 2, size/record: 8, table size: 16
	.data: load addr=00008c32, load size=00000076 bytes, run addr=00002708, run size=00000111 bytes, compression=lzss
	.bss: load addr=00008cb4, load size=00000006 bytes, run addr=00002400, run size=00000308 bytes, compression=zero_init


LINKER GENERATED HANDLER TABLE

__TI_handler_table @ 00008ca8 records: 3, size/record: 4, table size: 12
	index: 0, handler: __TI_zero_init
	index: 1, handler: __TI_decompress_lzss
	index: 2, handler: __TI_decompress_none


GLOBAL SYMBOLS: SORTED ALPHABETICALLY BY Name 

address   name                                   
-------   ----                                   
00000700  ADC12CTL0                              
00000701  ADC12CTL0_H                            
00000700  ADC12CTL0_L                            
00000702  ADC12CTL1                              
00000703  ADC12CTL1_H                            
00000702  ADC12CTL1_L                            
00000704  ADC12CTL2                              
00000705  ADC12CTL2_H                            
00000704  ADC12CTL2_L                            
0000070c  ADC12IE                                
0000070d  ADC12IE_H                              
0000070c  ADC12IE_L                              
0000070a  ADC12IFG                               
0000070b  ADC12IFG_H                             
0000070a  ADC12IFG_L                             
00008000  ADC12ISR                               
0000070e  ADC12IV                                
0000070f  ADC12IV_H                              
0000070e  ADC12IV_L                              
00000710  ADC12MCTL0                             
00000711  ADC12MCTL1                             
0000071a  ADC12MCTL10                            
0000071b  ADC12MCTL11                            
0000071c  ADC12MCTL12                            
0000071d  ADC12MCTL13                            
0000071e  ADC12MCTL14                            
0000071f  ADC12MCTL15                            
00000712  ADC12MCTL2                             
00000713  ADC12MCTL3                             
00000714  ADC12MCTL4                             
00000715  ADC12MCTL5                             
00000716  ADC12MCTL6                             
00000717  ADC12MCTL7                             
00000718  ADC12MCTL8                             
00000719  ADC12MCTL9                             
00000720  ADC12MEM0                              
00000721  ADC12MEM0_H                            
00000720  ADC12MEM0_L                            
00000722  ADC12MEM1                              
00000734  ADC12MEM10                             
00000735  ADC12MEM10_H                           
00000734  ADC12MEM10_L                           
00000736  ADC12MEM11                             
00000737  ADC12MEM11_H                           
00000736  ADC12MEM11_L                           
00000738  ADC12MEM12                             
00000739  ADC12MEM12_H                           
00000738  ADC12MEM12_L                           
0000073a  ADC12MEM13                             
0000073b  ADC12MEM13_H                           
0000073a  ADC12MEM13_L                           
0000073c  ADC12MEM14                             
0000073d  ADC12MEM14_H                           
0000073c  ADC12MEM14_L                           
0000073e  ADC12MEM15                             
0000073f  ADC12MEM15_H                           
0000073e  ADC12MEM15_L                           
00000723  ADC12MEM1_H                            
00000722  ADC12MEM1_L                            
00000724  ADC12MEM2                              
00000725  ADC12MEM2_H                            
00000724  ADC12MEM2_L                            
00000726  ADC12MEM3                              
00000727  ADC12MEM3_H                            
00000726  ADC12MEM3_L                            
00000728  ADC12MEM4                              
00000729  ADC12MEM4_H                            
00000728  ADC12MEM4_L                            
0000072a  ADC12MEM5                              
0000072b  ADC12MEM5_H                            
0000072a  ADC12MEM5_L                            
0000072c  ADC12MEM6                              
0000072d  ADC12MEM6_H                            
0000072c  ADC12MEM6_L                            
0000072e  ADC12MEM7                              
0000072f  ADC12MEM7_H                            
0000072e  ADC12MEM7_L                            
00000730  ADC12MEM8                              
00000731  ADC12MEM8_H                            
00000730  ADC12MEM8_L                            
00000732  ADC12MEM9                              
00000733  ADC12MEM9_H                            
00000732  ADC12MEM9_L                            
000026d2  ADC_FlagBits                           
0000279a  AD_Back                                
00002798  AD_Point                               
000027b6  BACK_COLOR                             
0000049e  BAKCHCTL                               
0000049f  BAKCHCTL_H                             
0000049e  BAKCHCTL_L                             
0000049c  BAKCTL                                 
0000049d  BAKCTL_H                               
0000049c  BAKCTL_L                               
00000480  BAKMEM0                                
00000481  BAKMEM0_H                              
00000480  BAKMEM0_L                              
00000482  BAKMEM1                                
00000483  BAKMEM1_H                              
00000482  BAKMEM1_L                              
00000484  BAKMEM2                                
00000485  BAKMEM2_H                              
00000484  BAKMEM2_L                              
00000486  BAKMEM3                                
00000487  BAKMEM3_H                              
00000486  BAKMEM3_L                              
000004be  BCD2BIN                                
000004bc  BIN2BCD                                
000026d4  BuzzAlarmCycleCnt                      
000026d6  BuzzAlarmCycleNum                      
000026d8  BuzzFlagBits                           
000026ca  BuzzTimeNum                            
0001137c  C$$EXIT                                
000008c0  CBCTL0                                 
000008c1  CBCTL0_H                               
000008c0  CBCTL0_L                               
000008c2  CBCTL1                                 
000008c3  CBCTL1_H                               
000008c2  CBCTL1_L                               
000008c4  CBCTL2                                 
000008c5  CBCTL2_H                               
000008c4  CBCTL2_L                               
000008c6  CBCTL3                                 
000008c7  CBCTL3_H                               
000008c6  CBCTL3_L                               
000008cc  CBINT                                  
000008cd  CBINT_H                                
000008cc  CBINT_L                                
000008ce  CBIV                                   
00000150  CRCDI                                  
00000152  CRCDIRB                                
00000153  CRCDIRB_H                              
00000152  CRCDIRB_L                              
00000151  CRCDI_H                                
00000150  CRCDI_L                                
00000154  CRCINIRES                              
00000155  CRCINIRES_H                            
00000154  CRCINIRES_L                            
00000156  CRCRESR                                
00000157  CRCRESR_H                              
00000156  CRCRESR_L                              
0001105e  Check_Alarm_Buzz                       
00011086  Check_Buzz_Speaker                     
00010e12  Check_OutputBuzz                       
0001125e  Clear_LCD_Segment                      
000110ae  Close_LCD_Segment                      
00000786  DAC12_0CALCTL                          
00000788  DAC12_0CALDAT                          
00000780  DAC12_0CTL0                            
00000782  DAC12_0CTL1                            
00000784  DAC12_0DAT                             
00000796  DAC12_1CALCTL                          
00000798  DAC12_1CALDAT                          
00000790  DAC12_1CTL0                            
00000792  DAC12_1CTL1                            
00000794  DAC12_1DAT                             
0000079e  DAC12_IV                               
000112e8  DAC_Init                               
000026da  DC_Motor_FlagBits                      
00000510  DMA0CTL                                
00000511  DMA0CTL_H                              
00000510  DMA0CTL_L                              
00000516  DMA0DA                                 
00000518  DMA0DAH                                
00000516  DMA0DAL                                
00000512  DMA0SA                                 
00000514  DMA0SAH                                
00000512  DMA0SAL                                
0000051a  DMA0SZ                                 
00000520  DMA1CTL                                
00000521  DMA1CTL_H                              
00000520  DMA1CTL_L                              
00000526  DMA1DA                                 
00000528  DMA1DAH                                
00000526  DMA1DAL                                
00000522  DMA1SA                                 
00000524  DMA1SAH                                
00000522  DMA1SAL                                
0000052a  DMA1SZ                                 
00000530  DMA2CTL                                
00000531  DMA2CTL_H                              
00000530  DMA2CTL_L                              
00000536  DMA2DA                                 
00000538  DMA2DAH                                
00000536  DMA2DAL                                
00000532  DMA2SA                                 
00000534  DMA2SAH                                
00000532  DMA2SAL                                
0000053a  DMA2SZ                                 
00000540  DMA3CTL                                
00000541  DMA3CTL_H                              
00000540  DMA3CTL_L                              
00000546  DMA3DA                                 
00000548  DMA3DAH                                
00000546  DMA3DAL                                
00000542  DMA3SA                                 
00000544  DMA3SAH                                
00000542  DMA3SAL                                
0000054a  DMA3SZ                                 
00000550  DMA4CTL                                
00000551  DMA4CTL_H                              
00000550  DMA4CTL_L                              
00000556  DMA4DA                                 
00000558  DMA4DAH                                
00000556  DMA4DAL                                
00000552  DMA4SA                                 
00000554  DMA4SAH                                
00000552  DMA4SAL                                
0000055a  DMA4SZ                                 
00000560  DMA5CTL                                
00000561  DMA5CTL_H                              
00000560  DMA5CTL_L                              
00000566  DMA5DA                                 
00000568  DMA5DAH                                
00000566  DMA5DAL                                
00000562  DMA5SA                                 
00000564  DMA5SAH                                
00000562  DMA5SAL                                
0000056a  DMA5SZ                                 
00000500  DMACTL0                                
00000501  DMACTL0_H                              
00000500  DMACTL0_L                              
00000502  DMACTL1                                
00000503  DMACTL1_H                              
00000502  DMACTL1_L                              
00000504  DMACTL2                                
00000505  DMACTL2_H                              
00000504  DMACTL2_L                              
00000506  DMACTL3                                
00000507  DMACTL3_H                              
00000506  DMACTL3_L                              
00000508  DMACTL4                                
00000509  DMACTL4_H                              
00000508  DMACTL4_L                              
0000050e  DMAIV                                  
0000050f  DMAIV_H                                
0000050e  DMAIV_L                                
00011006  Deal_Buzz_Speaker                      
00010baa  Deal_Song_Beat_Speaker                 
00010fce  Deal_Song_Tone_Speaker                 
00011276  Deal_Step_Motor                        
000110d6  Disable_Speaker                        
000112fc  EnAllSeg_LCD_Segment                   
00011310  EnModule_LCD_Segment                   
000112a6  Enable_Step_Motor                      
00000140  FCTL1                                  
00000141  FCTL1_H                                
00000140  FCTL1_L                                
00000144  FCTL3                                  
00000145  FCTL3_H                                
00000144  FCTL3_L                                
00000146  FCTL4                                  
00000147  FCTL4_H                                
00000146  FCTL4_L                                
000027b2  Fixed_Back                             
000027b0  Fixed_Point                            
000027c1  G_100msCnt                             
000027c0  G_10msCnt                              
000027c8  G_1ms_Case                             
000027c6  G_1sCnt                                
000027c2  G_250msCnt                             
000027c4  G_500msCnt                             
00002808  G_DC_Speed                             
00002806  G_DC_SpeedCnt                          
0000280a  G_DC_WorkState                         
000027e7  G_DecimalPoint                         
000027f4  G_HR202_Frequency                      
000027fc  G_HR202_FrequencyCnt                   
000027fa  G_HR202_FrequencyEnd                   
000027f8  G_HR202_FrequencyStart                 
000027f2  G_HR202_Humidity                       
000027e9  G_KeyPlace_Column                      
000027e8  G_KeyPlace_Row                         
000027ea  G_KeyValue_Addr                        
00002816  G_LastAdResult                         
000027cc  G_Last_MainState                       
000027d0  G_Last_WorkState                       
00002400  G_LcdBuf                               
000027ca  G_MainState                            
000027e5  G_MatrixKeyCnt                         
000027e4  G_MatrixKeyValue                       
000027fd  G_RxData_RS232                         
0000280b  G_RxData_RS485                         
0000280c  G_Step_Speed                           
0000280e  G_Step_WorkState                       
000027b8  G_TimingCnt                            
000027bc  G_Timing_InWork_Cnt                    
00002812  G_Timing_Speaker_Cnt                   
000027e6  G_TotalKeyNum                          
000027ce  G_WorkState                            
000027a2  HL_Menu_Back                           
000027a0  HL_Menu_Point                          
000027aa  HL_Test_Back                           
000027a8  HL_Test_Point                          
000026dc  HR202_Humidity_FlagBits                
000111b4  ILI9325_WriteData                      
000111d2  ILI9325_WriteRegIndex                  
000026de  INA21x_FlagBits                        
00010c1c  Init_GPIO_LCD_TFT_ILI9325              
00010aba  Init_LCD_TFT_ILI9325                   
00010000  Init_Register_LCD_TFT_ILI9325          
00011324  Init_TS3A5017DR                        
00010f5a  Initial_SPI_B                          
000026e0  KeyFlagBits                            
000027fe  KeyValue                               
00000a04  LCDBBLKCTL                             
00000a05  LCDBBLKCTL_H                           
00000a04  LCDBBLKCTL_L                           
00000a12  LCDBCPCTL                              
00000a13  LCDBCPCTL_H                            
00000a12  LCDBCPCTL_L                            
00000a00  LCDBCTL0                               
00000a01  LCDBCTL0_H                             
00000a00  LCDBCTL0_L                             
00000a02  LCDBCTL1                               
00000a03  LCDBCTL1_H                             
00000a02  LCDBCTL1_L                             
00000a1e  LCDBIV                                 
00000a40  LCDBM1                                 
00000a49  LCDBM10                                
00000a4a  LCDBM11                                
00000a4b  LCDBM12                                
00000a4c  LCDBM13                                
00000a4d  LCDBM14                                
00000a4e  LCDBM15                                
00000a4f  LCDBM16                                
00000a50  LCDBM17                                
00000a51  LCDBM18                                
00000a52  LCDBM19                                
00000a41  LCDBM2                                 
00000a53  LCDBM20                                
00000a54  LCDBM21                                
00000a55  LCDBM22                                
00000a56  LCDBM23                                
00000a57  LCDBM24                                
00000a42  LCDBM3                                 
00000a43  LCDBM4                                 
00000a44  LCDBM5                                 
00000a45  LCDBM6                                 
00000a46  LCDBM7                                 
00000a47  LCDBM8                                 
00000a48  LCDBM9                                 
00000a06  LCDBMEMCTL                             
00000a07  LCDBMEMCTL_H                           
00000a06  LCDBMEMCTL_L                           
00000a0a  LCDBPCTL0                              
00000a0b  LCDBPCTL0_H                            
00000a0a  LCDBPCTL0_L                            
00000a0c  LCDBPCTL1                              
00000a0d  LCDBPCTL1_H                            
00000a0c  LCDBPCTL1_L                            
00000a0e  LCDBPCTL2                              
00000a0f  LCDBPCTL2_H                            
00000a0e  LCDBPCTL2_L                            
00000a10  LCDBPCTL3                              
00000a11  LCDBPCTL3_H                            
00000a10  LCDBPCTL3_L                            
00000a08  LCDBVCTL                               
00000a09  LCDBVCTL_H                             
00000a08  LCDBVCTL_L                             
00000a20  LCDM1                                  
00000a29  LCDM10                                 
00000a2a  LCDM11                                 
00000a2b  LCDM12                                 
00000a2c  LCDM13                                 
00000a2d  LCDM14                                 
00000a2e  LCDM15                                 
00000a2f  LCDM16                                 
00000a30  LCDM17                                 
00000a31  LCDM18                                 
00000a32  LCDM19                                 
00000a21  LCDM2                                  
00000a33  LCDM20                                 
00000a34  LCDM21                                 
00000a35  LCDM22                                 
00000a36  LCDM23                                 
00000a37  LCDM24                                 
00000a22  LCDM3                                  
00000a23  LCDM4                                  
00000a24  LCDM5                                  
00000a25  LCDM6                                  
00000a26  LCDM7                                  
00000a27  LCDM8                                  
00000a28  LCDM9                                  
000026e2  LCD_Seg_FlagBits                       
00010f94  LCD_TFT_Clear                          
00010ee0  LCD_TFT_ClearDisBuf                    
00010994  LCD_TFT_DrawLine                       
000112bc  LCD_TFT_DrawPoint                      
000026e4  LCD_TFT_FlagBits                       
000111f0  LCD_TFT_SetCursor                      
00010776  LCD_TFT_ShowChar                       
000108f6  LCD_TFT_ShowString                     
000111b4  LCD_TFT_WriteRAM                       
00011372  LCD_TFT_WriteRAM_CMD                   
00011338  LCD_TFT_WriteReg                       
000026e6  LED_Seg_FlagBits                       
000004c4  MAC                                    
000004da  MAC32H                                 
000004db  MAC32H_H                               
000004da  MAC32H_L                               
000004d8  MAC32L                                 
000004d9  MAC32L_H                               
000004d8  MAC32L_L                               
000004c6  MACS                                   
000004de  MACS32H                                
000004df  MACS32H_H                              
000004de  MACS32H_L                              
000004dc  MACS32L                                
000004dd  MACS32L_H                              
000004dc  MACS32L_L                              
000004c7  MACS_H                                 
000004c6  MACS_L                                 
000004c5  MAC_H                                  
000004c4  MAC_L                                  
000004c0  MPY                                    
000004ec  MPY32CTL0                              
000004ed  MPY32CTL0_H                            
000004ec  MPY32CTL0_L                            
000004d2  MPY32H                                 
000004d3  MPY32H_H                               
000004d2  MPY32H_L                               
000004d0  MPY32L                                 
000004d1  MPY32L_H                               
000004d0  MPY32L_L                               
000004c2  MPYS                                   
000004d6  MPYS32H                                
000004d7  MPYS32H_H                              
000004d6  MPYS32H_L                              
000004d4  MPYS32L                                
000004d5  MPYS32L_H                              
000004d4  MPYS32L_L                              
000004c3  MPYS_H                                 
000004c2  MPYS_L                                 
000004c1  MPY_H                                  
000004c0  MPY_L                                  
000026e8  MatrixKeyFlagBits                      
0000279e  Menu_Back                              
0000279c  Menu_Point                             
000027ae  Monitor_Back                           
000027ac  Monitor_Point                          
000026ea  NTC_TMP_FlagBits                       
000004c8  OP2                                    
000004e2  OP2H                                   
000004e3  OP2H_H                                 
000004e2  OP2H_L                                 
000004e0  OP2L                                   
000004e1  OP2L_H                                 
000004e0  OP2L_L                                 
000004c9  OP2_H                                  
000004c8  OP2_L                                  
0000020e  P1IV                                   
0000021e  P2IV                                   
000001d0  P2MAP01                                
000001d1  P2MAP01_H                              
000001d0  P2MAP01_L                              
000001d2  P2MAP23                                
000001d3  P2MAP23_H                              
000001d2  P2MAP23_L                              
000001d4  P2MAP45                                
000001d5  P2MAP45_H                              
000001d4  P2MAP45_L                              
000001d6  P2MAP67                                
000001d7  P2MAP67_H                              
000001d6  P2MAP67_L                              
0000022e  P3IV                                   
0000023e  P4IV                                   
00000204  PADIR                                  
00000205  PADIR_H                                
00000204  PADIR_L                                
00000208  PADS                                   
00000209  PADS_H                                 
00000208  PADS_L                                 
0000021a  PAIE                                   
00000218  PAIES                                  
00000219  PAIES_H                                
00000218  PAIES_L                                
0000021b  PAIE_H                                 
0000021a  PAIE_L                                 
0000021c  PAIFG                                  
0000021d  PAIFG_H                                
0000021c  PAIFG_L                                
00000200  PAIN                                   
00000201  PAIN_H                                 
00000200  PAIN_L                                 
00000202  PAOUT                                  
00000203  PAOUT_H                                
00000202  PAOUT_L                                
00000206  PAREN                                  
00000207  PAREN_H                                
00000206  PAREN_L                                
0000020a  PASEL                                  
0000020b  PASEL_H                                
0000020a  PASEL_L                                
00000224  PBDIR                                  
00000225  PBDIR_H                                
00000224  PBDIR_L                                
00000228  PBDS                                   
00000229  PBDS_H                                 
00000228  PBDS_L                                 
0000023a  PBIE                                   
00000238  PBIES                                  
00000239  PBIES_H                                
00000238  PBIES_L                                
0000023b  PBIE_H                                 
0000023a  PBIE_L                                 
0000023c  PBIFG                                  
0000023d  PBIFG_H                                
0000023c  PBIFG_L                                
00000220  PBIN                                   
00000221  PBIN_H                                 
00000220  PBIN_L                                 
00000222  PBOUT                                  
00000223  PBOUT_H                                
00000222  PBOUT_L                                
00000226  PBREN                                  
00000227  PBREN_H                                
00000226  PBREN_L                                
0000022a  PBSEL                                  
0000022b  PBSEL_H                                
0000022a  PBSEL_L                                
00000244  PCDIR                                  
00000245  PCDIR_H                                
00000244  PCDIR_L                                
00000248  PCDS                                   
00000249  PCDS_H                                 
00000248  PCDS_L                                 
00000240  PCIN                                   
00000241  PCIN_H                                 
00000240  PCIN_L                                 
00000242  PCOUT                                  
00000243  PCOUT_H                                
00000242  PCOUT_L                                
00000246  PCREN                                  
00000247  PCREN_H                                
00000246  PCREN_L                                
0000024a  PCSEL                                  
0000024b  PCSEL_H                                
0000024a  PCSEL_L                                
00000264  PDDIR                                  
00000265  PDDIR_H                                
00000264  PDDIR_L                                
00000268  PDDS                                   
00000269  PDDS_H                                 
00000268  PDDS_L                                 
00000260  PDIN                                   
00000261  PDIN_H                                 
00000260  PDIN_L                                 
00000262  PDOUT                                  
00000263  PDOUT_H                                
00000262  PDOUT_L                                
00000266  PDREN                                  
00000267  PDREN_H                                
00000266  PDREN_L                                
0000026a  PDSEL                                  
0000026b  PDSEL_H                                
0000026a  PDSEL_L                                
00000284  PEDIR                                  
00000285  PEDIR_H                                
00000284  PEDIR_L                                
00000288  PEDS                                   
00000289  PEDS_H                                 
00000288  PEDS_L                                 
00000280  PEIN                                   
00000281  PEIN_H                                 
00000280  PEIN_L                                 
00000282  PEOUT                                  
00000283  PEOUT_H                                
00000282  PEOUT_L                                
00000286  PEREN                                  
00000287  PEREN_H                                
00000286  PEREN_L                                
0000028a  PESEL                                  
0000028b  PESEL_H                                
0000028a  PESEL_L                                
00000324  PJDIR                                  
00000325  PJDIR_H                                
00000324  PJDIR_L                                
00000328  PJDS                                   
00000329  PJDS_H                                 
00000328  PJDS_L                                 
00000320  PJIN                                   
00000321  PJIN_H                                 
00000320  PJIN_L                                 
00000322  PJOUT                                  
00000323  PJOUT_H                                
00000322  PJOUT_L                                
00000326  PJREN                                  
00000327  PJREN_H                                
00000326  PJREN_L                                
00000130  PM5CTL0                                
00000131  PM5CTL0_H                              
00000130  PM5CTL0_L                              
000001c2  PMAPCTL                                
000001c3  PMAPCTL_H                              
000001c2  PMAPCTL_L                              
000001c0  PMAPKEYID                              
000001c1  PMAPKEYID_H                            
000001c0  PMAPKEYID_L                            
00000120  PMMCTL0                                
00000121  PMMCTL0_H                              
00000120  PMMCTL0_L                              
00000122  PMMCTL1                                
00000123  PMMCTL1_H                              
00000122  PMMCTL1_L                              
0000012c  PMMIFG                                 
0000012d  PMMIFG_H                               
0000012c  PMMIFG_L                               
0000012e  PMMRIE                                 
0000012f  PMMRIE_H                               
0000012e  PMMRIE_L                               
000027b4  POINT_COLOR                            
0001052a  Positive_Step_Motor                    
00000158  RCCTL0                                 
00000159  RCCTL0_H                               
00000158  RCCTL0_L                               
000001b0  REFCTL0                                
000001b1  REFCTL0_H                              
000001b0  REFCTL0_L                              
000004e4  RES0                                   
000004e5  RES0_H                                 
000004e4  RES0_L                                 
000004e6  RES1                                   
000004e7  RES1_H                                 
000004e6  RES1_L                                 
000004e8  RES2                                   
000004e9  RES2_H                                 
000004e8  RES2_L                                 
000004ea  RES3                                   
000004eb  RES3_H                                 
000004ea  RES3_L                                 
000004cc  RESHI                                  
000004cd  RESHI_H                                
000004cc  RESHI_L                                
000004ca  RESLO                                  
000004cb  RESLO_H                                
000004ca  RESLO_L                                
000004ba  RTCADOWDAY                             
000004bb  RTCADOWDAY_H                           
000004ba  RTCADOWDAY_L                           
000004b8  RTCAMINHR                              
000004b9  RTCAMINHR_H                            
000004b8  RTCAMINHR_L                            
000004a0  RTCCTL01                               
000004a1  RTCCTL01_H                             
000004a0  RTCCTL01_L                             
000004a2  RTCCTL23                               
000004a3  RTCCTL23_H                             
000004a2  RTCCTL23_L                             
000004b4  RTCDATE                                
000004b5  RTCDATE_H                              
000004b4  RTCDATE_L                              
000004ae  RTCIV                                  
000004ac  RTCPS                                  
000004a8  RTCPS0CTL                              
000004a9  RTCPS0CTL_H                            
000004a8  RTCPS0CTL_L                            
000004aa  RTCPS1CTL                              
000004ab  RTCPS1CTL_H                            
000004aa  RTCPS1CTL_L                            
000004ad  RTCPS_H                                
000004ac  RTCPS_L                                
000004b0  RTCTIM0                                
000004b1  RTCTIM0_H                              
000004b0  RTCTIM0_L                              
000004b2  RTCTIM1                                
000004b3  RTCTIM1_H                              
000004b2  RTCTIM1_L                              
000004b6  RTCYEAR                                
000004b7  RTCYEAR_H                              
000004b6  RTCYEAR_L                              
000102b6  Read_MatrixKey_TM1638                  
00010e58  Reset_LCD_TFT_ILI9325                  
00010652  Reverse_Step_Motor                     
00000100  SFRIE1                                 
00000101  SFRIE1_H                               
00000100  SFRIE1_L                               
00000102  SFRIFG1                                
00000103  SFRIFG1_H                              
00000102  SFRIFG1_L                              
00000104  SFRRPCR                                
00000105  SFRRPCR_H                              
00000104  SFRRPCR_L                              
000004ce  SUMEXT                                 
000004cf  SUMEXT_H                               
000004ce  SUMEXT_L                               
00000124  SVSMHCTL                               
00000125  SVSMHCTL_H                             
00000124  SVSMHCTL_L                             
00000128  SVSMIO                                 
00000129  SVSMIO_H                               
00000128  SVSMIO_L                               
00000126  SVSMLCTL                               
00000127  SVSMLCTL_H                             
00000126  SVSMLCTL_L                             
00000198  SYSBERRIV                              
00000199  SYSBERRIV_H                            
00000198  SYSBERRIV_L                            
00000182  SYSBSLC                                
00000183  SYSBSLC_H                              
00000182  SYSBSLC_L                              
00000180  SYSCTL                                 
00000181  SYSCTL_H                               
00000180  SYSCTL_L                               
00000186  SYSJMBC                                
00000187  SYSJMBC_H                              
00000186  SYSJMBC_L                              
00000188  SYSJMBI0                               
00000189  SYSJMBI0_H                             
00000188  SYSJMBI0_L                             
0000018a  SYSJMBI1                               
0000018b  SYSJMBI1_H                             
0000018a  SYSJMBI1_L                             
0000018c  SYSJMBO0                               
0000018d  SYSJMBO0_H                             
0000018c  SYSJMBO0_L                             
0000018e  SYSJMBO1                               
0000018f  SYSJMBO1_H                             
0000018e  SYSJMBO1_L                             
0000019e  SYSRSTIV                               
0000019f  SYSRSTIV_H                             
0000019e  SYSRSTIV_L                             
0000019c  SYSSNIV                                
0000019d  SYSSNIV_H                              
0000019c  SYSSNIV_L                              
0000019a  SYSUNIV                                
0000019b  SYSUNIV_H                              
0000019a  SYSUNIV_L                              
00011244  Sample_DC_Motor_Frequency              
00010f1e  Sample_HR202_Frequency                 
00010844  Scan_Key                               
00010a30  Scan_MatrixKey                         
0001120c  Send_OneByte_SPI_B                     
000026ec  SpeakerFlagBits                        
000026ee  Step_Motor_FlagBits                    
00011228  System_100ms_Task                      
00011170  System_10ms_Task                       
00010c80  System_1ms_Task                        
000110fe  System_1s_Task                         
00010e9e  System_250ms_Task                      
00010d7a  System_500ms_Task                      
00011192  System_Clock                           
00011032  System_Timing_Task                     
00000352  TA0CCR0                                
00000354  TA0CCR1                                
00000356  TA0CCR2                                
00000358  TA0CCR3                                
0000035a  TA0CCR4                                
00000342  TA0CCTL0                               
00000344  TA0CCTL1                               
00000346  TA0CCTL2                               
00000348  TA0CCTL3                               
0000034a  TA0CCTL4                               
00000340  TA0CTL                                 
00000360  TA0EX0                                 
0000036e  TA0IV                                  
00000350  TA0R                                   
00000392  TA1CCR0                                
00000394  TA1CCR1                                
00000396  TA1CCR2                                
00000382  TA1CCTL0                               
00000384  TA1CCTL1                               
00000386  TA1CCTL2                               
00000380  TA1CTL                                 
000003a0  TA1EX0                                 
000003ae  TA1IV                                  
00000390  TA1R                                   
00000412  TA2CCR0                                
00000414  TA2CCR1                                
00000416  TA2CCR2                                
00000402  TA2CCTL0                               
00000404  TA2CCTL1                               
00000406  TA2CCTL2                               
00000400  TA2CTL                                 
00000420  TA2EX0                                 
0000042e  TA2IV                                  
00000410  TA2R                                   
000003d2  TB0CCR0                                
000003d4  TB0CCR1                                
000003d6  TB0CCR2                                
000003d8  TB0CCR3                                
000003da  TB0CCR4                                
000003dc  TB0CCR5                                
000003de  TB0CCR6                                
000003c2  TB0CCTL0                               
000003c4  TB0CCTL1                               
000003c6  TB0CCTL2                               
000003c8  TB0CCTL3                               
000003ca  TB0CCTL4                               
000003cc  TB0CCTL5                               
000003ce  TB0CCTL6                               
000003c0  TB0CTL                                 
000003e0  TB0EX0                                 
000003ee  TB0IV                                  
000003d0  TB0R                                   
00008186  TIMER0_A1_ISR                          
0000816e  TIMER1_A0_ISR                          
000080b2  TIMER1_A1_ISR                          
00008198  TIMER2_A0_ISR                          
000027a6  Test_Back                              
000027a4  Test_Point                             
000026f0  TimeFlag1Bits                          
000026f2  TimeFlag2Bits                          
00011126  Timing_In_Work                         
000005d0  UCA0ABCTL                              
000005c6  UCA0BRW                                
000005c7  UCA0BRW_H                              
000005c6  UCA0BRW_L                              
000005c0  UCA0CTLW0                              
000005c1  UCA0CTLW0_H                            
000005c0  UCA0CTLW0_L                            
000005dc  UCA0ICTL                               
000005dd  UCA0ICTL_H                             
000005dc  UCA0ICTL_L                             
000005d2  UCA0IRCTL                              
000005d3  UCA0IRCTL_H                            
000005d2  UCA0IRCTL_L                            
000005de  UCA0IV                                 
000005c8  UCA0MCTL                               
000005cc  UCA0RXBUF                              
000005ca  UCA0STAT                               
000005ce  UCA0TXBUF                              
00000610  UCA1ABCTL                              
00000606  UCA1BRW                                
00000607  UCA1BRW_H                              
00000606  UCA1BRW_L                              
00000600  UCA1CTLW0                              
00000601  UCA1CTLW0_H                            
00000600  UCA1CTLW0_L                            
0000061c  UCA1ICTL                               
0000061d  UCA1ICTL_H                             
0000061c  UCA1ICTL_L                             
00000612  UCA1IRCTL                              
00000613  UCA1IRCTL_H                            
00000612  UCA1IRCTL_L                            
0000061e  UCA1IV                                 
00000608  UCA1MCTL                               
0000060c  UCA1RXBUF                              
0000060a  UCA1STAT                               
0000060e  UCA1TXBUF                              
000005e6  UCB0BRW                                
000005e7  UCB0BRW_H                              
000005e6  UCB0BRW_L                              
000005e0  UCB0CTLW0                              
000005e1  UCB0CTLW0_H                            
000005e0  UCB0CTLW0_L                            
000005f0  UCB0I2COA                              
000005f1  UCB0I2COA_H                            
000005f0  UCB0I2COA_L                            
000005f2  UCB0I2CSA                              
000005f3  UCB0I2CSA_H                            
000005f2  UCB0I2CSA_L                            
000005fc  UCB0ICTL                               
000005fd  UCB0ICTL_H                             
000005fc  UCB0ICTL_L                             
000005fe  UCB0IV                                 
000005ec  UCB0RXBUF                              
000005ea  UCB0STAT                               
000005ee  UCB0TXBUF                              
00000626  UCB1BRW                                
00000627  UCB1BRW_H                              
00000626  UCB1BRW_L                              
00000620  UCB1CTLW0                              
00000621  UCB1CTLW0_H                            
00000620  UCB1CTLW0_L                            
00000630  UCB1I2COA                              
00000631  UCB1I2COA_H                            
00000630  UCB1I2COA_L                            
00000632  UCB1I2CSA                              
00000633  UCB1I2CSA_H                            
00000632  UCB1I2CSA_L                            
0000063c  UCB1ICTL                               
0000063d  UCB1ICTL_H                             
0000063c  UCB1ICTL_L                             
0000063e  UCB1IV                                 
0000062c  UCB1RXBUF                              
0000062a  UCB1STAT                               
0000062e  UCB1TXBUF                              
00000160  UCSCTL0                                
00000161  UCSCTL0_H                              
00000160  UCSCTL0_L                              
00000162  UCSCTL1                                
00000163  UCSCTL1_H                              
00000162  UCSCTL1_L                              
00000164  UCSCTL2                                
00000165  UCSCTL2_H                              
00000164  UCSCTL2_L                              
00000166  UCSCTL3                                
00000167  UCSCTL3_H                              
00000166  UCSCTL3_L                              
00000168  UCSCTL4                                
00000169  UCSCTL4_H                              
00000168  UCSCTL4_L                              
0000016a  UCSCTL5                                
0000016b  UCSCTL5_H                              
0000016a  UCSCTL5_L                              
0000016c  UCSCTL6                                
0000016d  UCSCTL6_H                              
0000016c  UCSCTL6_L                              
0000016e  UCSCTL7                                
0000016f  UCSCTL7_H                              
0000016e  UCSCTL7_L                              
00000170  UCSCTL8                                
00000171  UCSCTL8_H                              
00000170  UCSCTL8_L                              
00000902  USBCNF                                 
00000903  USBCNF_H                               
00000902  USBCNF_L                               
0000093c  USBCTL                                 
0000093a  USBFN                                  
0000093b  USBFN_H                                
0000093a  USBFN_L                                
0000093f  USBFUNADR                              
0000093d  USBIE                                  
00002378  USBIEP0BUF                             
000023c9  USBIEPBBAX_1                           
000023d1  USBIEPBBAX_2                           
000023d9  USBIEPBBAX_3                           
000023e1  USBIEPBBAX_4                           
000023e9  USBIEPBBAX_5                           
000023f1  USBIEPBBAX_6                           
000023f9  USBIEPBBAX_7                           
000023cd  USBIEPBBAY_1                           
000023d5  USBIEPBBAY_2                           
000023dd  USBIEPBBAY_3                           
000023e5  USBIEPBBAY_4                           
000023ed  USBIEPBBAY_5                           
000023f5  USBIEPBBAY_6                           
000023fd  USBIEPBBAY_7                           
000023ca  USBIEPBCTX_1                           
000023d2  USBIEPBCTX_2                           
000023da  USBIEPBCTX_3                           
000023e2  USBIEPBCTX_4                           
000023ea  USBIEPBCTX_5                           
000023f2  USBIEPBCTX_6                           
000023fa  USBIEPBCTX_7                           
000023ce  USBIEPBCTY_1                           
000023d6  USBIEPBCTY_2                           
000023de  USBIEPBCTY_3                           
000023e6  USBIEPBCTY_4                           
000023ee  USBIEPBCTY_5                           
000023f6  USBIEPBCTY_6                           
000023fe  USBIEPBCTY_7                           
00000920  USBIEPCNF_0                            
000023c8  USBIEPCNF_1                            
000023d0  USBIEPCNF_2                            
000023d8  USBIEPCNF_3                            
000023e0  USBIEPCNF_4                            
000023e8  USBIEPCNF_5                            
000023f0  USBIEPCNF_6                            
000023f8  USBIEPCNF_7                            
00000921  USBIEPCNT_0                            
0000092e  USBIEPIE                               
00000930  USBIEPIFG                              
000023cf  USBIEPSIZXY_1                          
000023d7  USBIEPSIZXY_2                          
000023df  USBIEPSIZXY_3                          
000023e7  USBIEPSIZXY_4                          
000023ef  USBIEPSIZXY_5                          
000023f7  USBIEPSIZXY_6                          
000023ff  USBIEPSIZXY_7                          
0000093e  USBIFG                                 
00000900  USBKEYID                               
00000901  USBKEYID_H                             
00000900  USBKEYID_L                             
00000936  USBMAINT                               
00000937  USBMAINT_H                             
00000936  USBMAINT_L                             
00002370  USBOEP0BUF                             
00002389  USBOEPBBAX_1                           
00002391  USBOEPBBAX_2                           
00002399  USBOEPBBAX_3                           
000023a1  USBOEPBBAX_4                           
000023a9  USBOEPBBAX_5                           
000023b1  USBOEPBBAX_6                           
000023b9  USBOEPBBAX_7                           
0000238d  USBOEPBBAY_1                           
00002395  USBOEPBBAY_2                           
0000239d  USBOEPBBAY_3                           
000023a5  USBOEPBBAY_4                           
000023ad  USBOEPBBAY_5                           
000023b5  USBOEPBBAY_6                           
000023bd  USBOEPBBAY_7                           
0000238a  USBOEPBCTX_1                           
00002392  USBOEPBCTX_2                           
0000239a  USBOEPBCTX_3                           
000023a2  USBOEPBCTX_4                           
000023aa  USBOEPBCTX_5                           
000023b2  USBOEPBCTX_6                           
000023ba  USBOEPBCTX_7                           
0000238e  USBOEPBCTY_1                           
00002396  USBOEPBCTY_2                           
0000239e  USBOEPBCTY_3                           
000023a6  USBOEPBCTY_4                           
000023ae  USBOEPBCTY_5                           
000023b6  USBOEPBCTY_6                           
000023be  USBOEPBCTY_7                           
00000922  USBOEPCNF_0                            
00002388  USBOEPCNF_1                            
00002390  USBOEPCNF_2                            
00002398  USBOEPCNF_3                            
000023a0  USBOEPCNF_4                            
000023a8  USBOEPCNF_5                            
000023b0  USBOEPCNF_6                            
000023b8  USBOEPCNF_7                            
00000923  USBOEPCNT_0                            
0000092f  USBOEPIE                               
00000931  USBOEPIFG                              
0000238f  USBOEPSIZXY_1                          
00002397  USBOEPSIZXY_2                          
0000239f  USBOEPSIZXY_3                          
000023a7  USBOEPSIZXY_4                          
000023af  USBOEPSIZXY_5                          
000023b7  USBOEPSIZXY_6                          
000023bf  USBOEPSIZXY_7                          
00000904  USBPHYCTL                              
00000905  USBPHYCTL_H                            
00000904  USBPHYCTL_L                            
00000910  USBPLLCTL                              
00000911  USBPLLCTL_H                            
00000910  USBPLLCTL_L                            
00000912  USBPLLDIVB                             
00000913  USBPLLDIVB_H                           
00000912  USBPLLDIVB_L                           
00000914  USBPLLIR                               
00000915  USBPLLIR_H                             
00000914  USBPLLIR_L                             
00000908  USBPWRCTL                              
00000909  USBPWRCTL_H                            
00000908  USBPWRCTL_L                            
00001c00  USBSTABUFF                             
00002380  USBSUBLK                               
0000236f  USBTOPBUFF                             
00000938  USBTSREG                               
00000939  USBTSREG_H                             
00000938  USBTSREG_L                             
00000932  USBVECINT                              
00000933  USBVECINT_H                            
00000932  USBVECINT_L                            
000080ee  USCI_A1_ISR                            
000026f4  Update_01Bits                          
000026f6  Update_02Bits                          
000026f8  Update_03Bits                          
000027da  Vpp                                    
0000015c  WDTCTL                                 
0000015d  WDTCTL_H                               
0000015c  WDTCTL_L                               
00006400  __STACK_END                            
000000a0  __STACK_SIZE                           
00008cba  __TI_CINIT_Base                        
00008cca  __TI_CINIT_Limit                       
00008ca8  __TI_Handler_Table_Base                
00008cb4  __TI_Handler_Table_Limit               
000081a2  __TI_ISR_TRAP                          
00010cd4  __TI_auto_init_nobinit_nopinit_hold_wdt
00010b34  __TI_decompress_lzss                   
00011360  __TI_decompress_none                   
0000ffca  __TI_int37                             
0000ffcc  __TI_int38                             
0000ffce  __TI_int39                             
0000ffd0  __TI_int40                             
0000ffd2  __TI_int41                             
0000ffd4  __TI_int42                             
0000ffd6  __TI_int43                             
0000ffd8  __TI_int44                             
0000ffda  __TI_int45                             
0000ffdc  __TI_int46                             
0000ffde  __TI_int47                             
0000ffe0  __TI_int48                             
0000ffe2  __TI_int49                             
0000ffe4  __TI_int50                             
0000ffe6  __TI_int51                             
[...]
00000939  USBTSREG_H                             
0000093a  USBFN                                  
0000093a  USBFN_L                                
0000093b  USBFN_H                                
0000093c  USBCTL                                 
0000093d  USBIE                                  
0000093e  USBIFG                                 
0000093f  USBFUNADR                              
00000a00  LCDBCTL0                               
00000a00  LCDBCTL0_L                             
00000a01  LCDBCTL0_H                             
00000a02  LCDBCTL1                               
00000a02  LCDBCTL1_L                             
00000a03  LCDBCTL1_H                             
00000a04  LCDBBLKCTL                             
00000a04  LCDBBLKCTL_L                           
00000a05  LCDBBLKCTL_H                           
00000a06  LCDBMEMCTL                             
00000a06  LCDBMEMCTL_L                           
00000a07  LCDBMEMCTL_H                           
00000a08  LCDBVCTL                               
00000a08  LCDBVCTL_L                             
00000a09  LCDBVCTL_H                             
00000a0a  LCDBPCTL0                              
00000a0a  LCDBPCTL0_L                            
00000a0b  LCDBPCTL0_H                            
00000a0c  LCDBPCTL1                              
00000a0c  LCDBPCTL1_L                            
00000a0d  LCDBPCTL1_H                            
00000a0e  LCDBPCTL2                              
00000a0e  LCDBPCTL2_L                            
00000a0f  LCDBPCTL2_H                            
00000a10  LCDBPCTL3                              
00000a10  LCDBPCTL3_L                            
00000a11  LCDBPCTL3_H                            
00000a12  LCDBCPCTL                              
00000a12  LCDBCPCTL_L                            
00000a13  LCDBCPCTL_H                            
00000a1e  LCDBIV                                 
00000a20  LCDM1                                  
00000a21  LCDM2                                  
00000a22  LCDM3                                  
00000a23  LCDM4                                  
00000a24  LCDM5                                  
00000a25  LCDM6                                  
00000a26  LCDM7                                  
00000a27  LCDM8                                  
00000a28  LCDM9                                  
00000a29  LCDM10                                 
00000a2a  LCDM11                                 
00000a2b  LCDM12                                 
00000a2c  LCDM13                                 
00000a2d  LCDM14                                 
00000a2e  LCDM15                                 
00000a2f  LCDM16                                 
00000a30  LCDM17                                 
00000a31  LCDM18                                 
00000a32  LCDM19                                 
00000a33  LCDM20                                 
00000a34  LCDM21                                 
00000a35  LCDM22                                 
00000a36  LCDM23                                 
00000a37  LCDM24                                 
00000a40  LCDBM1                                 
00000a41  LCDBM2                                 
00000a42  LCDBM3                                 
00000a43  LCDBM4                                 
00000a44  LCDBM5                                 
00000a45  LCDBM6                                 
00000a46  LCDBM7                                 
00000a47  LCDBM8                                 
00000a48  LCDBM9                                 
00000a49  LCDBM10                                
00000a4a  LCDBM11                                
00000a4b  LCDBM12                                
00000a4c  LCDBM13                                
00000a4d  LCDBM14                                
00000a4e  LCDBM15                                
00000a4f  LCDBM16                                
00000a50  LCDBM17                                
00000a51  LCDBM18                                
00000a52  LCDBM19                                
00000a53  LCDBM20                                
00000a54  LCDBM21                                
00000a55  LCDBM22                                
00000a56  LCDBM23                                
00000a57  LCDBM24                                
00001c00  USBSTABUFF                             
0000236f  USBTOPBUFF                             
00002370  USBOEP0BUF                             
00002378  USBIEP0BUF                             
00002380  USBSUBLK                               
00002388  USBOEPCNF_1                            
00002389  USBOEPBBAX_1                           
0000238a  USBOEPBCTX_1                           
0000238d  USBOEPBBAY_1                           
0000238e  USBOEPBCTY_1                           
0000238f  USBOEPSIZXY_1                          
00002390  USBOEPCNF_2                            
00002391  USBOEPBBAX_2                           
00002392  USBOEPBCTX_2                           
00002395  USBOEPBBAY_2                           
00002396  USBOEPBCTY_2                           
00002397  USBOEPSIZXY_2                          
00002398  USBOEPCNF_3                            
00002399  USBOEPBBAX_3                           
0000239a  USBOEPBCTX_3                           
0000239d  USBOEPBBAY_3                           
0000239e  USBOEPBCTY_3                           
0000239f  USBOEPSIZXY_3                          
000023a0  USBOEPCNF_4                            
000023a1  USBOEPBBAX_4                           
000023a2  USBOEPBCTX_4                           
000023a5  USBOEPBBAY_4                           
000023a6  USBOEPBCTY_4                           
000023a7  USBOEPSIZXY_4                          
000023a8  USBOEPCNF_5                            
000023a9  USBOEPBBAX_5                           
000023aa  USBOEPBCTX_5                           
000023ad  USBOEPBBAY_5                           
000023ae  USBOEPBCTY_5                           
000023af  USBOEPSIZXY_5                          
000023b0  USBOEPCNF_6                            
000023b1  USBOEPBBAX_6                           
000023b2  USBOEPBCTX_6                           
000023b5  USBOEPBBAY_6                           
000023b6  USBOEPBCTY_6                           
000023b7  USBOEPSIZXY_6                          
000023b8  USBOEPCNF_7                            
000023b9  USBOEPBBAX_7                           
000023ba  USBOEPBCTX_7                           
000023bd  USBOEPBBAY_7                           
000023be  USBOEPBCTY_7                           
000023bf  USBOEPSIZXY_7                          
000023c8  USBIEPCNF_1                            
000023c9  USBIEPBBAX_1                           
000023ca  USBIEPBCTX_1                           
000023cd  USBIEPBBAY_1                           
000023ce  USBIEPBCTY_1                           
000023cf  USBIEPSIZXY_1                          
000023d0  USBIEPCNF_2                            
000023d1  USBIEPBBAX_2                           
000023d2  USBIEPBCTX_2                           
000023d5  USBIEPBBAY_2                           
000023d6  USBIEPBCTY_2                           
000023d7  USBIEPSIZXY_2                          
000023d8  USBIEPCNF_3                            
000023d9  USBIEPBBAX_3                           
000023da  USBIEPBCTX_3                           
000023dd  USBIEPBBAY_3                           
000023de  USBIEPBCTY_3                           
000023df  USBIEPSIZXY_3                          
000023e0  USBIEPCNF_4                            
000023e1  USBIEPBBAX_4                           
000023e2  USBIEPBCTX_4                           
000023e5  USBIEPBBAY_4                           
000023e6  USBIEPBCTY_4                           
000023e7  USBIEPSIZXY_4                          
000023e8  USBIEPCNF_5                            
000023e9  USBIEPBBAX_5                           
000023ea  USBIEPBCTX_5                           
000023ed  USBIEPBBAY_5                           
000023ee  USBIEPBCTY_5                           
000023ef  USBIEPSIZXY_5                          
000023f0  USBIEPCNF_6                            
000023f1  USBIEPBBAX_6                           
000023f2  USBIEPBCTX_6                           
000023f5  USBIEPBBAY_6                           
000023f6  USBIEPBCTY_6                           
000023f7  USBIEPSIZXY_6                          
000023f8  USBIEPCNF_7                            
000023f9  USBIEPBBAX_7                           
000023fa  USBIEPBCTX_7                           
000023fd  USBIEPBBAY_7                           
000023fe  USBIEPBCTY_7                           
000023ff  USBIEPSIZXY_7                          
00002400  G_LcdBuf                               
00002668  period_table                           
00002692  results                                
000026b6  sin_table                              
000026ca  BuzzTimeNum                            
000026ce  sin_data_pr                            
000026d2  ADC_FlagBits                           
000026d4  BuzzAlarmCycleCnt                      
000026d6  BuzzAlarmCycleNum                      
000026d8  BuzzFlagBits                           
000026da  DC_Motor_FlagBits                      
000026dc  HR202_Humidity_FlagBits                
000026de  INA21x_FlagBits                        
000026e0  KeyFlagBits                            
000026e2  LCD_Seg_FlagBits                       
000026e4  LCD_TFT_FlagBits                       
000026e6  LED_Seg_FlagBits                       
000026e8  MatrixKeyFlagBits                      
000026ea  NTC_TMP_FlagBits                       
000026ec  SpeakerFlagBits                        
000026ee  Step_Motor_FlagBits                    
000026f0  TimeFlag1Bits                          
000026f2  TimeFlag2Bits                          
000026f4  Update_01Bits                          
000026f6  Update_02Bits                          
000026f8  Update_03Bits                          
000026fa  average                                
000026fc  hightLight_01Bits                      
000026fe  hightLight_02Bits                      
00002700  k                                      
00002702  key                                    
00002704  m                                      
00002706  n                                      
00002708  song_tone_table                        
00002768  song_long_table                        
00002798  AD_Point                               
0000279a  AD_Back                                
0000279c  Menu_Point                             
0000279e  Menu_Back                              
000027a0  HL_Menu_Point                          
000027a2  HL_Menu_Back                           
000027a4  Test_Point                             
000027a6  Test_Back                              
000027a8  HL_Test_Point                          
000027aa  HL_Test_Back                           
000027ac  Monitor_Point                          
000027ae  Monitor_Back                           
000027b0  Fixed_Point                            
000027b2  Fixed_Back                             
000027b4  POINT_COLOR                            
000027b6  BACK_COLOR                             
000027b8  G_TimingCnt                            
000027bc  G_Timing_InWork_Cnt                    
000027c0  G_10msCnt                              
000027c1  G_100msCnt                             
000027c2  G_250msCnt                             
000027c4  G_500msCnt                             
000027c6  G_1sCnt                                
000027c8  G_1ms_Case                             
000027ca  G_MainState                            
000027cc  G_Last_MainState                       
000027ce  G_WorkState                            
000027d0  G_Last_WorkState                       
000027d2  index                                  
000027d4  xp                                     
000027d6  yp                                     
000027d8  yp1                                    
000027da  Vpp                                    
000027dc  div                                    
000027de  flagstat                               
000027e2  mode2                                  
000027e4  G_MatrixKeyValue                       
000027e5  G_MatrixKeyCnt                         
000027e6  G_TotalKeyNum                          
000027e7  G_DecimalPoint                         
000027e8  G_KeyPlace_Row                         
000027e9  G_KeyPlace_Column                      
000027ea  G_KeyValue_Addr                        
000027ec  pMatrixKeyResult                       
000027ed  pMatrixKeyBuffer                       
000027ee  pMatrixKeyCnt                          
000027ef  pMatrixKeyNullCnt                      
000027f0  pLongMatrixKeyCnt                      
000027f2  G_HR202_Humidity                       
000027f4  G_HR202_Frequency                      
000027f8  G_HR202_FrequencyStart                 
000027fa  G_HR202_FrequencyEnd                   
000027fc  G_HR202_FrequencyCnt                   
000027fd  G_RxData_RS232                         
000027fe  KeyValue                               
000027ff  pKeyResult                             
00002800  pKeyBuffer                             
00002801  pKeyBuffer1                            
00002802  pKeyCnt                                
00002803  pKeyNullCnt                            
00002804  pLongKeyCnt                            
00002806  G_DC_SpeedCnt                          
00002808  G_DC_Speed                             
0000280a  G_DC_WorkState                         
0000280b  G_RxData_RS485                         
0000280c  G_Step_Speed                           
0000280e  G_Step_WorkState                       
00002812  G_Timing_Speaker_Cnt                   
00002816  G_LastAdResult                         
00002818  pAdCnt                                 
00006360  _stack                                 
00006400  __STACK_END                            
00008000  ADC12ISR                               
000080b2  TIMER1_A1_ISR                          
000080ee  USCI_A1_ISR                            
00008120  port_4                                 
00008152  _c_int00_noargs                        
0000816e  TIMER1_A0_ISR                          
00008186  TIMER0_A1_ISR                          
00008198  TIMER2_A0_ISR                          
000081a2  __TI_ISR_TRAP                          
000081aa  asc2_1608                              
0000879a  asc2_1206                              
00008ca8  __TI_Handler_Table_Base                
00008cb4  __TI_Handler_Table_Limit               
00008cba  __TI_CINIT_Base                        
00008cca  __TI_CINIT_Limit                       
0000ffca  __TI_int37                             
0000ffcc  __TI_int38                             
0000ffce  __TI_int39                             
0000ffd0  __TI_int40                             
0000ffd2  __TI_int41                             
0000ffd4  __TI_int42                             
0000ffd6  __TI_int43                             
0000ffd8  __TI_int44                             
0000ffda  __TI_int45                             
0000ffdc  __TI_int46                             
0000ffde  __TI_int47                             
0000ffe0  __TI_int48                             
0000ffe2  __TI_int49                             
0000ffe4  __TI_int50                             
0000ffe6  __TI_int51                             
0000ffe8  __TI_int52                             
0000ffea  __TI_int53                             
0000ffec  __TI_int54                             
0000ffee  __TI_int55                             
0000fff0  __TI_int56                             
0000fff2  __TI_int57                             
0000fff4  __TI_int58                             
0000fff6  __TI_int59                             
0000fff8  __TI_int60                             
0000fffa  __TI_int61                             
0000fffc  __TI_int62                             
0000fffe  _reset_vector                          
00010000  Init_Register_LCD_TFT_ILI9325          
000102b6  Read_MatrixKey_TM1638                  
000103fa  main                                   
0001052a  Positive_Step_Motor                    
00010652  Reverse_Step_Motor                     
00010776  LCD_TFT_ShowChar                       
00010844  Scan_Key                               
000108f6  LCD_TFT_ShowString                     
00010994  LCD_TFT_DrawLine                       
00010a30  Scan_MatrixKey                         
00010aba  Init_LCD_TFT_ILI9325                   
00010b34  __TI_decompress_lzss                   
00010baa  Deal_Song_Beat_Speaker                 
00010c1c  Init_GPIO_LCD_TFT_ILI9325              
00010c80  System_1ms_Task                        
00010cd4  __TI_auto_init_nobinit_nopinit_hold_wdt
00010d7a  System_500ms_Task                      
00010e12  Check_OutputBuzz                       
00010e58  Reset_LCD_TFT_ILI9325                  
00010e9e  System_250ms_Task                      
00010ee0  LCD_TFT_ClearDisBuf                    
00010f1e  Sample_HR202_Frequency                 
00010f5a  Initial_SPI_B                          
00010f94  LCD_TFT_Clear                          
00010fce  Deal_Song_Tone_Speaker                 
00011006  Deal_Buzz_Speaker                      
00011032  System_Timing_Task                     
0001105e  Check_Alarm_Buzz                       
00011086  Check_Buzz_Speaker                     
000110ae  Close_LCD_Segment                      
000110d6  Disable_Speaker                        
000110fe  System_1s_Task                         
00011126  Timing_In_Work                         
0001114c  __TI_zero_init_nomemset                
00011170  System_10ms_Task                       
00011192  System_Clock                           
000111b4  ILI9325_WriteData                      
000111b4  LCD_TFT_WriteRAM                       
000111d2  ILI9325_WriteRegIndex                  
000111f0  LCD_TFT_SetCursor                      
0001120c  Send_OneByte_SPI_B                     
00011228  System_100ms_Task                      
00011244  Sample_DC_Motor_Frequency              
0001125e  Clear_LCD_Segment                      
00011276  Deal_Step_Motor                        
0001128e  __mspabi_mpyi_f5hw                     
000112a6  Enable_Step_Motor                      
000112bc  LCD_TFT_DrawPoint                      
000112d2  __mspabi_divu                          
000112d2  __mspabi_remu                          
000112e8  DAC_Init                               
000112fc  EnAllSeg_LCD_Segment                   
00011310  EnModule_LCD_Segment                   
00011324  Init_TS3A5017DR                        
00011338  LCD_TFT_WriteReg                       
0001134c  memcpy                                 
00011360  __TI_decompress_none                   
00011372  LCD_TFT_WriteRAM_CMD                   
0001137c  C$$EXIT                                
0001137c  abort                                  
00011382  _system_pre_init                       
00011386  _system_post_cinit                     
ffffffff  __TI_pprof_out_hndl                    
ffffffff  __TI_prof_data_size                    
ffffffff  __TI_prof_data_start                   
ffffffff  __c_args__                             

[1133 symbols]
