<?xml version="1.0" encoding="ISO-8859-1" ?>
<link_info>
   <banner>MSP430 Linker PC v18.1.4.LTS</banner>
   <copyright>Copyright (c) 2003-2018 Texas Instruments Incorporated</copyright>
   <link_time>0x5c22133f</link_time>
   <link_errors>0x0</link_errors>
   <output_file>Signal_Reader.out</output_file>
   <entry_point>
      <name>_c_int00_noargs</name>
      <address>0x8182</address>
   </entry_point>
   <input_file_list>
      <input_file id="fl-2">
         <path>.\</path>
         <kind>object</kind>
         <file>HAL_FLASH.obj</file>
         <name>HAL_FLASH.obj</name>
      </input_file>
      <input_file id="fl-3">
         <path>.\</path>
         <kind>object</kind>
         <file>HAL_PMAP.obj</file>
         <name>HAL_PMAP.obj</name>
      </input_file>
      <input_file id="fl-4">
         <path>.\</path>
         <kind>object</kind>
         <file>HAL_PMM.obj</file>
         <name>HAL_PMM.obj</name>
      </input_file>
      <input_file id="fl-5">
         <path>.\</path>
         <kind>object</kind>
         <file>HAL_TLV.obj</file>
         <name>HAL_TLV.obj</name>
      </input_file>
      <input_file id="fl-6">
         <path>.\</path>
         <kind>object</kind>
         <file>HAL_UCS.obj</file>
         <name>HAL_UCS.obj</name>
      </input_file>
      <input_file id="fl-7">
         <path>.\</path>
         <kind>object</kind>
         <file>main.obj</file>
         <name>main.obj</name>
      </input_file>
      <input_file id="fl-8">
         <path>.\LCD_TFT_Driver\</path>
         <kind>object</kind>
         <file>ADC.obj</file>
         <name>ADC.obj</name>
      </input_file>
      <input_file id="fl-9">
         <path>.\LCD_TFT_Driver\</path>
         <kind>object</kind>
         <file>BQ27410_FuelGauge.obj</file>
         <name>BQ27410_FuelGauge.obj</name>
      </input_file>
      <input_file id="fl-a">
         <path>.\LCD_TFT_Driver\</path>
         <kind>object</kind>
         <file>Buzzer.obj</file>
         <name>Buzzer.obj</name>
      </input_file>
      <input_file id="fl-b">
         <path>.\LCD_TFT_Driver\</path>
         <kind>object</kind>
         <file>CC1101.obj</file>
         <name>CC1101.obj</name>
      </input_file>
      <input_file id="fl-c">
         <path>.\LCD_TFT_Driver\</path>
         <kind>object</kind>
         <file>CD405x_Multiplexer.obj</file>
         <name>CD405x_Multiplexer.obj</name>
      </input_file>
      <input_file id="fl-d">
         <path>.\LCD_TFT_Driver\</path>
         <kind>object</kind>
         <file>CTS_HAL.obj</file>
         <name>CTS_HAL.obj</name>
      </input_file>
      <input_file id="fl-e">
         <path>.\LCD_TFT_Driver\</path>
         <kind>object</kind>
         <file>CTS_Layer.obj</file>
         <name>CTS_Layer.obj</name>
      </input_file>
      <input_file id="fl-f">
         <path>.\LCD_TFT_Driver\</path>
         <kind>object</kind>
         <file>DC_Motor.obj</file>
         <name>DC_Motor.obj</name>
      </input_file>
      <input_file id="fl-10">
         <path>.\LCD_TFT_Driver\</path>
         <kind>object</kind>
         <file>Generic.obj</file>
         <name>Generic.obj</name>
      </input_file>
      <input_file id="fl-11">
         <path>.\LCD_TFT_Driver\</path>
         <kind>object</kind>
         <file>HAL_SDCard.obj</file>
         <name>HAL_SDCard.obj</name>
      </input_file>
      <input_file id="fl-12">
         <path>.\LCD_TFT_Driver\</path>
         <kind>object</kind>
         <file>HR202_Humidity.obj</file>
         <name>HR202_Humidity.obj</name>
      </input_file>
      <input_file id="fl-13">
         <path>.\LCD_TFT_Driver\</path>
         <kind>object</kind>
         <file>I2C.obj</file>
         <name>I2C.obj</name>
      </input_file>
      <input_file id="fl-14">
         <path>.\LCD_TFT_Driver\</path>
         <kind>object</kind>
         <file>INA21x.obj</file>
         <name>INA21x.obj</name>
      </input_file>
      <input_file id="fl-15">
         <path>.\LCD_TFT_Driver\</path>
         <kind>object</kind>
         <file>Interrupt.obj</file>
         <name>Interrupt.obj</name>
      </input_file>
      <input_file id="fl-16">
         <path>.\LCD_TFT_Driver\</path>
         <kind>object</kind>
         <file>Key.obj</file>
         <name>Key.obj</name>
      </input_file>
      <input_file id="fl-17">
         <path>.\LCD_TFT_Driver\</path>
         <kind>object</kind>
         <file>LCD_Segment.obj</file>
         <name>LCD_Segment.obj</name>
      </input_file>
      <input_file id="fl-18">
         <path>.\LCD_TFT_Driver\</path>
         <kind>object</kind>
         <file>LCD_TFT_ILI9325.obj</file>
         <name>LCD_TFT_ILI9325.obj</name>
      </input_file>
      <input_file id="fl-19">
         <path>.\LCD_TFT_Driver\</path>
         <kind>object</kind>
         <file>LED_Segment.obj</file>
         <name>LED_Segment.obj</name>
      </input_file>
      <input_file id="fl-1a">
         <path>.\LCD_TFT_Driver\</path>
         <kind>object</kind>
         <file>Main1.obj</file>
         <name>Main1.obj</name>
      </input_file>
      <input_file id="fl-1b">
         <path>.\LCD_TFT_Driver\</path>
         <kind>object</kind>
         <file>MatrixKey.obj</file>
         <name>MatrixKey.obj</name>
      </input_file>
      <input_file id="fl-1c">
         <path>.\LCD_TFT_Driver\</path>
         <kind>object</kind>
         <file>MyProject.obj</file>
         <name>MyProject.obj</name>
      </input_file>
      <input_file id="fl-1d">
         <path>.\LCD_TFT_Driver\</path>
         <kind>object</kind>
         <file>MyProject_Deal_State.obj</file>
         <name>MyProject_Deal_State.obj</name>
      </input_file>
      <input_file id="fl-1e">
         <path>.\LCD_TFT_Driver\</path>
         <kind>object</kind>
         <file>MyProject_Initial_State.obj</file>
         <name>MyProject_Initial_State.obj</name>
      </input_file>
      <input_file id="fl-1f">
         <path>.\LCD_TFT_Driver\</path>
         <kind>object</kind>
         <file>MyProject_Set_LCD_TFT.obj</file>
         <name>MyProject_Set_LCD_TFT.obj</name>
      </input_file>
      <input_file id="fl-20">
         <path>.\LCD_TFT_Driver\</path>
         <kind>object</kind>
         <file>NTC_Temperature.obj</file>
         <name>NTC_Temperature.obj</name>
      </input_file>
      <input_file id="fl-21">
         <path>.\LCD_TFT_Driver\</path>
         <kind>object</kind>
         <file>RTC.obj</file>
         <name>RTC.obj</name>
      </input_file>
      <input_file id="fl-22">
         <path>.\LCD_TFT_Driver\</path>
         <kind>object</kind>
         <file>SDaccess.obj</file>
         <name>SDaccess.obj</name>
      </input_file>
      <input_file id="fl-23">
         <path>.\LCD_TFT_Driver\</path>
         <kind>object</kind>
         <file>SPI.obj</file>
         <name>SPI.obj</name>
      </input_file>
      <input_file id="fl-24">
         <path>.\LCD_TFT_Driver\</path>
         <kind>object</kind>
         <file>Speaker.obj</file>
         <name>Speaker.obj</name>
      </input_file>
      <input_file id="fl-25">
         <path>.\LCD_TFT_Driver\</path>
         <kind>object</kind>
         <file>Step_Motor.obj</file>
         <name>Step_Motor.obj</name>
      </input_file>
      <input_file id="fl-26">
         <path>.\LCD_TFT_Driver\</path>
         <kind>object</kind>
         <file>System.obj</file>
         <name>System.obj</name>
      </input_file>
      <input_file id="fl-27">
         <path>.\LCD_TFT_Driver\</path>
         <kind>object</kind>
         <file>TM1638.obj</file>
         <name>TM1638.obj</name>
      </input_file>
      <input_file id="fl-28">
         <path>.\LCD_TFT_Driver\</path>
         <kind>object</kind>
         <file>TMP006_Temperature.obj</file>
         <name>TMP006_Temperature.obj</name>
      </input_file>
      <input_file id="fl-29">
         <path>.\LCD_TFT_Driver\</path>
         <kind>object</kind>
         <file>TMP100_Temperature.obj</file>
         <name>TMP100_Temperature.obj</name>
      </input_file>
      <input_file id="fl-2a">
         <path>.\LCD_TFT_Driver\</path>
         <kind>object</kind>
         <file>Timer.obj</file>
         <name>Timer.obj</name>
      </input_file>
      <input_file id="fl-2b">
         <path>.\LCD_TFT_Driver\</path>
         <kind>object</kind>
         <file>Touch_Pad.obj</file>
         <name>Touch_Pad.obj</name>
      </input_file>
      <input_file id="fl-2c">
         <path>.\LCD_TFT_Driver\</path>
         <kind>object</kind>
         <file>UART.obj</file>
         <name>UART.obj</name>
      </input_file>
      <input_file id="fl-2d">
         <path>.\LCD_TFT_Driver\</path>
         <kind>object</kind>
         <file>UART_IrDA.obj</file>
         <name>UART_IrDA.obj</name>
      </input_file>
      <input_file id="fl-2e">
         <path>.\LCD_TFT_Driver\</path>
         <kind>object</kind>
         <file>UART_RS232.obj</file>
         <name>UART_RS232.obj</name>
      </input_file>
      <input_file id="fl-2f">
         <path>.\LCD_TFT_Driver\</path>
         <kind>object</kind>
         <file>UART_RS485.obj</file>
         <name>UART_RS485.obj</name>
      </input_file>
      <input_file id="fl-30">
         <path>.\LCD_TFT_Driver\</path>
         <kind>object</kind>
         <file>ff.obj</file>
         <name>ff.obj</name>
      </input_file>
      <input_file id="fl-31">
         <path>.\LCD_TFT_Driver\</path>
         <kind>object</kind>
         <file>mmc.obj</file>
         <name>mmc.obj</name>
      </input_file>
      <input_file id="fl-32">
         <path>.\LCD_TFT_Driver\</path>
         <kind>object</kind>
         <file>structure.obj</file>
         <name>structure.obj</name>
      </input_file>
      <input_file id="fl-38">
         <kind>object</kind>
         <file>&lt;internal&gt;</file>
         <name>&lt;internal&gt;</name>
      </input_file>
      <input_file id="fl-53">
         <path>C:\ti\ccsv8\tools\compiler\ti-cgt-msp430_18.1.4.LTS\lib\</path>
         <kind>archive</kind>
         <file>rts430x_lc_rd_eabi.lib</file>
         <name>s_sin.c.obj</name>
      </input_file>
      <input_file id="fl-54">
         <path>C:\ti\ccsv8\tools\compiler\ti-cgt-msp430_18.1.4.LTS\lib\</path>
         <kind>archive</kind>
         <file>rts430x_lc_rd_eabi.lib</file>
         <name>div16s.asm.obj</name>
      </input_file>
      <input_file id="fl-55">
         <path>C:\ti\ccsv8\tools\compiler\ti-cgt-msp430_18.1.4.LTS\lib\</path>
         <kind>archive</kind>
         <file>rts430x_lc_rd_eabi.lib</file>
         <name>div16u.asm.obj</name>
      </input_file>
      <input_file id="fl-56">
         <path>C:\ti\ccsv8\tools\compiler\ti-cgt-msp430_18.1.4.LTS\lib\</path>
         <kind>archive</kind>
         <file>rts430x_lc_rd_eabi.lib</file>
         <name>div32s.asm.obj</name>
      </input_file>
      <input_file id="fl-57">
         <path>C:\ti\ccsv8\tools\compiler\ti-cgt-msp430_18.1.4.LTS\lib\</path>
         <kind>archive</kind>
         <file>rts430x_lc_rd_eabi.lib</file>
         <name>div32u.asm.obj</name>
      </input_file>
      <input_file id="fl-58">
         <path>C:\ti\ccsv8\tools\compiler\ti-cgt-msp430_18.1.4.LTS\lib\</path>
         <kind>archive</kind>
         <file>rts430x_lc_rd_eabi.lib</file>
         <name>fs_add.asm.obj</name>
      </input_file>
      <input_file id="fl-59">
         <path>C:\ti\ccsv8\tools\compiler\ti-cgt-msp430_18.1.4.LTS\lib\</path>
         <kind>archive</kind>
         <file>rts430x_lc_rd_eabi.lib</file>
         <name>fs_mpy.asm.obj</name>
      </input_file>
      <input_file id="fl-5a">
         <path>C:\ti\ccsv8\tools\compiler\ti-cgt-msp430_18.1.4.LTS\lib\</path>
         <kind>archive</kind>
         <file>rts430x_lc_rd_eabi.lib</file>
         <name>fs_neg.asm.obj</name>
      </input_file>
      <input_file id="fl-5b">
         <path>C:\ti\ccsv8\tools\compiler\ti-cgt-msp430_18.1.4.LTS\lib\</path>
         <kind>archive</kind>
         <file>rts430x_lc_rd_eabi.lib</file>
         <name>fs_toi.asm.obj</name>
      </input_file>
      <input_file id="fl-5c">
         <path>C:\ti\ccsv8\tools\compiler\ti-cgt-msp430_18.1.4.LTS\lib\</path>
         <kind>archive</kind>
         <file>rts430x_lc_rd_eabi.lib</file>
         <name>int38.asm.obj</name>
      </input_file>
      <input_file id="fl-5d">
         <path>C:\ti\ccsv8\tools\compiler\ti-cgt-msp430_18.1.4.LTS\lib\</path>
         <kind>archive</kind>
         <file>rts430x_lc_rd_eabi.lib</file>
         <name>int39.asm.obj</name>
      </input_file>
      <input_file id="fl-5e">
         <path>C:\ti\ccsv8\tools\compiler\ti-cgt-msp430_18.1.4.LTS\lib\</path>
         <kind>archive</kind>
         <file>rts430x_lc_rd_eabi.lib</file>
         <name>int41.asm.obj</name>
      </input_file>
      <input_file id="fl-5f">
         <path>C:\ti\ccsv8\tools\compiler\ti-cgt-msp430_18.1.4.LTS\lib\</path>
         <kind>archive</kind>
         <file>rts430x_lc_rd_eabi.lib</file>
         <name>int42.asm.obj</name>
      </input_file>
      <input_file id="fl-60">
         <path>C:\ti\ccsv8\tools\compiler\ti-cgt-msp430_18.1.4.LTS\lib\</path>
         <kind>archive</kind>
         <file>rts430x_lc_rd_eabi.lib</file>
         <name>int43.asm.obj</name>
      </input_file>
      <input_file id="fl-61">
         <path>C:\ti\ccsv8\tools\compiler\ti-cgt-msp430_18.1.4.LTS\lib\</path>
         <kind>archive</kind>
         <file>rts430x_lc_rd_eabi.lib</file>
         <name>int44.asm.obj</name>
      </input_file>
      <input_file id="fl-62">
         <path>C:\ti\ccsv8\tools\compiler\ti-cgt-msp430_18.1.4.LTS\lib\</path>
         <kind>archive</kind>
         <file>rts430x_lc_rd_eabi.lib</file>
         <name>int45.asm.obj</name>
      </input_file>
      <input_file id="fl-63">
         <path>C:\ti\ccsv8\tools\compiler\ti-cgt-msp430_18.1.4.LTS\lib\</path>
         <kind>archive</kind>
         <file>rts430x_lc_rd_eabi.lib</file>
         <name>int47.asm.obj</name>
      </input_file>
      <input_file id="fl-64">
         <path>C:\ti\ccsv8\tools\compiler\ti-cgt-msp430_18.1.4.LTS\lib\</path>
         <kind>archive</kind>
         <file>rts430x_lc_rd_eabi.lib</file>
         <name>int50.asm.obj</name>
      </input_file>
      <input_file id="fl-65">
         <path>C:\ti\ccsv8\tools\compiler\ti-cgt-msp430_18.1.4.LTS\lib\</path>
         <kind>archive</kind>
         <file>rts430x_lc_rd_eabi.lib</file>
         <name>int51.asm.obj</name>
      </input_file>
      <input_file id="fl-66">
         <path>C:\ti\ccsv8\tools\compiler\ti-cgt-msp430_18.1.4.LTS\lib\</path>
         <kind>archive</kind>
         <file>rts430x_lc_rd_eabi.lib</file>
         <name>int53.asm.obj</name>
      </input_file>
      <input_file id="fl-67">
         <path>C:\ti\ccsv8\tools\compiler\ti-cgt-msp430_18.1.4.LTS\lib\</path>
         <kind>archive</kind>
         <file>rts430x_lc_rd_eabi.lib</file>
         <name>int55.asm.obj</name>
      </input_file>
      <input_file id="fl-68">
         <path>C:\ti\ccsv8\tools\compiler\ti-cgt-msp430_18.1.4.LTS\lib\</path>
         <kind>archive</kind>
         <file>rts430x_lc_rd_eabi.lib</file>
         <name>int56.asm.obj</name>
      </input_file>
      <input_file id="fl-69">
         <path>C:\ti\ccsv8\tools\compiler\ti-cgt-msp430_18.1.4.LTS\lib\</path>
         <kind>archive</kind>
         <file>rts430x_lc_rd_eabi.lib</file>
         <name>int57.asm.obj</name>
      </input_file>
      <input_file id="fl-6a">
         <path>C:\ti\ccsv8\tools\compiler\ti-cgt-msp430_18.1.4.LTS\lib\</path>
         <kind>archive</kind>
         <file>rts430x_lc_rd_eabi.lib</file>
         <name>int58.asm.obj</name>
      </input_file>
      <input_file id="fl-6b">
         <path>C:\ti\ccsv8\tools\compiler\ti-cgt-msp430_18.1.4.LTS\lib\</path>
         <kind>archive</kind>
         <file>rts430x_lc_rd_eabi.lib</file>
         <name>int59.asm.obj</name>
      </input_file>
      <input_file id="fl-6c">
         <path>C:\ti\ccsv8\tools\compiler\ti-cgt-msp430_18.1.4.LTS\lib\</path>
         <kind>archive</kind>
         <file>rts430x_lc_rd_eabi.lib</file>
         <name>int60.asm.obj</name>
      </input_file>
      <input_file id="fl-6d">
         <path>C:\ti\ccsv8\tools\compiler\ti-cgt-msp430_18.1.4.LTS\lib\</path>
         <kind>archive</kind>
         <file>rts430x_lc_rd_eabi.lib</file>
         <name>int61.asm.obj</name>
      </input_file>
      <input_file id="fl-6e">
         <path>C:\ti\ccsv8\tools\compiler\ti-cgt-msp430_18.1.4.LTS\lib\</path>
         <kind>archive</kind>
         <file>rts430x_lc_rd_eabi.lib</file>
         <name>int62.asm.obj</name>
      </input_file>
      <input_file id="fl-6f">
         <path>C:\ti\ccsv8\tools\compiler\ti-cgt-msp430_18.1.4.LTS\lib\</path>
         <kind>archive</kind>
         <file>rts430x_lc_rd_eabi.lib</file>
         <name>isr_trap.asm.obj</name>
      </input_file>
      <input_file id="fl-70">
         <path>C:\ti\ccsv8\tools\compiler\ti-cgt-msp430_18.1.4.LTS\lib\</path>
         <kind>archive</kind>
         <file>rts430x_lc_rd_eabi.lib</file>
         <name>lsl32.asm.obj</name>
      </input_file>
      <input_file id="fl-71">
         <path>C:\ti\ccsv8\tools\compiler\ti-cgt-msp430_18.1.4.LTS\lib\</path>
         <kind>archive</kind>
         <file>rts430x_lc_rd_eabi.lib</file>
         <name>lsr32.asm.obj</name>
      </input_file>
      <input_file id="fl-72">
         <path>C:\ti\ccsv8\tools\compiler\ti-cgt-msp430_18.1.4.LTS\lib\</path>
         <kind>archive</kind>
         <file>rts430x_lc_rd_eabi.lib</file>
         <name>mult16.asm.obj</name>
      </input_file>
      <input_file id="fl-73">
         <path>C:\ti\ccsv8\tools\compiler\ti-cgt-msp430_18.1.4.LTS\lib\</path>
         <kind>archive</kind>
         <file>rts430x_lc_rd_eabi.lib</file>
         <name>mult16_f5hw.asm.obj</name>
      </input_file>
      <input_file id="fl-74">
         <path>C:\ti\ccsv8\tools\compiler\ti-cgt-msp430_18.1.4.LTS\lib\</path>
         <kind>archive</kind>
         <file>rts430x_lc_rd_eabi.lib</file>
         <name>mult1632_f5hw.asm.obj</name>
      </input_file>
      <input_file id="fl-75">
         <path>C:\ti\ccsv8\tools\compiler\ti-cgt-msp430_18.1.4.LTS\lib\</path>
         <kind>archive</kind>
         <file>rts430x_lc_rd_eabi.lib</file>
         <name>mult32.asm.obj</name>
      </input_file>
      <input_file id="fl-76">
         <path>C:\ti\ccsv8\tools\compiler\ti-cgt-msp430_18.1.4.LTS\lib\</path>
         <kind>archive</kind>
         <file>rts430x_lc_rd_eabi.lib</file>
         <name>mult32_f5hw.asm.obj</name>
      </input_file>
      <input_file id="fl-77">
         <path>C:\ti\ccsv8\tools\compiler\ti-cgt-msp430_18.1.4.LTS\lib\</path>
         <kind>archive</kind>
         <file>rts430x_lc_rd_eabi.lib</file>
         <name>mult3264_f5hw.asm.obj</name>
      </input_file>
      <input_file id="fl-78">
         <path>C:\ti\ccsv8\tools\compiler\ti-cgt-msp430_18.1.4.LTS\lib\</path>
         <kind>archive</kind>
         <file>rts430x_lc_rd_eabi.lib</file>
         <name>mult64_f5hw.asm.obj</name>
      </input_file>
      <input_file id="fl-79">
         <path>C:\ti\ccsv8\tools\compiler\ti-cgt-msp430_18.1.4.LTS\lib\</path>
         <kind>archive</kind>
         <file>rts430x_lc_rd_eabi.lib</file>
         <name>boot.c.obj</name>
      </input_file>
      <input_file id="fl-7a">
         <path>C:\ti\ccsv8\tools\compiler\ti-cgt-msp430_18.1.4.LTS\lib\</path>
         <kind>archive</kind>
         <file>rts430x_lc_rd_eabi.lib</file>
         <name>autoinit.c.obj</name>
      </input_file>
      <input_file id="fl-7b">
         <path>C:\ti\ccsv8\tools\compiler\ti-cgt-msp430_18.1.4.LTS\lib\</path>
         <kind>archive</kind>
         <file>rts430x_lc_rd_eabi.lib</file>
         <name>copy_zero_init.c.obj</name>
      </input_file>
      <input_file id="fl-7c">
         <path>C:\ti\ccsv8\tools\compiler\ti-cgt-msp430_18.1.4.LTS\lib\</path>
         <kind>archive</kind>
         <file>rts430x_lc_rd_eabi.lib</file>
         <name>cpy_tbl.c.obj</name>
      </input_file>
      <input_file id="fl-7d">
         <path>C:\ti\ccsv8\tools\compiler\ti-cgt-msp430_18.1.4.LTS\lib\</path>
         <kind>archive</kind>
         <file>rts430x_lc_rd_eabi.lib</file>
         <name>mpu_init.c.obj</name>
      </input_file>
      <input_file id="fl-7e">
         <path>C:\ti\ccsv8\tools\compiler\ti-cgt-msp430_18.1.4.LTS\lib\</path>
         <kind>archive</kind>
         <file>rts430x_lc_rd_eabi.lib</file>
         <name>lsr64.c.obj</name>
      </input_file>
      <input_file id="fl-7f">
         <path>C:\ti\ccsv8\tools\compiler\ti-cgt-msp430_18.1.4.LTS\lib\</path>
         <kind>archive</kind>
         <file>rts430x_lc_rd_eabi.lib</file>
         <name>pre_init.c.obj</name>
      </input_file>
      <input_file id="fl-80">
         <path>C:\ti\ccsv8\tools\compiler\ti-cgt-msp430_18.1.4.LTS\lib\</path>
         <kind>archive</kind>
         <file>rts430x_lc_rd_eabi.lib</file>
         <name>startup.c.obj</name>
      </input_file>
      <input_file id="fl-81">
         <path>C:\ti\ccsv8\tools\compiler\ti-cgt-msp430_18.1.4.LTS\lib\</path>
         <kind>archive</kind>
         <file>rts430x_lc_rd_eabi.lib</file>
         <name>copy_decompress_none.c.obj</name>
      </input_file>
      <input_file id="fl-82">
         <path>C:\ti\ccsv8\tools\compiler\ti-cgt-msp430_18.1.4.LTS\lib\</path>
         <kind>archive</kind>
         <file>rts430x_lc_rd_eabi.lib</file>
         <name>copy_decompress_lzss.c.obj</name>
      </input_file>
      <input_file id="fl-83">
         <path>C:\ti\ccsv8\tools\compiler\ti-cgt-msp430_18.1.4.LTS\lib\</path>
         <kind>archive</kind>
         <file>rts430x_lc_rd_eabi.lib</file>
         <name>addd.c.obj</name>
      </input_file>
      <input_file id="fl-84">
         <path>C:\ti\ccsv8\tools\compiler\ti-cgt-msp430_18.1.4.LTS\lib\</path>
         <kind>archive</kind>
         <file>rts430x_lc_rd_eabi.lib</file>
         <name>cmpd.c.obj</name>
      </input_file>
      <input_file id="fl-85">
         <path>C:\ti\ccsv8\tools\compiler\ti-cgt-msp430_18.1.4.LTS\lib\</path>
         <kind>archive</kind>
         <file>rts430x_lc_rd_eabi.lib</file>
         <name>divd.c.obj</name>
      </input_file>
      <input_file id="fl-86">
         <path>C:\ti\ccsv8\tools\compiler\ti-cgt-msp430_18.1.4.LTS\lib\</path>
         <kind>archive</kind>
         <file>rts430x_lc_rd_eabi.lib</file>
         <name>fixdi.c.obj</name>
      </input_file>
      <input_file id="fl-87">
         <path>C:\ti\ccsv8\tools\compiler\ti-cgt-msp430_18.1.4.LTS\lib\</path>
         <kind>archive</kind>
         <file>rts430x_lc_rd_eabi.lib</file>
         <name>fixdli.c.obj</name>
      </input_file>
      <input_file id="fl-88">
         <path>C:\ti\ccsv8\tools\compiler\ti-cgt-msp430_18.1.4.LTS\lib\</path>
         <kind>archive</kind>
         <file>rts430x_lc_rd_eabi.lib</file>
         <name>fixdu.c.obj</name>
      </input_file>
      <input_file id="fl-89">
         <path>C:\ti\ccsv8\tools\compiler\ti-cgt-msp430_18.1.4.LTS\lib\</path>
         <kind>archive</kind>
         <file>rts430x_lc_rd_eabi.lib</file>
         <name>fixdul.c.obj</name>
      </input_file>
      <input_file id="fl-8a">
         <path>C:\ti\ccsv8\tools\compiler\ti-cgt-msp430_18.1.4.LTS\lib\</path>
         <kind>archive</kind>
         <file>rts430x_lc_rd_eabi.lib</file>
         <name>fltlid.c.obj</name>
      </input_file>
      <input_file id="fl-8b">
         <path>C:\ti\ccsv8\tools\compiler\ti-cgt-msp430_18.1.4.LTS\lib\</path>
         <kind>archive</kind>
         <file>rts430x_lc_rd_eabi.lib</file>
         <name>fltud.c.obj</name>
      </input_file>
      <input_file id="fl-8c">
         <path>C:\ti\ccsv8\tools\compiler\ti-cgt-msp430_18.1.4.LTS\lib\</path>
         <kind>archive</kind>
         <file>rts430x_lc_rd_eabi.lib</file>
         <name>fltuld.c.obj</name>
      </input_file>
      <input_file id="fl-8d">
         <path>C:\ti\ccsv8\tools\compiler\ti-cgt-msp430_18.1.4.LTS\lib\</path>
         <kind>archive</kind>
         <file>rts430x_lc_rd_eabi.lib</file>
         <name>frcaddd.c.obj</name>
      </input_file>
      <input_file id="fl-8e">
         <path>C:\ti\ccsv8\tools\compiler\ti-cgt-msp430_18.1.4.LTS\lib\</path>
         <kind>archive</kind>
         <file>rts430x_lc_rd_eabi.lib</file>
         <name>frcdivd.c.obj</name>
      </input_file>
      <input_file id="fl-8f">
         <path>C:\ti\ccsv8\tools\compiler\ti-cgt-msp430_18.1.4.LTS\lib\</path>
         <kind>archive</kind>
         <file>rts430x_lc_rd_eabi.lib</file>
         <name>mpyd.c.obj</name>
      </input_file>
      <input_file id="fl-90">
         <path>C:\ti\ccsv8\tools\compiler\ti-cgt-msp430_18.1.4.LTS\lib\</path>
         <kind>archive</kind>
         <file>rts430x_lc_rd_eabi.lib</file>
         <name>negd.c.obj</name>
      </input_file>
      <input_file id="fl-91">
         <path>C:\ti\ccsv8\tools\compiler\ti-cgt-msp430_18.1.4.LTS\lib\</path>
         <kind>archive</kind>
         <file>rts430x_lc_rd_eabi.lib</file>
         <name>renormd.c.obj</name>
      </input_file>
      <input_file id="fl-92">
         <path>C:\ti\ccsv8\tools\compiler\ti-cgt-msp430_18.1.4.LTS\lib\</path>
         <kind>archive</kind>
         <file>rts430x_lc_rd_eabi.lib</file>
         <name>subd.c.obj</name>
      </input_file>
      <input_file id="fl-93">
         <path>C:\ti\ccsv8\tools\compiler\ti-cgt-msp430_18.1.4.LTS\lib\</path>
         <kind>archive</kind>
         <file>rts430x_lc_rd_eabi.lib</file>
         <name>exit.c.obj</name>
      </input_file>
      <input_file id="fl-94">
         <path>C:\ti\ccsv8\tools\compiler\ti-cgt-msp430_18.1.4.LTS\lib\</path>
         <kind>archive</kind>
         <file>rts430x_lc_rd_eabi.lib</file>
         <name>_lock.c.obj</name>
      </input_file>
      <input_file id="fl-95">
         <path>C:\ti\ccsv8\tools\compiler\ti-cgt-msp430_18.1.4.LTS\lib\</path>
         <kind>archive</kind>
         <file>rts430x_lc_rd_eabi.lib</file>
         <name>args_main.c.obj</name>
      </input_file>
      <input_file id="fl-96">
         <path>C:\ti\ccsv8\tools\compiler\ti-cgt-msp430_18.1.4.LTS\lib\</path>
         <kind>archive</kind>
         <file>rts430x_lc_rd_eabi.lib</file>
         <name>memcpy.c.obj</name>
      </input_file>
      <input_file id="fl-97">
         <path>C:\ti\ccsv8\tools\compiler\ti-cgt-msp430_18.1.4.LTS\lib\</path>
         <kind>archive</kind>
         <file>rts430x_lc_rd_eabi.lib</file>
         <name>memset.c.obj</name>
      </input_file>
      <input_file id="fl-98">
         <path>C:\ti\ccsv8\tools\compiler\ti-cgt-msp430_18.1.4.LTS\lib\</path>
         <kind>archive</kind>
         <file>rts430x_lc_rd_eabi.lib</file>
         <name>k_rem_pio2.c.obj</name>
      </input_file>
      <input_file id="fl-99">
         <path>C:\ti\ccsv8\tools\compiler\ti-cgt-msp430_18.1.4.LTS\lib\</path>
         <kind>archive</kind>
         <file>rts430x_lc_rd_eabi.lib</file>
         <name>k_cos.c.obj</name>
      </input_file>
      <input_file id="fl-9a">
         <path>C:\ti\ccsv8\tools\compiler\ti-cgt-msp430_18.1.4.LTS\lib\</path>
         <kind>archive</kind>
         <file>rts430x_lc_rd_eabi.lib</file>
         <name>k_sin.c.obj</name>
      </input_file>
      <input_file id="fl-9b">
         <path>C:\ti\ccsv8\tools\compiler\ti-cgt-msp430_18.1.4.LTS\lib\</path>
         <kind>archive</kind>
         <file>rts430x_lc_rd_eabi.lib</file>
         <name>s_floor.c.obj</name>
      </input_file>
      <input_file id="fl-9c">
         <path>C:\ti\ccsv8\tools\compiler\ti-cgt-msp430_18.1.4.LTS\lib\</path>
         <kind>archive</kind>
         <file>rts430x_lc_rd_eabi.lib</file>
         <name>s_scalbn.c.obj</name>
      </input_file>
      <input_file id="fl-9d">
         <path>C:\ti\ccsv8\tools\compiler\ti-cgt-msp430_18.1.4.LTS\lib\</path>
         <kind>archive</kind>
         <file>rts430x_lc_rd_eabi.lib</file>
         <name>s_copysign.c.obj</name>
      </input_file>
      <input_file id="fl-9e">
         <path>C:\ti\ccsv8\tools\compiler\ti-cgt-msp430_18.1.4.LTS\lib\</path>
         <kind>archive</kind>
         <file>rts430x_lc_rd_eabi.lib</file>
         <name>asr32.asm.obj</name>
      </input_file>
      <input_file id="fl-9f">
         <path>C:\ti\ccsv8\tools\compiler\ti-cgt-msp430_18.1.4.LTS\lib\</path>
         <kind>archive</kind>
         <file>rts430x_lc_rd_eabi.lib</file>
         <name>lsl16.asm.obj</name>
      </input_file>
      <input_file id="fl-a0">
         <path>C:\ti\ccsv8\tools\compiler\ti-cgt-msp430_18.1.4.LTS\lib\</path>
         <kind>archive</kind>
         <file>rts430x_lc_rd_eabi.lib</file>
         <name>exit_gvars.c.obj</name>
      </input_file>
      <input_file id="fl-a1">
         <path>C:\ti\ccsv8\tools\compiler\ti-cgt-msp430_18.1.4.LTS\lib\</path>
         <kind>archive</kind>
         <file>rts430x_lc_rd_eabi.lib</file>
         <name>frcmpyd.c.obj</name>
      </input_file>
      <input_file id="fl-a2">
         <path>C:\ti\ccsv8\tools\compiler\ti-cgt-msp430_18.1.4.LTS\lib\</path>
         <kind>archive</kind>
         <file>rts430x_lc_rd_eabi.lib</file>
         <name>errno.c.obj</name>
      </input_file>
   </input_file_list>
   <object_component_list>
      <object_component id="oc-503">
         <name>.common:results</name>
         <uninitialized>true</uninitialized>
         <run_address>0x2692</run_address>
         <size>0x24</size>
      </object_component>
      <object_component id="oc-506">
         <name>.common:average</name>
         <uninitialized>true</uninitialized>
         <run_address>0x26fa</run_address>
         <size>0x2</size>
      </object_component>
      <object_component id="oc-68e">
         <name>.common:ADC_FlagBits</name>
         <uninitialized>true</uninitialized>
         <run_address>0x26d2</run_address>
         <size>0x2</size>
      </object_component>
      <object_component id="oc-737">
         <name>.common:BuzzFlagBits</name>
         <uninitialized>true</uninitialized>
         <run_address>0x26d8</run_address>
         <size>0x2</size>
      </object_component>
      <object_component id="oc-740">
         <name>.common:BuzzTimeNum</name>
         <uninitialized>true</uninitialized>
         <run_address>0x26ca</run_address>
         <size>0x4</size>
      </object_component>
      <object_component id="oc-7a6">
         <name>.common:BuzzAlarmCycleCnt</name>
         <uninitialized>true</uninitialized>
         <run_address>0x26d4</run_address>
         <size>0x2</size>
      </object_component>
      <object_component id="oc-7a7">
         <name>.common:BuzzAlarmCycleNum</name>
         <uninitialized>true</uninitialized>
         <run_address>0x26d6</run_address>
         <size>0x2</size>
      </object_component>
      <object_component id="oc-581">
         <name>.common:DC_Motor_FlagBits</name>
         <uninitialized>true</uninitialized>
         <run_address>0x26da</run_address>
         <size>0x2</size>
      </object_component>
      <object_component id="oc-57a">
         <name>.common:HR202_Humidity_FlagBits</name>
         <uninitialized>true</uninitialized>
         <run_address>0x26dc</run_address>
         <size>0x2</size>
      </object_component>
      <object_component id="oc-68b">
         <name>.common:INA21x_FlagBits</name>
         <uninitialized>true</uninitialized>
         <run_address>0x26de</run_address>
         <size>0x2</size>
      </object_component>
      <object_component id="oc-733">
         <name>.common:KeyFlagBits</name>
         <uninitialized>true</uninitialized>
         <run_address>0x26e0</run_address>
         <size>0x2</size>
      </object_component>
      <object_component id="oc-688">
         <name>.common:LCD_Seg_FlagBits</name>
         <uninitialized>true</uninitialized>
         <run_address>0x26e2</run_address>
         <size>0x2</size>
      </object_component>
      <object_component id="oc-684">
         <name>.common:LCD_TFT_FlagBits</name>
         <uninitialized>true</uninitialized>
         <run_address>0x26e4</run_address>
         <size>0x2</size>
      </object_component>
      <object_component id="oc-6cb">
         <name>.common:Update_01Bits</name>
         <uninitialized>true</uninitialized>
         <run_address>0x26f4</run_address>
         <size>0x2</size>
      </object_component>
      <object_component id="oc-6cc">
         <name>.common:Update_02Bits</name>
         <uninitialized>true</uninitialized>
         <run_address>0x26f6</run_address>
         <size>0x2</size>
      </object_component>
      <object_component id="oc-6cd">
         <name>.common:Update_03Bits</name>
         <uninitialized>true</uninitialized>
         <run_address>0x26f8</run_address>
         <size>0x2</size>
      </object_component>
      <object_component id="oc-6ce">
         <name>.common:hightLight_01Bits</name>
         <uninitialized>true</uninitialized>
         <run_address>0x26fc</run_address>
         <size>0x2</size>
      </object_component>
      <object_component id="oc-6cf">
         <name>.common:hightLight_02Bits</name>
         <uninitialized>true</uninitialized>
         <run_address>0x26fe</run_address>
         <size>0x2</size>
      </object_component>
      <object_component id="oc-75c">
         <name>.common:G_LcdBuf</name>
         <uninitialized>true</uninitialized>
         <run_address>0x2400</run_address>
         <size>0x268</size>
      </object_component>
      <object_component id="oc-66b">
         <name>.common:LED_Seg_FlagBits</name>
         <uninitialized>true</uninitialized>
         <run_address>0x26e6</run_address>
         <size>0x2</size>
      </object_component>
      <object_component id="oc-72c">
         <name>.common:MatrixKeyFlagBits</name>
         <uninitialized>true</uninitialized>
         <run_address>0x26e8</run_address>
         <size>0x2</size>
      </object_component>
      <object_component id="oc-691">
         <name>.common:NTC_TMP_FlagBits</name>
         <uninitialized>true</uninitialized>
         <run_address>0x26ea</run_address>
         <size>0x2</size>
      </object_component>
      <object_component id="oc-66e">
         <name>.common:SpeakerFlagBits</name>
         <uninitialized>true</uninitialized>
         <run_address>0x26ec</run_address>
         <size>0x2</size>
      </object_component>
      <object_component id="oc-586">
         <name>.common:sin_table</name>
         <uninitialized>true</uninitialized>
         <run_address>0x26b6</run_address>
         <size>0x14</size>
      </object_component>
      <object_component id="oc-585">
         <name>.common:sin_data_pr</name>
         <uninitialized>true</uninitialized>
         <run_address>0x26ce</run_address>
         <size>0x4</size>
      </object_component>
      <object_component id="oc-575">
         <name>.common:period_table</name>
         <uninitialized>true</uninitialized>
         <run_address>0x2668</run_address>
         <size>0x2a</size>
      </object_component>
      <object_component id="oc-571">
         <name>.common:key</name>
         <uninitialized>true</uninitialized>
         <run_address>0x2702</run_address>
         <size>0x2</size>
      </object_component>
      <object_component id="oc-56c">
         <name>.common:m</name>
         <uninitialized>true</uninitialized>
         <run_address>0x2704</run_address>
         <size>0x2</size>
      </object_component>
      <object_component id="oc-570">
         <name>.common:n</name>
         <uninitialized>true</uninitialized>
         <run_address>0x2706</run_address>
         <size>0x2</size>
      </object_component>
      <object_component id="oc-569">
         <name>.common:k</name>
         <uninitialized>true</uninitialized>
         <run_address>0x2700</run_address>
         <size>0x2</size>
      </object_component>
      <object_component id="oc-694">
         <name>.common:Step_Motor_FlagBits</name>
         <uninitialized>true</uninitialized>
         <run_address>0x26ee</run_address>
         <size>0x2</size>
      </object_component>
      <object_component id="oc-660">
         <name>.common:TimeFlag1Bits</name>
         <uninitialized>true</uninitialized>
         <run_address>0x26f0</run_address>
         <size>0x2</size>
      </object_component>
      <object_component id="oc-664">
         <name>.common:TimeFlag2Bits</name>
         <uninitialized>true</uninitialized>
         <run_address>0x26f2</run_address>
         <size>0x2</size>
      </object_component>
      <object_component id="oc-4c6">
         <name>.data</name>
         <load_address>0x27e0</load_address>
         <run_address>0x27e0</run_address>
         <size>0xc</size>
         <input_file_ref idref="fl-7"/>
      </object_component>
      <object_component id="oc-63f">
         <name>.data</name>
         <load_address>0x2810</load_address>
         <run_address>0x2810</run_address>
         <size>0x3</size>
         <input_file_ref idref="fl-8"/>
      </object_component>
      <object_component id="oc-57e">
         <name>.data</name>
         <load_address>0x2800</load_address>
         <run_address>0x2800</run_address>
         <size>0x5</size>
         <input_file_ref idref="fl-f"/>
      </object_component>
      <object_component id="oc-577">
         <name>.data</name>
         <load_address>0x27ec</load_address>
         <run_address>0x27ec</run_address>
         <size>0xb</size>
         <input_file_ref idref="fl-12"/>
      </object_component>
      <object_component id="oc-730">
         <name>.data</name>
         <load_address>0x27f8</load_address>
         <run_address>0x27f8</run_address>
         <size>0x8</size>
         <input_file_ref idref="fl-16"/>
      </object_component>
      <object_component id="oc-6d0">
         <name>.data</name>
         <load_address>0x2798</load_address>
         <run_address>0x2798</run_address>
         <size>0x20</size>
         <input_file_ref idref="fl-18"/>
      </object_component>
      <object_component id="oc-729">
         <name>.data</name>
         <load_address>0x27d2</load_address>
         <run_address>0x27d2</run_address>
         <size>0xe</size>
         <input_file_ref idref="fl-1b"/>
      </object_component>
      <object_component id="oc-717">
         <name>.data</name>
         <load_address>0x280c</load_address>
         <run_address>0x280c</run_address>
         <size>0x4</size>
         <input_file_ref idref="fl-24"/>
      </object_component>
      <object_component id="oc-572">
         <name>.data:song_tone_table</name>
         <load_address>0x2708</load_address>
         <run_address>0x2708</run_address>
         <size>0x60</size>
         <input_file_ref idref="fl-24"/>
      </object_component>
      <object_component id="oc-56d">
         <name>.data:song_long_table</name>
         <load_address>0x2768</load_address>
         <run_address>0x2768</run_address>
         <size>0x30</size>
         <input_file_ref idref="fl-24"/>
      </object_component>
      <object_component id="oc-553">
         <name>.data</name>
         <load_address>0x2806</load_address>
         <run_address>0x2806</run_address>
         <size>0x5</size>
         <input_file_ref idref="fl-25"/>
      </object_component>
      <object_component id="oc-4d2">
         <name>.data</name>
         <load_address>0x27b8</load_address>
         <run_address>0x27b8</run_address>
         <size>0x1a</size>
         <input_file_ref idref="fl-26"/>
      </object_component>
      <object_component id="oc-4d8">
         <name>.data</name>
         <load_address>0x27f7</load_address>
         <run_address>0x27f7</run_address>
         <size>0x1</size>
         <input_file_ref idref="fl-2e"/>
      </object_component>
      <object_component id="oc-4d5">
         <name>.data</name>
         <load_address>0x2805</load_address>
         <run_address>0x2805</run_address>
         <size>0x1</size>
         <input_file_ref idref="fl-2f"/>
      </object_component>
      <object_component id="oc-42e">
         <name>.stack</name>
         <uninitialized>true</uninitialized>
         <run_address>0x6360</run_address>
         <size>0x4</size>
         <input_file_ref idref="fl-79"/>
      </object_component>
      <object_component id="oc-84d">
         <name>.stack</name>
         <uninitialized>true</uninitialized>
         <run_address>0x6360</run_address>
         <size>0x0</size>
      </object_component>
      <object_component id="oc-6bf">
         <name>.text:Init_Register_LCD_TFT_ILI9325</name>
         <load_address>0x10000</load_address>
         <run_address>0x10000</run_address>
         <size>0x2b6</size>
         <input_file_ref idref="fl-18"/>
      </object_component>
      <object_component id="oc-723">
         <name>.text:Read_MatrixKey_TM1638</name>
         <load_address>0x102b6</load_address>
         <run_address>0x102b6</run_address>
         <size>0x144</size>
         <input_file_ref idref="fl-27"/>
      </object_component>
      <object_component id="oc-55f">
         <name>.text:Positive_Step_Motor</name>
         <load_address>0x103fa</load_address>
         <run_address>0x103fa</run_address>
         <size>0x128</size>
         <input_file_ref idref="fl-25"/>
      </object_component>
      <object_component id="oc-55c">
         <name>.text:Reverse_Step_Motor</name>
         <load_address>0x10522</load_address>
         <run_address>0x10522</run_address>
         <size>0x124</size>
         <input_file_ref idref="fl-25"/>
      </object_component>
      <object_component id="oc-675">
         <name>.text:Scan_Key</name>
         <load_address>0x10646</load_address>
         <run_address>0x10646</run_address>
         <size>0xb2</size>
         <input_file_ref idref="fl-16"/>
      </object_component>
      <object_component id="oc-50c">
         <name>.text:LCD_TFT_DrawLine</name>
         <load_address>0x106f8</load_address>
         <run_address>0x106f8</run_address>
         <size>0x9c</size>
         <input_file_ref idref="fl-18"/>
      </object_component>
      <object_component id="oc-66f">
         <name>.text:Scan_MatrixKey</name>
         <load_address>0x10794</load_address>
         <run_address>0x10794</run_address>
         <size>0x8a</size>
         <input_file_ref idref="fl-1b"/>
      </object_component>
      <object_component id="oc-5f5">
         <name>.text:Init_LCD_TFT_ILI9325</name>
         <load_address>0x1081e</load_address>
         <run_address>0x1081e</run_address>
         <size>0x7a</size>
         <input_file_ref idref="fl-18"/>
      </object_component>
      <object_component id="oc-71">
         <name>.text:decompress:lzss:__TI_decompress_lzss</name>
         <load_address>0x10898</load_address>
         <run_address>0x10898</run_address>
         <size>0x76</size>
         <input_file_ref idref="fl-82"/>
      </object_component>
      <object_component id="oc-4dc">
         <name>.text:Deal_Song_Beat_Speaker</name>
         <load_address>0x1090e</load_address>
         <run_address>0x1090e</run_address>
         <size>0x72</size>
         <input_file_ref idref="fl-24"/>
      </object_component>
      <object_component id="oc-6b3">
         <name>.text:Init_GPIO_LCD_TFT_ILI9325</name>
         <load_address>0x10980</load_address>
         <run_address>0x10980</run_address>
         <size>0x64</size>
         <input_file_ref idref="fl-18"/>
      </object_component>
      <object_component id="oc-52c">
         <name>.text:main</name>
         <load_address>0x109e4</load_address>
         <run_address>0x109e4</run_address>
         <size>0x62</size>
         <input_file_ref idref="fl-7"/>
      </object_component>
      <object_component id="oc-58f">
         <name>.text:System_1ms_Task</name>
         <load_address>0x10a46</load_address>
         <run_address>0x10a46</run_address>
         <size>0x54</size>
         <input_file_ref idref="fl-26"/>
      </object_component>
      <object_component id="oc-620">
         <name>.text:__TI_auto_init_nobinit_nopinit_hold_wdt:__TI_auto_init_nobinit_nopinit_hold_wdt</name>
         <load_address>0x10a9a</load_address>
         <run_address>0x10a9a</run_address>
         <size>0x54</size>
         <input_file_ref idref="fl-7a"/>
      </object_component>
      <object_component id="oc-793">
         <name>.text:TM1638_Read</name>
         <load_address>0x10aee</load_address>
         <run_address>0x10aee</run_address>
         <size>0x52</size>
         <input_file_ref idref="fl-27"/>
      </object_component>
      <object_component id="oc-5a7">
         <name>.text:System_500ms_Task</name>
         <load_address>0x10b40</load_address>
         <run_address>0x10b40</run_address>
         <size>0x50</size>
         <input_file_ref idref="fl-26"/>
      </object_component>
      <object_component id="oc-78d">
         <name>.text:TM1638_Write</name>
         <load_address>0x10b90</load_address>
         <run_address>0x10b90</run_address>
         <size>0x48</size>
         <input_file_ref idref="fl-27"/>
      </object_component>
      <object_component id="oc-67c">
         <name>.text:Check_OutputBuzz</name>
         <load_address>0x10bd8</load_address>
         <run_address>0x10bd8</run_address>
         <size>0x46</size>
         <input_file_ref idref="fl-a"/>
      </object_component>
      <object_component id="oc-6b9">
         <name>.text:Reset_LCD_TFT_ILI9325</name>
         <load_address>0x10c1e</load_address>
         <run_address>0x10c1e</run_address>
         <size>0x46</size>
         <input_file_ref idref="fl-18"/>
      </object_component>
      <object_component id="oc-5a1">
         <name>.text:System_250ms_Task</name>
         <load_address>0x10c64</load_address>
         <run_address>0x10c64</run_address>
         <size>0x42</size>
         <input_file_ref idref="fl-26"/>
      </object_component>
      <object_component id="oc-6c5">
         <name>.text:LCD_TFT_ClearDisBuf</name>
         <load_address>0x10ca6</load_address>
         <run_address>0x10ca6</run_address>
         <size>0x3e</size>
         <input_file_ref idref="fl-18"/>
      </object_component>
      <object_component id="oc-4e2">
         <name>.text:Sample_HR202_Frequency</name>
         <load_address>0x10ce4</load_address>
         <run_address>0x10ce4</run_address>
         <size>0x3c</size>
         <input_file_ref idref="fl-12"/>
      </object_component>
      <object_component id="oc-753">
         <name>.text:Initial_SPI_B</name>
         <load_address>0x10d20</load_address>
         <run_address>0x10d20</run_address>
         <size>0x3a</size>
         <input_file_ref idref="fl-23"/>
      </object_component>
      <object_component id="oc-512">
         <name>.text:LCD_TFT_Clear</name>
         <load_address>0x10d5a</load_address>
         <run_address>0x10d5a</run_address>
         <size>0x3a</size>
         <input_file_ref idref="fl-18"/>
      </object_component>
      <object_component id="oc-4f5">
         <name>.text:Deal_Song_Tone_Speaker</name>
         <load_address>0x10d94</load_address>
         <run_address>0x10d94</run_address>
         <size>0x38</size>
         <input_file_ref idref="fl-24"/>
      </object_component>
      <object_component id="oc-4ef">
         <name>.text:Deal_Buzz_Speaker</name>
         <load_address>0x10dcc</load_address>
         <run_address>0x10dcc</run_address>
         <size>0x2c</size>
         <input_file_ref idref="fl-24"/>
      </object_component>
      <object_component id="oc-589">
         <name>.text:System_Timing_Task</name>
         <load_address>0x10df8</load_address>
         <run_address>0x10df8</run_address>
         <size>0x2c</size>
         <input_file_ref idref="fl-26"/>
      </object_component>
      <object_component id="oc-73a">
         <name>.text:Check_Alarm_Buzz</name>
         <load_address>0x10e24</load_address>
         <run_address>0x10e24</run_address>
         <size>0x28</size>
         <input_file_ref idref="fl-a"/>
      </object_component>
      <object_component id="oc-665">
         <name>.text:Check_Buzz_Speaker</name>
         <load_address>0x10e4c</load_address>
         <run_address>0x10e4c</run_address>
         <size>0x28</size>
         <input_file_ref idref="fl-24"/>
      </object_component>
      <object_component id="oc-7a9">
         <name>.text:Close_LCD_Segment</name>
         <load_address>0x10e74</load_address>
         <run_address>0x10e74</run_address>
         <size>0x28</size>
         <input_file_ref idref="fl-17"/>
      </object_component>
      <object_component id="oc-71a">
         <name>.text:Disable_Speaker</name>
         <load_address>0x10e9c</load_address>
         <run_address>0x10e9c</run_address>
         <size>0x28</size>
         <input_file_ref idref="fl-24"/>
      </object_component>
      <object_component id="oc-5ad">
         <name>.text:System_1s_Task</name>
         <load_address>0x10ec4</load_address>
         <run_address>0x10ec4</run_address>
         <size>0x28</size>
         <input_file_ref idref="fl-26"/>
      </object_component>
      <object_component id="oc-5b3">
         <name>.text:Timing_In_Work</name>
         <load_address>0x10eec</load_address>
         <run_address>0x10eec</run_address>
         <size>0x26</size>
         <input_file_ref idref="fl-26"/>
      </object_component>
      <object_component id="oc-479">
         <name>.text:decompress:ZI:__TI_zero_init_nomemset:__TI_zero_init_nomemset</name>
         <load_address>0x10f12</load_address>
         <run_address>0x10f12</run_address>
         <size>0x24</size>
         <input_file_ref idref="fl-7b"/>
      </object_component>
      <object_component id="oc-595">
         <name>.text:System_10ms_Task</name>
         <load_address>0x10f36</load_address>
         <run_address>0x10f36</run_address>
         <size>0x22</size>
         <input_file_ref idref="fl-26"/>
      </object_component>
      <object_component id="oc-4fc">
         <name>.text:System_Clock</name>
         <load_address>0x10f58</load_address>
         <run_address>0x10f58</run_address>
         <size>0x22</size>
         <input_file_ref idref="fl-26"/>
      </object_component>
      <object_component id="oc-5da">
         <name>.text:ILI9325_WriteData</name>
         <load_address>0x10f7a</load_address>
         <run_address>0x10f7a</run_address>
         <size>0x1e</size>
         <input_file_ref idref="fl-18"/>
      </object_component>
      <object_component id="oc-6a3">
         <name>.text:ILI9325_WriteRegIndex</name>
         <load_address>0x10f98</load_address>
         <run_address>0x10f98</run_address>
         <size>0x1e</size>
         <input_file_ref idref="fl-18"/>
      </object_component>
      <object_component id="oc-5ce">
         <name>.text:LCD_TFT_SetCursor</name>
         <load_address>0x10fb6</load_address>
         <run_address>0x10fb6</run_address>
         <size>0x1c</size>
         <input_file_ref idref="fl-18"/>
      </object_component>
      <object_component id="oc-6aa">
         <name>.text:Send_OneByte_SPI_B</name>
         <load_address>0x10fd2</load_address>
         <run_address>0x10fd2</run_address>
         <size>0x1c</size>
         <input_file_ref idref="fl-23"/>
      </object_component>
      <object_component id="oc-59b">
         <name>.text:System_100ms_Task</name>
         <load_address>0x10fee</load_address>
         <run_address>0x10fee</run_address>
         <size>0x1c</size>
         <input_file_ref idref="fl-26"/>
      </object_component>
      <object_component id="oc-4e8">
         <name>.text:Sample_DC_Motor_Frequency</name>
         <load_address>0x1100a</load_address>
         <run_address>0x1100a</run_address>
         <size>0x1a</size>
         <input_file_ref idref="fl-f"/>
      </object_component>
      <object_component id="oc-7c4">
         <name>.text:Clear_LCD_Segment</name>
         <load_address>0x11024</load_address>
         <run_address>0x11024</run_address>
         <size>0x18</size>
         <input_file_ref idref="fl-17"/>
      </object_component>
      <object_component id="oc-4cb">
         <name>.text:Deal_Step_Motor</name>
         <load_address>0x1103c</load_address>
         <run_address>0x1103c</run_address>
         <size>0x18</size>
         <input_file_ref idref="fl-25"/>
      </object_component>
      <object_component id="oc-642">
         <name>.text</name>
         <load_address>0x11054</load_address>
         <run_address>0x11054</run_address>
         <size>0x18</size>
         <input_file_ref idref="fl-73"/>
      </object_component>
      <object_component id="oc-647">
         <name>.text:Enable_Step_Motor</name>
         <load_address>0x1106c</load_address>
         <run_address>0x1106c</run_address>
         <size>0x16</size>
         <input_file_ref idref="fl-25"/>
      </object_component>
      <object_component id="oc-5c2">
         <name>.text:LCD_TFT_DrawPoint</name>
         <load_address>0x11082</load_address>
         <run_address>0x11082</run_address>
         <size>0x16</size>
         <input_file_ref idref="fl-18"/>
      </object_component>
      <object_component id="oc-507">
         <name>.text</name>
         <load_address>0x11098</load_address>
         <run_address>0x11098</run_address>
         <size>0x16</size>
         <input_file_ref idref="fl-55"/>
      </object_component>
      <object_component id="oc-5ef">
         <name>.text:DAC_Init</name>
         <load_address>0x110ae</load_address>
         <run_address>0x110ae</run_address>
         <size>0x14</size>
         <input_file_ref idref="fl-7"/>
      </object_component>
      <object_component id="oc-7ca">
         <name>.text:EnAllSeg_LCD_Segment</name>
         <load_address>0x110c2</load_address>
         <run_address>0x110c2</run_address>
         <size>0x14</size>
         <input_file_ref idref="fl-17"/>
      </object_component>
      <object_component id="oc-7d0">
         <name>.text:EnModule_LCD_Segment</name>
         <load_address>0x110d6</load_address>
         <run_address>0x110d6</run_address>
         <size>0x14</size>
         <input_file_ref idref="fl-17"/>
      </object_component>
      <object_component id="oc-5e9">
         <name>.text:Init_TS3A5017DR</name>
         <load_address>0x110ea</load_address>
         <run_address>0x110ea</run_address>
         <size>0x14</size>
         <input_file_ref idref="fl-7"/>
      </object_component>
      <object_component id="oc-69c">
         <name>.text:LCD_TFT_WriteReg</name>
         <load_address>0x110fe</load_address>
         <run_address>0x110fe</run_address>
         <size>0x14</size>
         <input_file_ref idref="fl-18"/>
      </object_component>
      <object_component id="oc-43d">
         <name>.text:memcpy</name>
         <load_address>0x11112</load_address>
         <run_address>0x11112</run_address>
         <size>0x14</size>
         <input_file_ref idref="fl-96"/>
      </object_component>
      <object_component id="oc-77">
         <name>.text:decompress:none:__TI_decompress_none</name>
         <load_address>0x11126</load_address>
         <run_address>0x11126</run_address>
         <size>0x12</size>
         <input_file_ref idref="fl-81"/>
      </object_component>
      <object_component id="oc-5d4">
         <name>.text:LCD_TFT_WriteRAM_CMD</name>
         <load_address>0x11138</load_address>
         <run_address>0x11138</run_address>
         <size>0xa</size>
         <input_file_ref idref="fl-18"/>
      </object_component>
      <object_component id="oc-5fc">
         <name>.text:abort</name>
         <load_address>0x11142</load_address>
         <run_address>0x11142</run_address>
         <size>0x6</size>
         <input_file_ref idref="fl-93"/>
      </object_component>
      <object_component id="oc-526">
         <name>.text:_system_pre_init</name>
         <load_address>0x11148</load_address>
         <run_address>0x11148</run_address>
         <size>0x4</size>
         <input_file_ref idref="fl-7f"/>
      </object_component>
      <object_component id="oc-6e6">
         <name>.text:_system_post_cinit</name>
         <load_address>0x1114c</load_address>
         <run_address>0x1114c</run_address>
         <size>0x2</size>
         <input_file_ref idref="fl-80"/>
      </object_component>
      <object_component id="oc-473">
         <name>.text:_isr:ADC12ISR</name>
         <load_address>0x8000</load_address>
         <run_address>0x8000</run_address>
         <size>0xe2</size>
         <input_file_ref idref="fl-7"/>
      </object_component>
      <object_component id="oc-461">
         <name>.text:_isr:TIMER1_A1_ISR</name>
         <load_address>0x80e2</load_address>
         <run_address>0x80e2</run_address>
         <size>0x3c</size>
         <input_file_ref idref="fl-15"/>
      </object_component>
      <object_component id="oc-45b">
         <name>.text:_isr:USCI_A1_ISR</name>
         <load_address>0x811e</load_address>
         <run_address>0x811e</run_address>
         <size>0x32</size>
         <input_file_ref idref="fl-15"/>
      </object_component>
      <object_component id="oc-44a">
         <name>.text:_isr:port_4</name>
         <load_address>0x8150</load_address>
         <run_address>0x8150</run_address>
         <size>0x32</size>
         <input_file_ref idref="fl-7"/>
      </object_component>
      <object_component id="oc-48b">
         <name>.text:_isr:_c_int00_noargs</name>
         <load_address>0x8182</load_address>
         <run_address>0x8182</run_address>
         <size>0x1c</size>
         <input_file_ref idref="fl-79"/>
      </object_component>
      <object_component id="oc-467">
         <name>.text:_isr:TIMER1_A0_ISR</name>
         <load_address>0x819e</load_address>
         <run_address>0x819e</run_address>
         <size>0x18</size>
         <input_file_ref idref="fl-15"/>
      </object_component>
      <object_component id="oc-46d">
         <name>.text:_isr:TIMER0_A1_ISR</name>
         <load_address>0x81b6</load_address>
         <run_address>0x81b6</run_address>
         <size>0x12</size>
         <input_file_ref idref="fl-15"/>
      </object_component>
      <object_component id="oc-455">
         <name>.text:_isr:TIMER2_A0_ISR</name>
         <load_address>0x81c8</load_address>
         <run_address>0x81c8</run_address>
         <size>0xa</size>
         <input_file_ref idref="fl-15"/>
      </object_component>
      <object_component id="oc-450">
         <name>.text:_isr:__TI_ISR_TRAP</name>
         <load_address>0x81d2</load_address>
         <run_address>0x81d2</run_address>
         <size>0x8</size>
         <input_file_ref idref="fl-6f"/>
      </object_component>
      <object_component id="oc-84c">
         <name>.cinit..data.load</name>
         <load_address>0x81da</load_address>
         <run_address>0x81da</run_address>
         <size>0x77</size>
      </object_component>
      <object_component id="oc-849">
         <name>__TI_handler_table</name>
         <load_address>0x8252</load_address>
         <run_address>0x8252</run_address>
         <size>0xc</size>
      </object_component>
      <object_component id="oc-84b">
         <name>.cinit..bss.load</name>
         <load_address>0x825e</load_address>
         <run_address>0x825e</run_address>
         <size>0x6</size>
      </object_component>
      <object_component id="oc-84a">
         <name>__TI_cinit_table</name>
         <load_address>0x8264</load_address>
         <run_address>0x8264</run_address>
         <size>0x10</size>
      </object_component>
      <object_component id="oc-7db">
         <name>.binit</name>
         <load_address>0x8000</load_address>
         <run_address>0x8000</run_address>
         <size>0x0</size>
      </object_component>
      <object_component id="oc-7d">
         <name>.int37</name>
         <load_address>0xffca</load_address>
         <run_address>0xffca</run_address>
         <size>0x2</size>
         <input_file_ref idref="fl-7"/>
      </object_component>
      <object_component id="oc-7e">
         <name>.int38</name>
         <load_address>0xffcc</load_address>
         <run_address>0xffcc</run_address>
         <size>0x2</size>
         <input_file_ref idref="fl-5c"/>
      </object_component>
      <object_component id="oc-7f">
         <name>.int39</name>
         <load_address>0xffce</load_address>
         <run_address>0xffce</run_address>
         <size>0x2</size>
         <input_file_ref idref="fl-5d"/>
      </object_component>
      <object_component id="oc-80">
         <name>.int40</name>
         <load_address>0xffd0</load_address>
         <run_address>0xffd0</run_address>
         <size>0x2</size>
         <input_file_ref idref="fl-15"/>
      </object_component>
      <object_component id="oc-81">
         <name>.int41</name>
         <load_address>0xffd2</load_address>
         <run_address>0xffd2</run_address>
         <size>0x2</size>
         <input_file_ref idref="fl-5e"/>
      </object_component>
      <object_component id="oc-82">
         <name>.int42</name>
         <load_address>0xffd4</load_address>
         <run_address>0xffd4</run_address>
         <size>0x2</size>
         <input_file_ref idref="fl-5f"/>
      </object_component>
      <object_component id="oc-83">
         <name>.int43</name>
         <load_address>0xffd6</load_address>
         <run_address>0xffd6</run_address>
         <size>0x2</size>
         <input_file_ref idref="fl-60"/>
      </object_component>
      <object_component id="oc-84">
         <name>.int44</name>
         <load_address>0xffd8</load_address>
         <run_address>0xffd8</run_address>
         <size>0x2</size>
         <input_file_ref idref="fl-61"/>
      </object_component>
      <object_component id="oc-85">
         <name>.int45</name>
         <load_address>0xffda</load_address>
         <run_address>0xffda</run_address>
         <size>0x2</size>
         <input_file_ref idref="fl-62"/>
      </object_component>
      <object_component id="oc-86">
         <name>.int46</name>
         <load_address>0xffdc</load_address>
         <run_address>0xffdc</run_address>
         <size>0x2</size>
         <input_file_ref idref="fl-15"/>
      </object_component>
      <object_component id="oc-87">
         <name>.int47</name>
         <load_address>0xffde</load_address>
         <run_address>0xffde</run_address>
         <size>0x2</size>
         <input_file_ref idref="fl-63"/>
      </object_component>
      <object_component id="oc-88">
         <name>.int48</name>
         <load_address>0xffe0</load_address>
         <run_address>0xffe0</run_address>
         <size>0x2</size>
         <input_file_ref idref="fl-15"/>
      </object_component>
      <object_component id="oc-89">
         <name>.int49</name>
         <load_address>0xffe2</load_address>
         <run_address>0xffe2</run_address>
         <size>0x2</size>
         <input_file_ref idref="fl-15"/>
      </object_component>
      <object_component id="oc-8a">
         <name>.int50</name>
         <load_address>0xffe4</load_address>
         <run_address>0xffe4</run_address>
         <size>0x2</size>
         <input_file_ref idref="fl-64"/>
      </object_component>
      <object_component id="oc-8b">
         <name>.int51</name>
         <load_address>0xffe6</load_address>
         <run_address>0xffe6</run_address>
         <size>0x2</size>
         <input_file_ref idref="fl-65"/>
      </object_component>
      <object_component id="oc-8c">
         <name>.int52</name>
         <load_address>0xffe8</load_address>
         <run_address>0xffe8</run_address>
         <size>0x2</size>
         <input_file_ref idref="fl-15"/>
      </object_component>
      <object_component id="oc-8d">
         <name>.int53</name>
         <load_address>0xffea</load_address>
         <run_address>0xffea</run_address>
         <size>0x2</size>
         <input_file_ref idref="fl-66"/>
      </object_component>
      <object_component id="oc-8e">
         <name>.int54</name>
         <load_address>0xffec</load_address>
         <run_address>0xffec</run_address>
         <size>0x2</size>
         <input_file_ref idref="fl-7"/>
      </object_component>
      <object_component id="oc-8f">
         <name>.int55</name>
         <load_address>0xffee</load_address>
         <run_address>0xffee</run_address>
         <size>0x2</size>
         <input_file_ref idref="fl-67"/>
      </object_component>
      <object_component id="oc-90">
         <name>.int56</name>
         <load_address>0xfff0</load_address>
         <run_address>0xfff0</run_address>
         <size>0x2</size>
         <input_file_ref idref="fl-68"/>
      </object_component>
      <object_component id="oc-91">
         <name>.int57</name>
         <load_address>0xfff2</load_address>
         <run_address>0xfff2</run_address>
         <size>0x2</size>
         <input_file_ref idref="fl-69"/>
      </object_component>
      <object_component id="oc-92">
         <name>.int58</name>
         <load_address>0xfff4</load_address>
         <run_address>0xfff4</run_address>
         <size>0x2</size>
         <input_file_ref idref="fl-6a"/>
      </object_component>
      <object_component id="oc-93">
         <name>.int59</name>
         <load_address>0xfff6</load_address>
         <run_address>0xfff6</run_address>
         <size>0x2</size>
         <input_file_ref idref="fl-6b"/>
      </object_component>
      <object_component id="oc-94">
         <name>.int60</name>
         <load_address>0xfff8</load_address>
         <run_address>0xfff8</run_address>
         <size>0x2</size>
         <input_file_ref idref="fl-6c"/>
      </object_component>
      <object_component id="oc-95">
         <name>.int61</name>
         <load_address>0xfffa</load_address>
         <run_address>0xfffa</run_address>
         <size>0x2</size>
         <input_file_ref idref="fl-6d"/>
      </object_component>
      <object_component id="oc-96">
         <name>.int62</name>
         <load_address>0xfffc</load_address>
         <run_address>0xfffc</run_address>
         <size>0x2</size>
         <input_file_ref idref="fl-6e"/>
      </object_component>
      <object_component id="oc-431">
         <name>.reset</name>
         <load_address>0xfffe</load_address>
         <run_address>0xfffe</run_address>
         <size>0x2</size>
         <input_file_ref idref="fl-79"/>
      </object_component>
      <object_component id="oc-69a">
         <name>.debug_info</name>
         <load_address>0x0</load_address>
         <run_address>0x0</run_address>
         <size>0x17b</size>
         <input_file_ref idref="fl-2"/>
      </object_component>
      <object_component id="oc-5bc">
         <name>.debug_info</name>
         <load_address>0x17b</load_address>
         <run_address>0x17b</run_address>
         <size>0x26b</size>
         <input_file_ref idref="fl-2"/>
      </object_component>
      <object_component id="oc-438">
         <name>.debug_info</name>
         <load_address>0x3e6</load_address>
         <run_address>0x3e6</run_address>
         <size>0x84</size>
         <input_file_ref idref="fl-2"/>
      </object_component>
      <object_component id="oc-64f">
         <name>.debug_info</name>
         <load_address>0x46a</load_address>
         <run_address>0x46a</run_address>
         <size>0x2c</size>
         <input_file_ref idref="fl-2"/>
      </object_component>
      <object_component id="oc-5e1">
         <name>.debug_info</name>
         <load_address>0x496</load_address>
         <run_address>0x496</run_address>
         <size>0x275</size>
         <input_file_ref idref="fl-2"/>
      </object_component>
      <object_component id="oc-519">
         <name>.debug_info</name>
         <load_address>0x70b</load_address>
         <run_address>0x70b</run_address>
         <size>0xbb</size>
         <input_file_ref idref="fl-2"/>
      </object_component>
      <object_component id="oc-504">
         <name>.debug_info</name>
         <load_address>0x7c6</load_address>
         <run_address>0x7c6</run_address>
         <size>0x5ab</size>
         <input_file_ref idref="fl-7"/>
      </object_component>
      <object_component id="oc-4c7">
         <name>.debug_info</name>
         <load_address>0xd71</load_address>
         <run_address>0xd71</run_address>
         <size>0x136</size>
         <input_file_ref idref="fl-7"/>
      </object_component>
      <object_component id="oc-44b">
         <name>.debug_info</name>
         <load_address>0xea7</load_address>
         <run_address>0xea7</run_address>
         <size>0xeb</size>
         <input_file_ref idref="fl-7"/>
      </object_component>
      <object_component id="oc-5ea">
         <name>.debug_info</name>
         <load_address>0xf92</load_address>
         <run_address>0xf92</run_address>
         <size>0xf9</size>
         <input_file_ref idref="fl-7"/>
      </object_component>
      <object_component id="oc-5f0">
         <name>.debug_info</name>
         <load_address>0x108b</load_address>
         <run_address>0x108b</run_address>
         <size>0xeb</size>
         <input_file_ref idref="fl-7"/>
      </object_component>
      <object_component id="oc-52d">
         <name>.debug_info</name>
         <load_address>0x1176</load_address>
         <run_address>0x1176</run_address>
         <size>0x122</size>
         <input_file_ref idref="fl-7"/>
      </object_component>
      <object_component id="oc-474">
         <name>.debug_info</name>
         <load_address>0x1298</load_address>
         <run_address>0x1298</run_address>
         <size>0x139</size>
         <input_file_ref idref="fl-7"/>
      </object_component>
      <object_component id="oc-68f">
         <name>.debug_info</name>
         <load_address>0x13d1</load_address>
         <run_address>0x13d1</run_address>
         <size>0x35b</size>
         <input_file_ref idref="fl-8"/>
      </object_component>
      <object_component id="oc-640">
         <name>.debug_info</name>
         <load_address>0x172c</load_address>
         <run_address>0x172c</run_address>
         <size>0xf8</size>
         <input_file_ref idref="fl-8"/>
      </object_component>
      <object_component id="oc-5c9">
         <name>.debug_info</name>
         <load_address>0x1824</load_address>
         <run_address>0x1824</run_address>
         <size>0xa40</size>
         <input_file_ref idref="fl-8"/>
      </object_component>
      <object_component id="oc-738">
         <name>.debug_info</name>
         <load_address>0x2264</load_address>
         <run_address>0x2264</run_address>
         <size>0x26b</size>
         <input_file_ref idref="fl-a"/>
      </object_component>
      <object_component id="oc-73b">
         <name>.debug_info</name>
         <load_address>0x24cf</load_address>
         <run_address>0x24cf</run_address>
         <size>0x12e</size>
         <input_file_ref idref="fl-a"/>
      </object_component>
      <object_component id="oc-67d">
         <name>.debug_info</name>
         <load_address>0x25fd</load_address>
         <run_address>0x25fd</run_address>
         <size>0x145</size>
         <input_file_ref idref="fl-a"/>
      </object_component>
      <object_component id="oc-789">
         <name>.debug_info</name>
         <load_address>0x2742</load_address>
         <run_address>0x2742</run_address>
         <size>0x25a</size>
         <input_file_ref idref="fl-d"/>
      </object_component>
      <object_component id="oc-712">
         <name>.debug_info</name>
         <load_address>0x299c</load_address>
         <run_address>0x299c</run_address>
         <size>0x239</size>
         <input_file_ref idref="fl-d"/>
      </object_component>
      <object_component id="oc-582">
         <name>.debug_info</name>
         <load_address>0x2bd5</load_address>
         <run_address>0x2bd5</run_address>
         <size>0x34a</size>
         <input_file_ref idref="fl-f"/>
      </object_component>
      <object_component id="oc-57f">
         <name>.debug_info</name>
         <load_address>0x2f1f</load_address>
         <run_address>0x2f1f</run_address>
         <size>0x130</size>
         <input_file_ref idref="fl-f"/>
      </object_component>
      <object_component id="oc-4e9">
         <name>.debug_info</name>
         <load_address>0x304f</load_address>
         <run_address>0x304f</run_address>
         <size>0x146</size>
         <input_file_ref idref="fl-f"/>
      </object_component>
      <object_component id="oc-57b">
         <name>.debug_info</name>
         <load_address>0x3195</load_address>
         <run_address>0x3195</run_address>
         <size>0x322</size>
         <input_file_ref idref="fl-12"/>
      </object_component>
      <object_component id="oc-578">
         <name>.debug_info</name>
         <load_address>0x34b7</load_address>
         <run_address>0x34b7</run_address>
         <size>0x1cc</size>
         <input_file_ref idref="fl-12"/>
      </object_component>
      <object_component id="oc-4e3">
         <name>.debug_info</name>
         <load_address>0x3683</load_address>
         <run_address>0x3683</run_address>
         <size>0x152</size>
         <input_file_ref idref="fl-12"/>
      </object_component>
      <object_component id="oc-68c">
         <name>.debug_info</name>
         <load_address>0x37d5</load_address>
         <run_address>0x37d5</run_address>
         <size>0x251</size>
         <input_file_ref idref="fl-14"/>
      </object_component>
      <object_component id="oc-45c">
         <name>.debug_info</name>
         <load_address>0x3a26</load_address>
         <run_address>0x3a26</run_address>
         <size>0x12f</size>
         <input_file_ref idref="fl-15"/>
      </object_component>
      <object_component id="oc-456">
         <name>.debug_info</name>
         <load_address>0x3b55</load_address>
         <run_address>0x3b55</run_address>
         <size>0x148</size>
         <input_file_ref idref="fl-15"/>
      </object_component>
      <object_component id="oc-462">
         <name>.debug_info</name>
         <load_address>0x3c9d</load_address>
         <run_address>0x3c9d</run_address>
         <size>0x18c</size>
         <input_file_ref idref="fl-15"/>
      </object_component>
      <object_component id="oc-46a">
         <name>.debug_info</name>
         <load_address>0x3e29</load_address>
         <run_address>0x3e29</run_address>
         <size>0x16a</size>
         <input_file_ref idref="fl-15"/>
      </object_component>
      <object_component id="oc-46f">
         <name>.debug_info</name>
         <load_address>0x3f93</load_address>
         <run_address>0x3f93</run_address>
         <size>0x145</size>
         <input_file_ref idref="fl-15"/>
      </object_component>
      <object_component id="oc-734">
         <name>.debug_info</name>
         <load_address>0x40d8</load_address>
         <run_address>0x40d8</run_address>
         <size>0x1d7</size>
         <input_file_ref idref="fl-16"/>
      </object_component>
      <object_component id="oc-731">
         <name>.debug_info</name>
         <load_address>0x42af</load_address>
         <run_address>0x42af</run_address>
         <size>0x1ad</size>
         <input_file_ref idref="fl-16"/>
      </object_component>
      <object_component id="oc-677">
         <name>.debug_info</name>
         <load_address>0x445c</load_address>
         <run_address>0x445c</run_address>
         <size>0x115</size>
         <input_file_ref idref="fl-16"/>
      </object_component>
      <object_component id="oc-689">
         <name>.debug_info</name>
         <load_address>0x4571</load_address>
         <run_address>0x4571</run_address>
         <size>0x365</size>
         <input_file_ref idref="fl-17"/>
      </object_component>
      <object_component id="oc-7cb">
         <name>.debug_info</name>
         <load_address>0x48d6</load_address>
         <run_address>0x48d6</run_address>
         <size>0x16b</size>
         <input_file_ref idref="fl-17"/>
      </object_component>
      <object_component id="oc-7d1">
         <name>.debug_info</name>
         <load_address>0x4a41</load_address>
         <run_address>0x4a41</run_address>
         <size>0x16b</size>
         <input_file_ref idref="fl-17"/>
      </object_component>
      <object_component id="oc-7c5">
         <name>.debug_info</name>
         <load_address>0x4bac</load_address>
         <run_address>0x4bac</run_address>
         <size>0x14a</size>
         <input_file_ref idref="fl-17"/>
      </object_component>
      <object_component id="oc-7aa">
         <name>.debug_info</name>
         <load_address>0x4cf6</load_address>
         <run_address>0x4cf6</run_address>
         <size>0x18d</size>
         <input_file_ref idref="fl-17"/>
      </object_component>
      <object_component id="oc-685">
         <name>.debug_info</name>
         <load_address>0x4e83</load_address>
         <run_address>0x4e83</run_address>
         <size>0x5bb</size>
         <input_file_ref idref="fl-18"/>
      </object_component>
      <object_component id="oc-6d1">
         <name>.debug_info</name>
         <load_address>0x543e</load_address>
         <run_address>0x543e</run_address>
         <size>0x31e</size>
         <input_file_ref idref="fl-18"/>
      </object_component>
      <object_component id="oc-6a4">
         <name>.debug_info</name>
         <load_address>0x575c</load_address>
         <run_address>0x575c</run_address>
         <size>0x1ab</size>
         <input_file_ref idref="fl-18"/>
      </object_component>
      <object_component id="oc-5db">
         <name>.debug_info</name>
         <load_address>0x5907</load_address>
         <run_address>0x5907</run_address>
         <size>0x1a0</size>
         <input_file_ref idref="fl-18"/>
      </object_component>
      <object_component id="oc-69d">
         <name>.debug_info</name>
         <load_address>0x5aa7</load_address>
         <run_address>0x5aa7</run_address>
         <size>0x1c8</size>
         <input_file_ref idref="fl-18"/>
[...]
         <value>0x27a4</value>
         <object_component_ref idref="oc-6d0"/>
      </symbol>
      <symbol id="sm-5f8">
         <name>Menu_Point</name>
         <value>0x279c</value>
         <object_component_ref idref="oc-6d0"/>
      </symbol>
      <symbol id="sm-5f9">
         <name>Init_LCD_TFT_ILI9325</name>
         <value>0x1081e</value>
         <object_component_ref idref="oc-5f5"/>
      </symbol>
      <symbol id="sm-5fa">
         <name>HL_Test_Back</name>
         <value>0x27aa</value>
         <object_component_ref idref="oc-6d0"/>
      </symbol>
      <symbol id="sm-5fb">
         <name>Fixed_Back</name>
         <value>0x27b2</value>
         <object_component_ref idref="oc-6d0"/>
      </symbol>
      <symbol id="sm-5fc">
         <name>LCD_TFT_SetCursor</name>
         <value>0x10fb6</value>
         <object_component_ref idref="oc-5ce"/>
      </symbol>
      <symbol id="sm-5fd">
         <name>ILI9325_WriteData</name>
         <value>0x10f7a</value>
         <object_component_ref idref="oc-5da"/>
      </symbol>
      <symbol id="sm-5fe">
         <name>Fixed_Point</name>
         <value>0x27b0</value>
         <object_component_ref idref="oc-6d0"/>
      </symbol>
      <symbol id="sm-5ff">
         <name>Menu_Back</name>
         <value>0x279e</value>
         <object_component_ref idref="oc-6d0"/>
      </symbol>
      <symbol id="sm-600">
         <name>AD_Back</name>
         <value>0x279a</value>
         <object_component_ref idref="oc-6d0"/>
      </symbol>
      <symbol id="sm-601">
         <name>LCD_TFT_WriteRAM_CMD</name>
         <value>0x11138</value>
         <object_component_ref idref="oc-5d4"/>
      </symbol>
      <symbol id="sm-602">
         <name>HL_Test_Point</name>
         <value>0x27a8</value>
         <object_component_ref idref="oc-6d0"/>
      </symbol>
      <symbol id="sm-603">
         <name>AD_Point</name>
         <value>0x2798</value>
         <object_component_ref idref="oc-6d0"/>
      </symbol>
      <symbol id="sm-604">
         <name>HL_Menu_Point</name>
         <value>0x27a0</value>
         <object_component_ref idref="oc-6d0"/>
      </symbol>
      <symbol id="sm-605">
         <name>Monitor_Back</name>
         <value>0x27ae</value>
         <object_component_ref idref="oc-6d0"/>
      </symbol>
      <symbol id="sm-606">
         <name>BACK_COLOR</name>
         <value>0x27b6</value>
         <object_component_ref idref="oc-6d0"/>
      </symbol>
      <symbol id="sm-607">
         <name>LCD_TFT_WriteRAM</name>
         <value>0x10f7a</value>
         <object_component_ref idref="oc-5da"/>
      </symbol>
      <symbol id="sm-608">
         <name>LCD_TFT_DrawLine</name>
         <value>0x106f8</value>
         <object_component_ref idref="oc-50c"/>
      </symbol>
      <symbol id="sm-609">
         <name>Init_Register_LCD_TFT_ILI9325</name>
         <value>0x10000</value>
         <object_component_ref idref="oc-6bf"/>
      </symbol>
      <symbol id="sm-60a">
         <name>Init_GPIO_LCD_TFT_ILI9325</name>
         <value>0x10980</value>
         <object_component_ref idref="oc-6b3"/>
      </symbol>
      <symbol id="sm-60b">
         <name>ILI9325_WriteRegIndex</name>
         <value>0x10f98</value>
         <object_component_ref idref="oc-6a3"/>
      </symbol>
      <symbol id="sm-60c">
         <name>Test_Back</name>
         <value>0x27a6</value>
         <object_component_ref idref="oc-6d0"/>
      </symbol>
      <symbol id="sm-60d">
         <name>LCD_TFT_DrawPoint</name>
         <value>0x11082</value>
         <object_component_ref idref="oc-5c2"/>
      </symbol>
      <symbol id="sm-60e">
         <name>LCD_TFT_WriteReg</name>
         <value>0x110fe</value>
         <object_component_ref idref="oc-69c"/>
      </symbol>
      <symbol id="sm-614">
         <name>LED_Seg_FlagBits</name>
         <value>0x26e6</value>
      </symbol>
      <symbol id="sm-634">
         <name>MatrixKeyFlagBits</name>
         <value>0x26e8</value>
      </symbol>
      <symbol id="sm-635">
         <name>G_MatrixKeyCnt</name>
         <value>0x27d3</value>
         <object_component_ref idref="oc-729"/>
      </symbol>
      <symbol id="sm-636">
         <name>G_KeyValue_Addr</name>
         <value>0x27d8</value>
         <object_component_ref idref="oc-729"/>
      </symbol>
      <symbol id="sm-637">
         <name>G_KeyPlace_Row</name>
         <value>0x27d6</value>
         <object_component_ref idref="oc-729"/>
      </symbol>
      <symbol id="sm-638">
         <name>G_MatrixKeyValue</name>
         <value>0x27d2</value>
         <object_component_ref idref="oc-729"/>
      </symbol>
      <symbol id="sm-639">
         <name>G_TotalKeyNum</name>
         <value>0x27d4</value>
         <object_component_ref idref="oc-729"/>
      </symbol>
      <symbol id="sm-63a">
         <name>pMatrixKeyCnt</name>
         <value>0x27dc</value>
         <object_component_ref idref="oc-729"/>
      </symbol>
      <symbol id="sm-63b">
         <name>pMatrixKeyNullCnt</name>
         <value>0x27dd</value>
         <object_component_ref idref="oc-729"/>
      </symbol>
      <symbol id="sm-63c">
         <name>pLongMatrixKeyCnt</name>
         <value>0x27de</value>
         <object_component_ref idref="oc-729"/>
      </symbol>
      <symbol id="sm-63d">
         <name>pMatrixKeyResult</name>
         <value>0x27da</value>
         <object_component_ref idref="oc-729"/>
      </symbol>
      <symbol id="sm-63e">
         <name>Scan_MatrixKey</name>
         <value>0x10794</value>
         <object_component_ref idref="oc-66f"/>
      </symbol>
      <symbol id="sm-63f">
         <name>G_KeyPlace_Column</name>
         <value>0x27d7</value>
         <object_component_ref idref="oc-729"/>
      </symbol>
      <symbol id="sm-640">
         <name>pMatrixKeyBuffer</name>
         <value>0x27db</value>
         <object_component_ref idref="oc-729"/>
      </symbol>
      <symbol id="sm-641">
         <name>G_DecimalPoint</name>
         <value>0x27d5</value>
         <object_component_ref idref="oc-729"/>
      </symbol>
      <symbol id="sm-64b">
         <name>NTC_TMP_FlagBits</name>
         <value>0x26ea</value>
      </symbol>
      <symbol id="sm-65f">
         <name>Send_OneByte_SPI_B</name>
         <value>0x10fd2</value>
         <object_component_ref idref="oc-6aa"/>
      </symbol>
      <symbol id="sm-660">
         <name>Initial_SPI_B</name>
         <value>0x10d20</value>
         <object_component_ref idref="oc-753"/>
      </symbol>
      <symbol id="sm-69d">
         <name>SpeakerFlagBits</name>
         <value>0x26ec</value>
      </symbol>
      <symbol id="sm-69e">
         <name>sin_table</name>
         <value>0x26b6</value>
      </symbol>
      <symbol id="sm-69f">
         <name>sin_data_pr</name>
         <value>0x26ce</value>
      </symbol>
      <symbol id="sm-6a0">
         <name>period_table</name>
         <value>0x2668</value>
      </symbol>
      <symbol id="sm-6a1">
         <name>key</name>
         <value>0x2702</value>
      </symbol>
      <symbol id="sm-6a2">
         <name>m</name>
         <value>0x2704</value>
      </symbol>
      <symbol id="sm-6a3">
         <name>n</name>
         <value>0x2706</value>
      </symbol>
      <symbol id="sm-6a4">
         <name>k</name>
         <value>0x2700</value>
      </symbol>
      <symbol id="sm-6a5">
         <name>G_Timing_Speaker_Cnt</name>
         <value>0x280c</value>
         <object_component_ref idref="oc-717"/>
      </symbol>
      <symbol id="sm-6a6">
         <name>Deal_Song_Beat_Speaker</name>
         <value>0x1090e</value>
         <object_component_ref idref="oc-4dc"/>
      </symbol>
      <symbol id="sm-6a7">
         <name>Disable_Speaker</name>
         <value>0x10e9c</value>
         <object_component_ref idref="oc-71a"/>
      </symbol>
      <symbol id="sm-6a8">
         <name>song_tone_table</name>
         <value>0x2708</value>
         <object_component_ref idref="oc-572"/>
      </symbol>
      <symbol id="sm-6a9">
         <name>Check_Buzz_Speaker</name>
         <value>0x10e4c</value>
         <object_component_ref idref="oc-665"/>
      </symbol>
      <symbol id="sm-6aa">
         <name>Deal_Song_Tone_Speaker</name>
         <value>0x10d94</value>
         <object_component_ref idref="oc-4f5"/>
      </symbol>
      <symbol id="sm-6ab">
         <name>Deal_Buzz_Speaker</name>
         <value>0x10dcc</value>
         <object_component_ref idref="oc-4ef"/>
      </symbol>
      <symbol id="sm-6ac">
         <name>song_long_table</name>
         <value>0x2768</value>
         <object_component_ref idref="oc-56d"/>
      </symbol>
      <symbol id="sm-6e7">
         <name>Step_Motor_FlagBits</name>
         <value>0x26ee</value>
      </symbol>
      <symbol id="sm-6e8">
         <name>Enable_Step_Motor</name>
         <value>0x1106c</value>
         <object_component_ref idref="oc-647"/>
      </symbol>
      <symbol id="sm-6e9">
         <name>Positive_Step_Motor</name>
         <value>0x103fa</value>
         <object_component_ref idref="oc-55f"/>
      </symbol>
      <symbol id="sm-6ea">
         <name>Reverse_Step_Motor</name>
         <value>0x10522</value>
         <object_component_ref idref="oc-55c"/>
      </symbol>
      <symbol id="sm-6eb">
         <name>G_Step_WorkState</name>
         <value>0x2808</value>
         <object_component_ref idref="oc-553"/>
      </symbol>
      <symbol id="sm-6ec">
         <name>G_Step_Speed</name>
         <value>0x2806</value>
         <object_component_ref idref="oc-553"/>
      </symbol>
      <symbol id="sm-6ed">
         <name>Deal_Step_Motor</name>
         <value>0x1103c</value>
         <object_component_ref idref="oc-4cb"/>
      </symbol>
      <symbol id="sm-744">
         <name>TimeFlag1Bits</name>
         <value>0x26f0</value>
      </symbol>
      <symbol id="sm-745">
         <name>TimeFlag2Bits</name>
         <value>0x26f2</value>
      </symbol>
      <symbol id="sm-746">
         <name>System_500ms_Task</name>
         <value>0x10b40</value>
         <object_component_ref idref="oc-5a7"/>
      </symbol>
      <symbol id="sm-747">
         <name>System_100ms_Task</name>
         <value>0x10fee</value>
         <object_component_ref idref="oc-59b"/>
      </symbol>
      <symbol id="sm-748">
         <name>G_MainState</name>
         <value>0x27ca</value>
         <object_component_ref idref="oc-4d2"/>
      </symbol>
      <symbol id="sm-749">
         <name>G_250msCnt</name>
         <value>0x27c2</value>
         <object_component_ref idref="oc-4d2"/>
      </symbol>
      <symbol id="sm-74a">
         <name>System_10ms_Task</name>
         <value>0x10f36</value>
         <object_component_ref idref="oc-595"/>
      </symbol>
      <symbol id="sm-74b">
         <name>Timing_In_Work</name>
         <value>0x10eec</value>
         <object_component_ref idref="oc-5b3"/>
      </symbol>
      <symbol id="sm-74c">
         <name>G_1sCnt</name>
         <value>0x27c6</value>
         <object_component_ref idref="oc-4d2"/>
      </symbol>
      <symbol id="sm-74d">
         <name>G_1ms_Case</name>
         <value>0x27c8</value>
         <object_component_ref idref="oc-4d2"/>
      </symbol>
      <symbol id="sm-74e">
         <name>G_10msCnt</name>
         <value>0x27c0</value>
         <object_component_ref idref="oc-4d2"/>
      </symbol>
      <symbol id="sm-74f">
         <name>G_100msCnt</name>
         <value>0x27c1</value>
         <object_component_ref idref="oc-4d2"/>
      </symbol>
      <symbol id="sm-750">
         <name>G_Timing_InWork_Cnt</name>
         <value>0x27bc</value>
         <object_component_ref idref="oc-4d2"/>
      </symbol>
      <symbol id="sm-751">
         <name>System_Timing_Task</name>
         <value>0x10df8</value>
         <object_component_ref idref="oc-589"/>
      </symbol>
      <symbol id="sm-752">
         <name>G_Last_WorkState</name>
         <value>0x27d0</value>
         <object_component_ref idref="oc-4d2"/>
      </symbol>
      <symbol id="sm-753">
         <name>System_1s_Task</name>
         <value>0x10ec4</value>
         <object_component_ref idref="oc-5ad"/>
      </symbol>
      <symbol id="sm-754">
         <name>System_250ms_Task</name>
         <value>0x10c64</value>
         <object_component_ref idref="oc-5a1"/>
      </symbol>
      <symbol id="sm-755">
         <name>System_1ms_Task</name>
         <value>0x10a46</value>
         <object_component_ref idref="oc-58f"/>
      </symbol>
      <symbol id="sm-756">
         <name>G_500msCnt</name>
         <value>0x27c4</value>
         <object_component_ref idref="oc-4d2"/>
      </symbol>
      <symbol id="sm-757">
         <name>G_TimingCnt</name>
         <value>0x27b8</value>
         <object_component_ref idref="oc-4d2"/>
      </symbol>
      <symbol id="sm-758">
         <name>G_WorkState</name>
         <value>0x27ce</value>
         <object_component_ref idref="oc-4d2"/>
      </symbol>
      <symbol id="sm-759">
         <name>System_Clock</name>
         <value>0x10f58</value>
         <object_component_ref idref="oc-4fc"/>
      </symbol>
      <symbol id="sm-75a">
         <name>G_Last_MainState</name>
         <value>0x27cc</value>
         <object_component_ref idref="oc-4d2"/>
      </symbol>
      <symbol id="sm-799">
         <name>Read_MatrixKey_TM1638</name>
         <value>0x102b6</value>
         <object_component_ref idref="oc-723"/>
      </symbol>
      <symbol id="sm-7a6">
         <name>G_RxData_RS232</name>
         <value>0x27f7</value>
         <object_component_ref idref="oc-4d8"/>
      </symbol>
      <symbol id="sm-7ad">
         <name>G_RxData_RS485</name>
         <value>0x2805</value>
         <object_component_ref idref="oc-4d5"/>
      </symbol>
      <symbol id="sm-7bc">
         <name>__mspabi_remu</name>
         <value>0x11098</value>
         <object_component_ref idref="oc-507"/>
      </symbol>
      <symbol id="sm-7bd">
         <name>__mspabi_divu</name>
         <value>0x11098</value>
         <object_component_ref idref="oc-507"/>
      </symbol>
      <symbol id="sm-7c6">
         <name>__TI_int38</name>
         <value>0xffcc</value>
         <object_component_ref idref="oc-7e"/>
      </symbol>
      <symbol id="sm-7c9">
         <name>__TI_int39</name>
         <value>0xffce</value>
         <object_component_ref idref="oc-7f"/>
      </symbol>
      <symbol id="sm-7cc">
         <name>__TI_int41</name>
         <value>0xffd2</value>
         <object_component_ref idref="oc-81"/>
      </symbol>
      <symbol id="sm-7cf">
         <name>__TI_int42</name>
         <value>0xffd4</value>
         <object_component_ref idref="oc-82"/>
      </symbol>
      <symbol id="sm-7d2">
         <name>__TI_int43</name>
         <value>0xffd6</value>
         <object_component_ref idref="oc-83"/>
      </symbol>
      <symbol id="sm-7d5">
         <name>__TI_int44</name>
         <value>0xffd8</value>
         <object_component_ref idref="oc-84"/>
      </symbol>
      <symbol id="sm-7d8">
         <name>__TI_int45</name>
         <value>0xffda</value>
         <object_component_ref idref="oc-85"/>
      </symbol>
      <symbol id="sm-7db">
         <name>__TI_int47</name>
         <value>0xffde</value>
         <object_component_ref idref="oc-87"/>
      </symbol>
      <symbol id="sm-7de">
         <name>__TI_int50</name>
         <value>0xffe4</value>
         <object_component_ref idref="oc-8a"/>
      </symbol>
      <symbol id="sm-7e1">
         <name>__TI_int51</name>
         <value>0xffe6</value>
         <object_component_ref idref="oc-8b"/>
      </symbol>
      <symbol id="sm-7e4">
         <name>__TI_int53</name>
         <value>0xffea</value>
         <object_component_ref idref="oc-8d"/>
      </symbol>
      <symbol id="sm-7e7">
         <name>__TI_int55</name>
         <value>0xffee</value>
         <object_component_ref idref="oc-8f"/>
      </symbol>
      <symbol id="sm-7ea">
         <name>__TI_int56</name>
         <value>0xfff0</value>
         <object_component_ref idref="oc-90"/>
      </symbol>
      <symbol id="sm-7ed">
         <name>__TI_int57</name>
         <value>0xfff2</value>
         <object_component_ref idref="oc-91"/>
      </symbol>
      <symbol id="sm-7f0">
         <name>__TI_int58</name>
         <value>0xfff4</value>
         <object_component_ref idref="oc-92"/>
      </symbol>
      <symbol id="sm-7f3">
         <name>__TI_int59</name>
         <value>0xfff6</value>
         <object_component_ref idref="oc-93"/>
      </symbol>
      <symbol id="sm-7f6">
         <name>__TI_int60</name>
         <value>0xfff8</value>
         <object_component_ref idref="oc-94"/>
      </symbol>
      <symbol id="sm-7f9">
         <name>__TI_int61</name>
         <value>0xfffa</value>
         <object_component_ref idref="oc-95"/>
      </symbol>
      <symbol id="sm-7fc">
         <name>__TI_int62</name>
         <value>0xfffc</value>
         <object_component_ref idref="oc-96"/>
      </symbol>
      <symbol id="sm-804">
         <name>__TI_ISR_TRAP</name>
         <value>0x81d2</value>
         <object_component_ref idref="oc-450"/>
      </symbol>
      <symbol id="sm-80f">
         <name>__mspabi_mpyi_f5hw</name>
         <value>0x11054</value>
         <object_component_ref idref="oc-642"/>
      </symbol>
      <symbol id="sm-824">
         <name>_stack</name>
         <value>0x6360</value>
         <object_component_ref idref="oc-42e"/>
      </symbol>
      <symbol id="sm-825">
         <name>_c_int00_noargs</name>
         <value>0x8182</value>
         <object_component_ref idref="oc-48b"/>
      </symbol>
      <symbol id="sm-826">
         <name>_reset_vector</name>
         <value>0xfffe</value>
         <object_component_ref idref="oc-431"/>
      </symbol>
      <symbol id="sm-849">
         <name>__TI_auto_init_nobinit_nopinit_hold_wdt</name>
         <value>0x10a9a</value>
         <object_component_ref idref="oc-620"/>
      </symbol>
      <symbol id="sm-85c">
         <name>__TI_zero_init_nomemset</name>
         <value>0x10f12</value>
         <object_component_ref idref="oc-479"/>
      </symbol>
      <symbol id="sm-86d">
         <name>_system_pre_init</name>
         <value>0x11148</value>
         <object_component_ref idref="oc-526"/>
      </symbol>
      <symbol id="sm-876">
         <name>_system_post_cinit</name>
         <value>0x1114c</value>
         <object_component_ref idref="oc-6e6"/>
      </symbol>
      <symbol id="sm-887">
         <name>__TI_decompress_none</name>
         <value>0x11126</value>
         <object_component_ref idref="oc-77"/>
      </symbol>
      <symbol id="sm-8aa">
         <name>__TI_decompress_lzss</name>
         <value>0x10898</value>
         <object_component_ref idref="oc-71"/>
      </symbol>
      <symbol id="sm-8c4">
         <name>C$$EXIT</name>
         <value>0x11142</value>
         <object_component_ref idref="oc-5fc"/>
      </symbol>
      <symbol id="sm-8c5">
         <name>abort</name>
         <value>0x11142</value>
         <object_component_ref idref="oc-5fc"/>
      </symbol>
      <symbol id="sm-8d5">
         <name>memcpy</name>
         <value>0x11112</value>
         <object_component_ref idref="oc-43d"/>
      </symbol>
   </symbol_table>
   <title>Link successful</title>
</link_info>
